Component: ARM Compiler 5.06 update 6 (build 750) Tool: armlink [4d35ed]

==============================================================================

Section Cross References

    startup_stm32f427xx.o(STACK) refers (Special) to heapauxi.o(.text) for __use_two_region_memory
    startup_stm32f427xx.o(HEAP) refers (Special) to heapauxi.o(.text) for __use_two_region_memory
    startup_stm32f427xx.o(RESET) refers (Special) to heapauxi.o(.text) for __use_two_region_memory
    startup_stm32f427xx.o(RESET) refers to startup_stm32f427xx.o(STACK) for __initial_sp
    startup_stm32f427xx.o(RESET) refers to startup_stm32f427xx.o(.text) for Reset_Handler
    startup_stm32f427xx.o(RESET) refers to stm32f4xx_it.o(i.NMI_Handler) for NMI_Handler
    startup_stm32f427xx.o(RESET) refers to stm32f4xx_it.o(i.HardFault_Handler) for HardFault_Handler
    startup_stm32f427xx.o(RESET) refers to stm32f4xx_it.o(i.MemManage_Handler) for MemManage_Handler
    startup_stm32f427xx.o(RESET) refers to stm32f4xx_it.o(i.BusFault_Handler) for BusFault_Handler
    startup_stm32f427xx.o(RESET) refers to stm32f4xx_it.o(i.UsageFault_Handler) for UsageFault_Handler
    startup_stm32f427xx.o(RESET) refers to port.o(.emb_text) for SVC_Handler
    startup_stm32f427xx.o(RESET) refers to stm32f4xx_it.o(i.DebugMon_Handler) for DebugMon_Handler
    startup_stm32f427xx.o(RESET) refers to stm32f4xx_it.o(i.SysTick_Handler) for SysTick_Handler
    startup_stm32f427xx.o(RESET) refers to stm32f4xx_it.o(i.DMA1_Stream5_IRQHandler) for DMA1_Stream5_IRQHandler
    startup_stm32f427xx.o(RESET) refers to stm32f4xx_it.o(i.DMA1_Stream6_IRQHandler) for DMA1_Stream6_IRQHandler
    startup_stm32f427xx.o(RESET) refers to stm32f4xx_it.o(i.CAN1_RX0_IRQHandler) for CAN1_RX0_IRQHandler
    startup_stm32f427xx.o(RESET) refers to stm32f4xx_it.o(i.USART1_IRQHandler) for USART1_IRQHandler
    startup_stm32f427xx.o(RESET) refers to referee_usart_task.o(i.USART2_IRQHandler) for USART2_IRQHandler
    startup_stm32f427xx.o(RESET) refers to stm32f4xx_it.o(i.DMA2_Stream1_IRQHandler) for DMA2_Stream1_IRQHandler
    startup_stm32f427xx.o(RESET) refers to stm32f4xx_it.o(i.DMA2_Stream2_IRQHandler) for DMA2_Stream2_IRQHandler
    startup_stm32f427xx.o(RESET) refers to stm32f4xx_it.o(i.CAN2_RX0_IRQHandler) for CAN2_RX0_IRQHandler
    startup_stm32f427xx.o(RESET) refers to stm32f4xx_it.o(i.DMA2_Stream6_IRQHandler) for DMA2_Stream6_IRQHandler
    startup_stm32f427xx.o(RESET) refers to bsp_usart.o(i.USART6_IRQHandler) for USART6_IRQHandler
    startup_stm32f427xx.o(RESET) refers to stm32f4xx_it.o(i.UART7_IRQHandler) for UART7_IRQHandler
    startup_stm32f427xx.o(RESET) refers to stm32f4xx_it.o(i.UART8_IRQHandler) for UART8_IRQHandler
    startup_stm32f427xx.o(.text) refers (Special) to heapauxi.o(.text) for __use_two_region_memory
    startup_stm32f427xx.o(.text) refers to system_stm32f4xx.o(i.SystemInit) for SystemInit
    startup_stm32f427xx.o(.text) refers to __main.o(!!!main) for __main
    startup_stm32f427xx.o(.text) refers to startup_stm32f427xx.o(HEAP) for Heap_Mem
    startup_stm32f427xx.o(.text) refers to startup_stm32f427xx.o(STACK) for Stack_Mem
    main.o(i.SystemClock_Config) refers to rt_memclr_w.o(.text) for __aeabi_memclr4
    main.o(i.SystemClock_Config) refers to stm32f4xx_hal_rcc.o(i.HAL_RCC_OscConfig) for HAL_RCC_OscConfig
    main.o(i.SystemClock_Config) refers to stm32f4xx_hal_rcc.o(i.HAL_RCC_ClockConfig) for HAL_RCC_ClockConfig
    main.o(i.main) refers to stm32f4xx_hal.o(i.HAL_Init) for HAL_Init
    main.o(i.main) refers to main.o(i.SystemClock_Config) for SystemClock_Config
    main.o(i.main) refers to gpio.o(i.MX_GPIO_Init) for MX_GPIO_Init
    main.o(i.main) refers to dma.o(i.MX_DMA_Init) for MX_DMA_Init
    main.o(i.main) refers to can.o(i.MX_CAN1_Init) for MX_CAN1_Init
    main.o(i.main) refers to can.o(i.MX_CAN2_Init) for MX_CAN2_Init
    main.o(i.main) refers to tim.o(i.MX_TIM4_Init) for MX_TIM4_Init
    main.o(i.main) refers to usart.o(i.MX_USART1_UART_Init) for MX_USART1_UART_Init
    main.o(i.main) refers to tim.o(i.MX_TIM12_Init) for MX_TIM12_Init
    main.o(i.main) refers to usart.o(i.MX_UART7_Init) for MX_UART7_Init
    main.o(i.main) refers to tim.o(i.MX_TIM2_Init) for MX_TIM2_Init
    main.o(i.main) refers to usart.o(i.MX_USART6_UART_Init) for MX_USART6_UART_Init
    main.o(i.main) refers to usart.o(i.MX_USART2_UART_Init) for MX_USART2_UART_Init
    main.o(i.main) refers to usart.o(i.MX_UART8_Init) for MX_UART8_Init
    main.o(i.main) refers to usart.o(i.MX_UART4_Init) for MX_UART4_Init
    main.o(i.main) refers to usart.o(i.MX_UART5_Init) for MX_UART5_Init
    main.o(i.main) refers to remote_control.o(i.remote_control_init) for remote_control_init
    main.o(i.main) refers to bsp_can.o(i.can_filter_init) for can_filter_init
    main.o(i.main) refers to stm32f4xx_hal_tim.o(i.HAL_TIM_Base_Start) for HAL_TIM_Base_Start
[...]
    HAL_TIMEx_MasterConfigSynchronization    0x08002a29   Thumb Code   154  stm32f4xx_hal_tim_ex.o(i.HAL_TIMEx_MasterConfigSynchronization)
    HAL_TIM_Base_Init                        0x08002ac3   Thumb Code    92  stm32f4xx_hal_tim.o(i.HAL_TIM_Base_Init)
    HAL_TIM_Base_MspInit                     0x08002b21   Thumb Code    74  tim.o(i.HAL_TIM_Base_MspInit)
    HAL_TIM_Base_Start                       0x08002b79   Thumb Code   128  stm32f4xx_hal_tim.o(i.HAL_TIM_Base_Start)
    HAL_TIM_ConfigClockSource                0x08002bf9   Thumb Code   234  stm32f4xx_hal_tim.o(i.HAL_TIM_ConfigClockSource)
    HAL_TIM_MspPostInit                      0x08002ce5   Thumb Code   150  tim.o(i.HAL_TIM_MspPostInit)
    HAL_TIM_PWM_ConfigChannel                0x08002d95   Thumb Code   216  stm32f4xx_hal_tim.o(i.HAL_TIM_PWM_ConfigChannel)
    HAL_TIM_PWM_Init                         0x08002e6d   Thumb Code    92  stm32f4xx_hal_tim.o(i.HAL_TIM_PWM_Init)
    HAL_TIM_PWM_MspInit                      0x08002ec9   Thumb Code     2  stm32f4xx_hal_tim.o(i.HAL_TIM_PWM_MspInit)
    HAL_TIM_PWM_Start                        0x08002ecd   Thumb Code   210  stm32f4xx_hal_tim.o(i.HAL_TIM_PWM_Start)
    HAL_UARTEx_RxEventCallback               0x08002fa9   Thumb Code     2  stm32f4xx_hal_uart.o(i.HAL_UARTEx_RxEventCallback)
    HAL_UART_ErrorCallback                   0x08002fab   Thumb Code     2  stm32f4xx_hal_uart.o(i.HAL_UART_ErrorCallback)
    HAL_UART_IRQHandler                      0x08002fad   Thumb Code   604  stm32f4xx_hal_uart.o(i.HAL_UART_IRQHandler)
    HAL_UART_Init                            0x0800320d   Thumb Code   100  stm32f4xx_hal_uart.o(i.HAL_UART_Init)
    HAL_UART_MspInit                         0x08003271   Thumb Code   828  usart.o(i.HAL_UART_MspInit)
    HAL_UART_RxCpltCallback                  0x080035f1   Thumb Code     2  stm32f4xx_hal_uart.o(i.HAL_UART_RxCpltCallback)
    HAL_UART_TxCpltCallback                  0x080035f3   Thumb Code     2  stm32f4xx_hal_uart.o(i.HAL_UART_TxCpltCallback)
    HardFault_Handler                        0x080035f5   Thumb Code     2  stm32f4xx_it.o(i.HardFault_Handler)
    Joint6D_Init                             0x080035f9   Thumb Code   544  6dof_kinematic.o(i.Joint6D_Init)
    MX_CAN1_Init                             0x08003821   Thumb Code    60  can.o(i.MX_CAN1_Init)
    MX_CAN2_Init                             0x08003865   Thumb Code    60  can.o(i.MX_CAN2_Init)
    MX_DMA_Init                              0x080038a9   Thumb Code   120  dma.o(i.MX_DMA_Init)
    MX_FREERTOS_Init                         0x08003925   Thumb Code    96  freertos.o(i.MX_FREERTOS_Init)
    MX_GPIO_Init                             0x0800398d   Thumb Code   386  gpio.o(i.MX_GPIO_Init)
    MX_TIM12_Init                            0x08003b31   Thumb Code   120  tim.o(i.MX_TIM12_Init)
    MX_TIM2_Init                             0x08003bb1   Thumb Code   162  tim.o(i.MX_TIM2_Init)
    MX_TIM4_Init                             0x08003c59   Thumb Code   192  tim.o(i.MX_TIM4_Init)
    MX_UART4_Init                            0x08003d21   Thumb Code    48  usart.o(i.MX_UART4_Init)
    MX_UART5_Init                            0x08003d59   Thumb Code    48  usart.o(i.MX_UART5_Init)
    MX_UART7_Init                            0x08003d91   Thumb Code    48  usart.o(i.MX_UART7_Init)
    MX_UART8_Init                            0x08003dc9   Thumb Code    48  usart.o(i.MX_UART8_Init)
    MX_USART1_UART_Init                      0x08003e01   Thumb Code    50  usart.o(i.MX_USART1_UART_Init)
    MX_USART2_UART_Init                      0x08003e41   Thumb Code    48  usart.o(i.MX_USART2_UART_Init)
    MX_USART6_UART_Init                      0x08003e79   Thumb Code    48  usart.o(i.MX_USART6_UART_Init)
    MemManage_Handler                        0x08003eb1   Thumb Code     2  stm32f4xx_it.o(i.MemManage_Handler)
    MoveL                                    0x08003eb5   Thumb Code   910  arm_control_task.o(i.MoveL)
    NMI_Handler                              0x08004295   Thumb Code     2  stm32f4xx_it.o(i.NMI_Handler)
    OLS_Derivative                           0x08004299   Thumb Code   494  user_lib.o(i.OLS_Derivative)
    OLS_Init                                 0x0800448d   Thumb Code    66  user_lib.o(i.OLS_Init)
    PID_Calculate                            0x080044cf   Thumb Code   612  controller.o(i.PID_Calculate)
    PID_Calculate_Angle                      0x08004735   Thumb Code   624  controller.o(i.PID_Calculate_Angle)
    PID_Init                                 0x080049ad   Thumb Code   110  controller.o(i.PID_Init)
    RC_init                                  0x08004b59   Thumb Code    84  bsp_rc.o(i.RC_init)
    Sign                                     0x08004dc5   Thumb Code    38  td.o(i.Sign)
    SolveIK                                  0x08004df1   Thumb Code  1790  6dof_kinematic.o(i.SolveIK)
    SysTick_Handler                          0x0800550d   Thumb Code    24  stm32f4xx_it.o(i.SysTick_Handler)
    SystemClock_Config                       0x08005525   Thumb Code   140  main.o(i.SystemClock_Config)
    SystemInit                               0x080055b9   Thumb Code    12  system_stm32f4xx.o(i.SystemInit)
    TD_calc                                  0x080055c9   Thumb Code   322  td.o(i.TD_calc)
    TD_calc_angle                            0x08005715   Thumb Code   394  td.o(i.TD_calc_angle)
    TD_init                                  0x080058b9   Thumb Code    30  td.o(i.TD_init)
    TD_set_x                                 0x080058dd   Thumb Code     6  td.o(i.TD_set_x)
    TIM_Base_SetConfig                       0x080058e5   Thumb Code   182  stm32f4xx_hal_tim.o(i.TIM_Base_SetConfig)
    TIM_CCxChannelCmd                        0x080059b1   Thumb Code    30  stm32f4xx_hal_tim.o(i.TIM_CCxChannelCmd)
    TIM_ETR_SetConfig                        0x080059cf   Thumb Code    22  stm32f4xx_hal_tim.o(i.TIM_ETR_SetConfig)
    TIM_OC2_SetConfig                        0x08005a65   Thumb Code   112  stm32f4xx_hal_tim.o(i.TIM_OC2_SetConfig)
    UART7_IRQHandler                         0x08005bf9   Thumb Code     6  stm32f4xx_it.o(i.UART7_IRQHandler)
    UART8_IRQHandler                         0x08005c05   Thumb Code    26  stm32f4xx_it.o(i.UART8_IRQHandler)
    USART1_IRQHandler                        0x08005ec1   Thumb Code    16  stm32f4xx_it.o(i.USART1_IRQHandler)
    USART2_IRQHandler                        0x08005ed5   Thumb Code   126  referee_usart_task.o(i.USART2_IRQHandler)
    USART6_IRQHandler                        0x08005f69   Thumb Code   142  bsp_usart.o(i.USART6_IRQHandler)
    UsageFault_Handler                       0x0800600d   Thumb Code     2  stm32f4xx_it.o(i.UsageFault_Handler)
    __ARM_fpclassifyf                        0x0800600f   Thumb Code    38  fpclassifyf.o(i.__ARM_fpclassifyf)
    __hardfp_acos                            0x08006039   Thumb Code   738  acos.o(i.__hardfp_acos)
    __hardfp_atan2f                          0x08006391   Thumb Code   502  atan2f.o(i.__hardfp_atan2f)
    __hardfp_cosf                            0x080065e1   Thumb Code     4  6dof_kinematic.o(i.__hardfp_cosf)
    __hardfp_sinf                            0x080065e5   Thumb Code     4  6dof_kinematic.o(i.__hardfp_sinf)
    __hardfp_sqrt                            0x080065e9   Thumb Code   122  sqrt_full.o(i.__hardfp_sqrt)
    __hardfp_sqrtf                           0x08006663   Thumb Code    58  sqrtf_full.o(i.__hardfp_sqrtf)
    __kernel_poly                            0x0800669d   Thumb Code   248  poly.o(i.__kernel_poly)
    __mathlib_dbl_infnan                     0x08006795   Thumb Code    20  dunder.o(i.__mathlib_dbl_infnan)
    __mathlib_dbl_invalid                    0x080067a9   Thumb Code    24  dunder.o(i.__mathlib_dbl_invalid)
    __mathlib_flt_infnan2                    0x080067c9   Thumb Code     6  funder.o(i.__mathlib_flt_infnan2)
    __mathlib_flt_underflow                  0x080067d1   Thumb Code    10  funder.o(i.__mathlib_flt_underflow)
    _sys_exit                                0x080067e1   Thumb Code     2  usart.o(i._sys_exit)
    _ttywrch                                 0x080067e3   Thumb Code     2  usart.o(i._ttywrch)
    arm_control_task                         0x08007339   Thumb Code    80  arm_control_task.o(i.arm_control_task)
    can_filter_init                          0x08007419   Thumb Code    80  bsp_can.o(i.can_filter_init)
    chassis_rc_to_control_vector             0x08007c01   Thumb Code   536  chassis_task.o(i.chassis_rc_to_control_vector)
    chassis_task                             0x08008281   Thumb Code   198  chassis_task.o(i.chassis_task)
    fifo_s_get                               0x08008777   Thumb Code    44  fifo.o(i.fifo_s_get)
    fifo_s_init                              0x080087a3   Thumb Code    22  fifo.o(i.fifo_s_init)
    fifo_s_puts                              0x080087b9   Thumb Code   124  fifo.o(i.fifo_s_puts)
    fifo_s_used                              0x08008835   Thumb Code     4  fifo.o(i.fifo_s_used)
    first_order_filter_cali                  0x08008839   Thumb Code    78  user_lib.o(i.first_order_filter_cali)
    first_order_filter_init                  0x08008887   Thumb Code    18  user_lib.o(i.first_order_filter_init)
    float_to_uint                            0x08008899   Thumb Code    40  can_receive.o(i.float_to_uint)
    fp32_constrain                           0x080088c1   Thumb Code    32  user_lib.o(i.fp32_constrain)
    fsg                                      0x080088e1   Thumb Code    40  td.o(i.fsg)
    get_chassis_motor_point                  0x08008909   Thumb Code    16  can_receive.o(i.get_chassis_motor_point)
    get_clamp_motor_point                    0x0800891d   Thumb Code     4  can_receive.o(i.get_clamp_motor_point)
    get_crc16_check_sum                      0x08008925   Thumb Code    38  protocol.o(i.get_crc16_check_sum)
    get_crc8_check_sum                       0x08008951   Thumb Code    24  protocol.o(i.get_crc8_check_sum)
    get_lift_motor_point                     0x0800896d   Thumb Code     4  can_receive.o(i.get_lift_motor_point)
    get_picture_motor_point                  0x08008975   Thumb Code     4  can_receive.o(i.get_picture_motor_point)
    get_remote_control_point                 0x0800897d   Thumb Code     4  remote_control.o(i.get_remote_control_point)
    init_referee_struct_data                 0x08008995   Thumb Code    34  referee.o(i.init_referee_struct_data)
    int16_constrain                          0x080089c1   Thumb Code    16  user_lib.o(i.int16_constrain)
    key_init                                 0x080089d1   Thumb Code    14  keyboard.o(i.key_init)
    key_itself_press_num                     0x080089df   Thumb Code    90  keyboard.o(i.key_itself_press_num)
    key_press                                0x08008a39   Thumb Code   130  keyboard.o(i.key_press)
    loop_fp32_constrain                      0x08008ac1   Thumb Code    70  user_lib.o(i.loop_fp32_constrain)
    main                                     0x08008b09   Thumb Code   156  main.o(i.main)
    osDelay                                  0x08008bb9   Thumb Code    16  cmsis_os.o(i.osDelay)
    osKernelStart                            0x08008bc9   Thumb Code    10  cmsis_os.o(i.osKernelStart)
    osKernelSysTick                          0x08008bd3   Thumb Code    24  cmsis_os.o(i.osKernelSysTick)
    osThreadCreate                           0x08008beb   Thumb Code    92  cmsis_os.o(i.osThreadCreate)
    pvPortMalloc                             0x08009495   Thumb Code   224  heap_4.o(i.pvPortMalloc)
    pxPortInitialiseStack                    0x0800957d   Thumb Code    38  port.o(i.pxPortInitialiseStack)
    referee_data_solve                       0x080095a9   Thumb Code    80  referee.o(i.referee_data_solve)
    referee_usart_task                       0x0800972d   Thumb Code    44  referee_usart_task.o(i.referee_usart_task)
    remote_control_init                      0x08009761   Thumb Code    12  remote_control.o(i.remote_control_init)
    sqrt                                     0x08009893   Thumb Code   110  sqrt_full.o(i.sqrt)
    uart5_init                               0x08009901   Thumb Code    22  bsp_usart.o(i.uart5_init)
    uart6_init                               0x0800991d   Thumb Code    14  bsp_usart.o(i.uart6_init)
    uart7_init                               0x08009931   Thumb Code    22  bsp_usart.o(i.uart7_init)
    uart8_init                               0x0800994d   Thumb Code    22  bsp_usart.o(i.uart8_init)
    uint_to_float                            0x08009969   Thumb Code    40  can_receive.o(i.uint_to_float)
    usart1_IRQHandler                        0x08009991   Thumb Code   142  remote_control.o(i.usart1_IRQHandler)
    usart2_init                              0x08009a39   Thumb Code   160  bsp_usart.o(i.usart2_init)
    usart6_init                              0x08009af1   Thumb Code   160  bsp_usart.o(i.usart6_init)
    uxListRemove                             0x08009ba9   Thumb Code    38  list.o(i.uxListRemove)
    vApplicationGetIdleTaskMemory            0x08009bd1   Thumb Code    16  freertos.o(i.vApplicationGetIdleTaskMemory)
    vApplicationGetTimerTaskMemory           0x08009be5   Thumb Code    18  freertos.o(i.vApplicationGetTimerTaskMemory)
    vListInitialise                          0x08009bfd   Thumb Code    22  list.o(i.vListInitialise)
    vListInitialiseItem                      0x08009c13   Thumb Code     6  list.o(i.vListInitialiseItem)
    vListInsert                              0x08009c19   Thumb Code    54  list.o(i.vListInsert)
    vListInsertEnd                           0x08009c4f   Thumb Code    24  list.o(i.vListInsertEnd)
    vPortEnterCritical                       0x08009c69   Thumb Code    54  port.o(i.vPortEnterCritical)
    vPortExitCritical                        0x08009ca9   Thumb Code    38  port.o(i.vPortExitCritical)
    vPortFree                                0x08009cd5   Thumb Code    94  heap_4.o(i.vPortFree)
    vPortSetupTimerInterrupt                 0x08009d39   Thumb Code    32  port.o(i.vPortSetupTimerInterrupt)
    vPortValidateInterruptPriority           0x08009d5d   Thumb Code    74  port.o(i.vPortValidateInterruptPriority)
    vQueueAddToRegistry                      0x08009db1   Thumb Code    34  queue.o(i.vQueueAddToRegistry)
    vQueueWaitForMessageRestricted           0x08009dd9   Thumb Code    74  queue.o(i.vQueueWaitForMessageRestricted)
    vTaskDelay                               0x08009e25   Thumb Code    70  tasks.o(i.vTaskDelay)
    vTaskInternalSetTimeOutState             0x08009e75   Thumb Code    12  tasks.o(i.vTaskInternalSetTimeOutState)
    vTaskMissedYield                         0x08009e85   Thumb Code     8  tasks.o(i.vTaskMissedYield)
    vTaskPlaceOnEventList                    0x08009e91   Thumb Code    48  tasks.o(i.vTaskPlaceOnEventList)
    vTaskPlaceOnEventListRestricted          0x08009ec5   Thumb Code    54  tasks.o(i.vTaskPlaceOnEventListRestricted)
    vTaskStartScheduler                      0x08009f01   Thumb Code   128  tasks.o(i.vTaskStartScheduler)
    vTaskSuspendAll                          0x08009f91   Thumb Code    10  tasks.o(i.vTaskSuspendAll)
    vTaskSwitchContext                       0x08009fa1   Thumb Code    86  tasks.o(i.vTaskSwitchContext)
    verify_crc16_check_sum                   0x0800a001   Thumb Code    54  protocol.o(i.verify_crc16_check_sum)
    verify_crc8_check_sum                    0x0800a03d   Thumb Code    42  protocol.o(i.verify_crc8_check_sum)
    xPortStartScheduler                      0x0800a069   Thumb Code   232  port.o(i.xPortStartScheduler)
    xPortSysTickHandler                      0x0800a16d   Thumb Code    38  port.o(i.xPortSysTickHandler)
    xQueueGenericCreateStatic                0x0800a199   Thumb Code   112  queue.o(i.xQueueGenericCreateStatic)
    xQueueGenericReset                       0x0800a209   Thumb Code   138  queue.o(i.xQueueGenericReset)
    xQueueGenericSend                        0x0800a299   Thumb Code   362  queue.o(i.xQueueGenericSend)
    xQueueGenericSendFromISR                 0x0800a409   Thumb Code   190  queue.o(i.xQueueGenericSendFromISR)
    xQueueReceive                            0x0800a4c9   Thumb Code   322  queue.o(i.xQueueReceive)
    xTaskCheckForTimeOut                     0x0800a611   Thumb Code   148  tasks.o(i.xTaskCheckForTimeOut)
    xTaskCreate                              0x0800a6a9   Thumb Code   108  tasks.o(i.xTaskCreate)
    xTaskCreateStatic                        0x0800a715   Thumb Code    96  tasks.o(i.xTaskCreateStatic)
    xTaskGetSchedulerState                   0x0800a775   Thumb Code    24  tasks.o(i.xTaskGetSchedulerState)
    xTaskGetTickCount                        0x0800a791   Thumb Code     6  tasks.o(i.xTaskGetTickCount)
    xTaskGetTickCountFromISR                 0x0800a79d   Thumb Code    12  tasks.o(i.xTaskGetTickCountFromISR)
    xTaskIncrementTick                       0x0800a7ad   Thumb Code   202  tasks.o(i.xTaskIncrementTick)
    xTaskPriorityDisinherit                  0x0800a881   Thumb Code   146  tasks.o(i.xTaskPriorityDisinherit)
    xTaskRemoveFromEventList                 0x0800a91d   Thumb Code   108  tasks.o(i.xTaskRemoveFromEventList)
    xTaskResumeAll                           0x0800a995   Thumb Code   190  tasks.o(i.xTaskResumeAll)
    xTimerCreateTimerTask                    0x0800aa61   Thumb Code    86  timers.o(i.xTimerCreateTimerTask)
    xTimerGenericCommand                     0x0800aac9   Thumb Code   112  timers.o(i.xTimerGenericCommand)
    __aeabi_d2f                              0x0800ab3d   Thumb Code     0  d2f_clz.o(x$fpl$d2f)
    _d2f                                     0x0800ab3d   Thumb Code   700  d2f_clz.o(x$fpl$d2f)
    __aeabi_dadd                             0x0800ae01   Thumb Code     0  daddsub_clz.o(x$fpl$dadd)
    _dadd                                    0x0800ae01   Thumb Code   580  daddsub_clz.o(x$fpl$dadd)
    __aeabi_ddiv                             0x0800b04d   Thumb Code     0  ddiv_clz.o(x$fpl$ddiv)
    _ddiv                                    0x0800b04d   Thumb Code   748  ddiv_clz.o(x$fpl$ddiv)
    __dflt_normalise                         0x0800b3c9   Thumb Code    26  dflt_clz.o(x$fpl$dfltn)
    __aeabi_dmul                             0x0800b3e5   Thumb Code     0  dmul_clz.o(x$fpl$dmul)
    _dmul                                    0x0800b3e5   Thumb Code   440  dmul_clz.o(x$fpl$dmul)
    __fpl_dnaninf                            0x0800b5a5   Thumb Code   258  dnaninf.o(x$fpl$dnaninf)
    __fpl_drenorm2                           0x0800b6a7   Thumb Code   106  drenorm_clz.o(x$fpl$drenorm)
    __fpl_drenorm1                           0x0800b711   Thumb Code     6  drenorm_clz.o(x$fpl$drenorm)
    __fpl_dretinf                            0x0800b717   Thumb Code    12  dretinf.o(x$fpl$dretinf)
    __aeabi_drsub                            0x0800b725   Thumb Code     0  daddsub_clz.o(x$fpl$drsb)
    _drsb                                    0x0800b725   Thumb Code    74  daddsub_clz.o(x$fpl$drsb)
    _dsqrt                                   0x0800b775   Thumb Code   520  dsqrt_umaalclz.o(x$fpl$dsqrt)
    __aeabi_dsub                             0x0800b97d   Thumb Code     0  daddsub_clz.o(x$fpl$dsub)
    _dsub                                    0x0800b97d   Thumb Code   664  daddsub_clz.o(x$fpl$dsub)
    __dunder                                 0x0800bc19   Thumb Code   314  dunder_clz.o(x$fpl$dunder)
    __dunder_d                               0x0800bd53   Thumb Code    64  dunder_clz.o(x$fpl$dunder)
    __fpl_exception                          0x0800bd95   Thumb Code   454  except.o(x$fpl$exception)
    __aeabi_f2d                              0x0800bf81   Thumb Code     0  f2d.o(x$fpl$f2d)
    _f2d                                     0x0800bf81   Thumb Code   122  f2d.o(x$fpl$f2d)
    __fpl_fnaninf                            0x0800bffb   Thumb Code   242  fnaninf.o(x$fpl$fnaninf)
    _fp_init                                 0x0800c0ed   Thumb Code    10  fpinit.o(x$fpl$fpinit)
    __fplib_config_fpu_vfp                   0x0800c0f5   Thumb Code     0  fpinit.o(x$fpl$fpinit)
    __fplib_config_pureend_doubles           0x0800c0f5   Thumb Code     0  fpinit.o(x$fpl$fpinit)
    __fpl_fretinf                            0x0800c0f7   Thumb Code    10  fretinf.o(x$fpl$fretinf)
    __funder                                 0x0800c101   Thumb Code   254  funder_clz.o(x$fpl$funder)
    __funder_d                               0x0800c1ff   Thumb Code    62  funder_clz.o(x$fpl$funder)
    __fpl_return_NaN                         0x0800c23d   Thumb Code   178  retnan.o(x$fpl$retnan)
    _fp_trapveneer                           0x0800c2ef   Thumb Code    36  trapv.o(x$fpl$trapveneer)
    __fpl_cmpreturn                          0x0800c313   Thumb Code    90  trapv.o(x$fpl$trapveneer)
    __I$use$fp                               0x0800c36c   Number         0  usenofp.o(x$fpl$usenofp)
    CRC8_TAB                                 0x0800cc70   Data         256  protocol.o(.constdata)
    wCRC_Table                               0x0800cd70   Data         512  protocol.o(.constdata)
    AHBPrescTable                            0x0800cf78   Data          16  system_stm32f4xx.o(.constdata)
    APBPrescTable                            0x0800cf88   Data           8  system_stm32f4xx.o(.constdata)
    sinTable_f32                             0x0800cf90   Data        2052  arm_common_tables.o(.constdata)
    Region$$Table$$Base                      0x0800d82c   Number         0  anon$$obj.o(Region$$Table)
    Region$$Table$$Limit                     0x0800d84c   Number         0  anon$$obj.o(Region$$Table)
    chassisTaskHandle                        0x20000000   Data           4  freertos.o(.data)
    ArmcontrolTaskHandle                     0x20000004   Data           4  freertos.o(.data)
    AcommunicatetaskHandle                   0x20000008   Data           4  freertos.o(.data)
    RefereeusartTaskHandle                   0x2000000c   Data           4  freertos.o(.data)
    SysTime                                  0x20000048   Data           8  bsp_dwt.o(.data)
    CYCCNT64                                 0x20000050   Data           8  bsp_dwt.o(.data)
    imu_rx_data                              0x2000005a   Data           8  bsp_usart.o(.data)
    suker_key_flag                           0x20000064   Data           1  arm_control_task.o(.data)
    G_flag                                   0x20000068   Data           4  arm_control_task.o(.data)
    yaw_angle_set                            0x2000006c   Data           4  arm_control_task.o(.data)
    xyz_valid                                0x20000070   Data           4  arm_control_task.o(.data)
    valid                                    0x20000074   Data           4  arm_control_task.o(.data)
    clamp_flag                               0x20000094   Data           1  chassis_task.o(.data)
    clamp_mode                               0x20000095   Data           1  chassis_task.o(.data)
    picture_mode                             0x20000096   Data           1  chassis_task.o(.data)
    lift_switch                              0x20000097   Data           1  chassis_task.o(.data)
    lift_mode                                0x20000098   Data           1  chassis_task.o(.data)
    picture_rotate_flag                      0x20000099   Data           1  chassis_task.o(.data)
    clamp_reset_count                        0x2000009a   Data           2  chassis_task.o(.data)
    picture_reset_count                      0x2000009c   Data           2  chassis_task.o(.data)
    lift_reset_count                         0x2000009e   Data           4  chassis_task.o(.data)
    G_reset_flag                             0x200000a4   Data           4  chassis_task.o(.data)
    arm_restart_flag                         0x200000a8   Data           4  chassis_task.o(.data)
    key_RC                                   0x200000ac   Data           4  keyboard.o(.data)
    robot_rfid                               0x200000b0   Data           4  referee.o(.data)
    referee_receive_header                   0x200000b4   Data           5  referee.o(.data)
    Flag                                     0x200000ba   Data           1  referee_usart_task.o(.data)
    q0                                       0x200000cc   Data           4  6dof_kinematic.o(.data)
    a0                                       0x200000d0   Data           4  6dof_kinematic.o(.data)
    temp1                                    0x200000d4   Data           4  6dof_kinematic.o(.data)
    temp2                                    0x200000d8   Data           4  6dof_kinematic.o(.data)
    q_sum                                    0x200000dc   Data           4  6dof_kinematic.o(.data)
    x                                        0x200000e0   Data           4  6dof_kinematic.o(.data)
    y                                        0x200000e4   Data           4  6dof_kinematic.o(.data)
    z                                        0x200000e8   Data           4  6dof_kinematic.o(.data)
    CRC_INIT                                 0x200000ec   Data           2  protocol.o(.data)
    uwTickFreq                               0x200000f0   Data           1  stm32f4xx_hal.o(.data)
    uwTickPrio                               0x200000f4   Data           4  stm32f4xx_hal.o(.data)
    uwTick                                   0x200000f8   Data           4  stm32f4xx_hal.o(.data)
    SystemCoreClock                          0x200000fc   Data           4  system_stm32f4xx.o(.data)
    pxCurrentTCB                             0x20000100   Data           4  tasks.o(.data)
    hcan1                                    0x20000824   Data          40  can.o(.bss)
    hcan2                                    0x2000084c   Data          40  can.o(.bss)
    htim2                                    0x20000874   Data          72  tim.o(.bss)
    htim4                                    0x200008bc   Data          72  tim.o(.bss)
    htim12                                   0x20000904   Data          72  tim.o(.bss)
    huart4                                   0x2000094c   Data          68  usart.o(.bss)
    huart5                                   0x20000990   Data          68  usart.o(.bss)
    huart7                                   0x200009d4   Data          68  usart.o(.bss)
    huart8                                   0x20000a18   Data          68  usart.o(.bss)
    huart1                                   0x20000a5c   Data          68  usart.o(.bss)
    huart2                                   0x20000aa0   Data          68  usart.o(.bss)
    huart6                                   0x20000ae4   Data          68  usart.o(.bss)
    hdma_usart1_rx                           0x20000b28   Data          96  usart.o(.bss)
    hdma_usart2_rx                           0x20000b88   Data          96  usart.o(.bss)
    hdma_usart2_tx                           0x20000be8   Data          96  usart.o(.bss)
    hdma_usart6_rx                           0x20000c48   Data          96  usart.o(.bss)
    hdma_usart6_tx                           0x20000ca8   Data          96  usart.o(.bss)
    USART6_RX_BUF                            0x20000d08   Data        1024  bsp_usart.o(.bss)
    tx_message_mp                            0x20001108   Data          28  a_communicate_task.o(.bss)
    arm_control                              0x20001124   Data        2844  arm_control_task.o(.bss)
    R_6D_ctrl                                0x20001c40   Data         728  arm_control_task.o(.bss)
    Ag_Catch                                 0x20001f18   Data          12  arm_control_task.o(.bss)
    Last_Joint6D                             0x20001f24   Data          24  arm_control_task.o(.bss)
    CAN1_rx_buffer                           0x20001f3c   Data          48  can_receive.o(.bss)
    CAN2_rx_buffer                           0x20001f6c   Data          48  can_receive.o(.bss)
    arm_message                              0x20001f9c   Data          24  can_receive.o(.bss)
    arm_message_temp                         0x20001fb4   Data          24  can_receive.o(.bss)
    chassis                                  0x20002014   Data        2176  chassis_task.o(.bss)
    all_key                                  0x20002894   Data          75  keyboard.o(.bss)
    robot_state                              0x200028df   Data          27  referee.o(.bss)
    arm_pose                                 0x200028fa   Data          30  referee.o(.bss)
    usart2_buf                               0x20002918   Data        1024  referee_usart_task.o(.bss)
    referee_fifo                             0x20002d18   Data          24  referee_usart_task.o(.bss)
    referee_fifo_buf                         0x20002d30   Data        1024  referee_usart_task.o(.bss)
    referee_unpack_obj                       0x20003130   Data         137  referee_usart_task.o(.bss)
    rc_ctrl                                  0x200031b9   Data          36  remote_control.o(.bss)
    R05                                      0x20003228   Data          36  6dof_kinematic.o(.bss)
    R50_5                                    0x2000324c   Data          36  6dof_kinematic.o(.bss)
    xyz                                      0x20003270   Data          12  6dof_kinematic.o(.bss)
    Euler                                    0x2000327c   Data          12  6dof_kinematic.o(.bss)
    Euler2                                   0x20003288   Data          12  6dof_kinematic.o(.bss)
    P45                                      0x20003294   Data          12  6dof_kinematic.o(.bss)
    q345                                     0x200032a0   Data          24  6dof_kinematic.o(.bss)
    q12                                      0x200032b8   Data          16  6dof_kinematic.o(.bss)
    xQueueRegistry                           0x200032c8   Data          64  queue.o(.bss)
    __libspace_start                         0x200094e0   Data          96  libspace.o(.bss)
    __temporary_stack_top$libspace           0x20009540   Data           0  libspace.o(.bss)



==============================================================================

Memory Map of the image

  Image Entry point : 0x080001ad

  Load Region LR_IROM1 (Base: 0x08000000, Size: 0x0000d9c8, Max: 0x00200000, ABSOLUTE, COMPRESSED[0x0000d860])

    Execution Region ER_IROM1 (Exec base: 0x08000000, Load base: 0x08000000, Size: 0x0000d84c, Max: 0x00200000, ABSOLUTE)

    Exec Addr    Load Addr    Size         Type   Attr      Idx    E Section Name        Object

    0x08000000   0x08000000   0x000001ac   Data   RO            3    RESET               startup_stm32f427xx.o
    0x080001ac   0x080001ac   0x00000008   Code   RO         7179  * !!!main             c_w.l(__main.o)
    0x080001b4   0x080001b4   0x00000034   Code   RO         7528    !!!scatter          c_w.l(__scatter.o)
    0x080001e8   0x080001e8   0x0000003a   Code   RO         7526    !!dczerorl          c_w.l(__dczerorl.o)
    0x08000222   0x08000222   0x00000002   PAD
    0x08000224   0x08000224   0x0000001c   Code   RO         7530    !!handler_zi        c_w.l(__scatter_zi.o)
    0x08000240   0x08000240   0x00000002   Code   RO         7469    .ARM.Collect$$libinit$$00000000  c_w.l(libinit.o)
    0x08000242   0x08000242   0x00000004   Code   RO         7293    .ARM.Collect$$libinit$$00000001  c_w.l(libinit2.o)
    0x08000246   0x08000246   0x00000000   Code   RO         7296    .ARM.Collect$$libinit$$00000004  c_w.l(libinit2.o)
    0x08000246   0x08000246   0x00000008   Code   RO         7297    .ARM.Collect$$libinit$$00000005  c_w.l(libinit2.o)
    0x0800024e   0x0800024e   0x00000000   Code   RO         7299    .ARM.Collect$$libinit$$0000000A  c_w.l(libinit2.o)
    0x0800024e   0x0800024e   0x00000000   Code   RO         7301    .ARM.Collect$$libinit$$0000000C  c_w.l(libinit2.o)
    0x0800024e   0x0800024e   0x00000000   Code   RO         7303    .ARM.Collect$$libinit$$0000000E  c_w.l(libinit2.o)
    0x0800024e   0x0800024e   0x00000000   Code   RO         7306    .ARM.Collect$$libinit$$00000011  c_w.l(libinit2.o)
    0x0800024e   0x0800024e   0x00000000   Code   RO         7308    .ARM.Collect$$libinit$$00000013  c_w.l(libinit2.o)
    0x0800024e   0x0800024e   0x00000000   Code   RO         7310    .ARM.Collect$$libinit$$00000015  c_w.l(libinit2.o)
    0x0800024e   0x0800024e   0x00000000   Code   RO         7312    .ARM.Collect$$libinit$$00000017  c_w.l(libinit2.o)
    0x0800024e   0x0800024e   0x00000000   Code   RO         7314    .ARM.Collect$$libinit$$00000019  c_w.l(libinit2.o)
    0x0800024e   0x0800024e   0x00000000   Code   RO         7316    .ARM.Collect$$libinit$$0000001B  c_w.l(libinit2.o)
    0x0800024e   0x0800024e   0x00000000   Code   RO         7318    .ARM.Collect$$libinit$$0000001D  c_w.l(libinit2.o)
    0x0800024e   0x0800024e   0x00000000   Code   RO         7320    .ARM.Collect$$libinit$$0000001F  c_w.l(libinit2.o)
    0x0800024e   0x0800024e   0x00000000   Code   RO         7322    .ARM.Collect$$libinit$$00000021  c_w.l(libinit2.o)
    0x0800024e   0x0800024e   0x00000000   Code   RO         7324    .ARM.Collect$$libinit$$00000023  c_w.l(libinit2.o)
    0x0800024e   0x0800024e   0x00000000   Code   RO         7326    .ARM.Collect$$libinit$$00000025  c_w.l(libinit2.o)
    0x0800024e   0x0800024e   0x00000000   Code   RO         7330    .ARM.Collect$$libinit$$0000002C  c_w.l(libinit2.o)
    0x0800024e   0x0800024e   0x00000000   Code   RO         7332    .ARM.Collect$$libinit$$0000002E  c_w.l(libinit2.o)
    0x0800024e   0x0800024e   0x00000000   Code   RO         7334    .ARM.Collect$$libinit$$00000030  c_w.l(libinit2.o)
    0x0800024e   0x0800024e   0x00000000   Code   RO         7336    .ARM.Collect$$libinit$$00000032  c_w.l(libinit2.o)
    0x0800024e   0x0800024e   0x00000002   Code   RO         7337    .ARM.Collect$$libinit$$00000033  c_w.l(libinit2.o)
    0x08000250   0x08000250   0x00000002   Code   RO         7523    .ARM.Collect$$libshutdown$$00000000  c_w.l(libshutdown.o)
    0x08000252   0x08000252   0x00000000   Code   RO         7483    .ARM.Collect$$libshutdown$$00000002  c_w.l(libshutdown2.o)
    0x08000252   0x08000252   0x00000000   Code   RO         7485    .ARM.Collect$$libshutdown$$00000004  c_w.l(libshutdown2.o)
    0x08000252   0x08000252   0x00000000   Code   RO         7488    .ARM.Collect$$libshutdown$$00000007  c_w.l(libshutdown2.o)
    0x08000252   0x08000252   0x00000000   Code   RO         7491    .ARM.Collect$$libshutdown$$0000000A  c_w.l(libshutdown2.o)
    0x08000252   0x08000252   0x00000000   Code   RO         7493    .ARM.Collect$$libshutdown$$0000000C  c_w.l(libshutdown2.o)
    0x08000252   0x08000252   0x00000000   Code   RO         7496    .ARM.Collect$$libshutdown$$0000000F  c_w.l(libshutdown2.o)
    0x08000252   0x08000252   0x00000002   Code   RO         7497    .ARM.Collect$$libshutdown$$00000010  c_w.l(libshutdown2.o)
    0x08000254   0x08000254   0x00000000   Code   RO         7259    .ARM.Collect$$rtentry$$00000000  c_w.l(__rtentry.o)
    0x08000254   0x08000254   0x00000000   Code   RO         7399    .ARM.Collect$$rtentry$$00000002  c_w.l(__rtentry2.o)
    0x08000254   0x08000254   0x00000006   Code   RO         7411    .ARM.Collect$$rtentry$$00000004  c_w.l(__rtentry4.o)
    0x0800025a   0x0800025a   0x00000000   Code   RO         7401    .ARM.Collect$$rtentry$$00000009  c_w.l(__rtentry2.o)
    0x0800025a   0x0800025a   0x00000004   Code   RO         7402    .ARM.Collect$$rtentry$$0000000A  c_w.l(__rtentry2.o)
    0x0800025e   0x0800025e   0x00000000   Code   RO         7404    .ARM.Collect$$rtentry$$0000000C  c_w.l(__rtentry2.o)
    0x0800025e   0x0800025e   0x00000008   Code   RO         7405    .ARM.Collect$$rtentry$$0000000D  c_w.l(__rtentry2.o)
    0x08000266   0x08000266   0x00000002   Code   RO         7470    .ARM.Collect$$rtexit$$00000000  c_w.l(rtexit.o)
    0x08000268   0x08000268   0x00000000   Code   RO         7499    .ARM.Collect$$rtexit$$00000002  c_w.l(rtexit2.o)
    0x08000268   0x08000268   0x00000004   Code   RO         7500    .ARM.Collect$$rtexit$$00000003  c_w.l(rtexit2.o)
    0x0800026c   0x0800026c   0x00000006   Code   RO         7501    .ARM.Collect$$rtexit$$00000004  c_w.l(rtexit2.o)
    0x08000272   0x08000272   0x00000002   PAD
    0x08000274   0x08000274   0x000000be   Code   RO         6811    .emb_text           port.o
    0x08000332   0x08000332   0x00000002   PAD
    0x08000334   0x08000334   0x00000000   Code   RO         7422    .emb_text           c_w.l(maybetermalloc1.o)
    0x08000334   0x08000334   0x00000040   Code   RO            4    .text               startup_stm32f427xx.o
    0x08000374   0x08000374   0x00000078   Code   RO         6891    .text               arm_cortexM4lf_math.lib(arm_cos_f32.o)
    0x080003ec   0x080003ec   0x00000074   Code   RO         6944    .text               arm_cortexM4lf_math.lib(arm_sin_f32.o)
    0x08000460   0x08000460   0x00000008   Code   RO         6968    .text               arm_cortexM4lf_math.lib(arm_mat_init_f32.o)
    0x08000468   0x08000468   0x0000013c   Code   RO         6992    .text               arm_cortexM4lf_math.lib(arm_mat_mult_f32.o)
    0x080005a4   0x080005a4   0x00000002   Code   RO         7097    .text               c_w.l(use_no_semi_2.o)
    0x080005a6   0x080005a6   0x0000005e   Code   RO         7103    .text               c_w.l(h1_alloc.o)
    0x08000604   0x08000604   0x0000004e   Code   RO         7105    .text               c_w.l(h1_free.o)
    0x08000652   0x08000652   0x000000ee   Code   RO         7161    .text               c_w.l(lludivv7m.o)
    0x08000740   0x08000740   0x0000008a   Code   RO         7165    .text               c_w.l(rt_memcpy_v6.o)
    0x080007ca   0x080007ca   0x00000064   Code   RO         7167    .text               c_w.l(rt_memcpy_w.o)
    0x0800082e   0x0800082e   0x00000010   Code   RO         7171    .text               c_w.l(aeabi_memset.o)
    0x0800083e   0x0800083e   0x00000044   Code   RO         7173    .text               c_w.l(rt_memclr.o)
    0x08000882   0x08000882   0x0000004e   Code   RO         7175    .text               c_w.l(rt_memclr_w.o)
    0x080008d0   0x080008d0   0x00000006   Code   RO         7177    .text               c_w.l(heapauxi.o)
    0x080008d6   0x080008d6   0x00000002   Code   RO         7255    .text               c_w.l(use_no_semi.o)
    0x080008d8   0x080008d8   0x00000008   Code   RO         7267    .text               c_w.l(rt_heap_descriptor_intlibspace.o)
    0x080008e0   0x080008e0   0x00000004   Code   RO         7269    .text               c_w.l(hguard.o)
    0x080008e4   0x080008e4   0x0000008a   Code   RO         7271    .text               c_w.l(init_alloc.o)
    0x0800096e   0x0800096e   0x0000000e   Code   RO         7275    .text               c_w.l(h1_init.o)
    0x0800097c   0x0800097c   0x00000016   Code   RO         7289    .text               c_w.l(_rserrno.o)
    0x08000992   0x08000992   0x00000002   PAD
    0x08000994   0x08000994   0x00000008   Code   RO         7395    .text               c_w.l(libspace.o)
    0x0800099c   0x0800099c   0x00000008   Code   RO         7418    .text               c_w.l(rt_errno_addr_intlibspace.o)
    0x080009a4   0x080009a4   0x00000034   Code   RO         7424    .text               c_w.l(h1_extend.o)
    0x080009d8   0x080009d8   0x00000030   Code   RO         7428    .text               c_w.l(_fptrap.o)
    0x08000a08   0x08000a08   0x0000000e   Code   RO         7430    .text               c_w.l(defsig_rtmem_outer.o)
    0x08000a16   0x08000a16   0x0000004a   Code   RO         7444    .text               c_w.l(sys_stackheap_outer.o)
    0x08000a60   0x08000a60   0x00000012   Code   RO         7450    .text               c_w.l(exit.o)
    0x08000a72   0x08000a72   0x0000000a   Code   RO         7452    .text               c_w.l(defsig_exit.o)
    0x08000a7c   0x08000a7c   0x0000000e   Code   RO         7454    .text               c_w.l(defsig_fpe_outer.o)
    0x08000a8a   0x08000a8a   0x00000002   PAD
    0x08000a8c   0x08000a8c   0x00000050   Code   RO         7458    .text               c_w.l(defsig_rtmem_inner.o)
    0x08000adc   0x08000adc   0x00000032   Code   RO         7478    .text               c_w.l(defsig_general.o)
    0x08000b0e   0x08000b0e   0x00000002   PAD
    0x08000b10   0x08000b10   0x000000ac   Code   RO         7480    .text               c_w.l(defsig_fpe_inner.o)
    0x08000bbc   0x08000bbc   0x00000064   Code   RO         1097    i.A_communicate_task  a_communicate_task.o
    0x08000c20   0x08000c20   0x00000002   Code   RO          608    i.BusFault_Handler  stm32f4xx_it.o
    0x08000c22   0x08000c22   0x00000002   PAD
    0x08000c24   0x08000c24   0x0000000c   Code   RO          609    i.CAN1_RX0_IRQHandler  stm32f4xx_it.o
    0x08000c30   0x08000c30   0x0000000c   Code   RO          610    i.CAN2_RX0_IRQHandler  stm32f4xx_it.o
    0x08000c3c   0x08000c3c   0x000000b0   Code   RO         1381    i.CAN_board_communicate_can1_0  can_receive.o
    0x08000cec   0x08000cec   0x00000088   Code   RO         1382    i.CAN_board_communicate_can1_1  can_receive.o
    0x08000d74   0x08000d74   0x00000048   Code   RO         1383    i.CAN_chassis_can1  can_receive.o
    0x08000dbc   0x08000dbc   0x00000048   Code   RO         1384    i.CAN_chassis_can2  can_receive.o
    0x08000e04   0x08000e04   0x0000000c   Code   RO          611    i.DMA1_Stream5_IRQHandler  stm32f4xx_it.o
    0x08000e10   0x08000e10   0x0000000c   Code   RO          612    i.DMA1_Stream6_IRQHandler  stm32f4xx_it.o
    0x08000e1c   0x08000e1c   0x0000000c   Code   RO          613    i.DMA2_Stream1_IRQHandler  stm32f4xx_it.o
    0x08000e28   0x08000e28   0x0000000c   Code   RO          614    i.DMA2_Stream2_IRQHandler  stm32f4xx_it.o
    0x08000e34   0x08000e34   0x0000000c   Code   RO          615    i.DMA2_Stream6_IRQHandler  stm32f4xx_it.o
    0x08000e40   0x08000e40   0x00000034   Code   RO         3276    i.DMA_CalcBaseAndBitshift  stm32f4xx_hal_dma.o
    0x08000e74   0x08000e74   0x0000007e   Code   RO         3277    i.DMA_CheckFifoParam  stm32f4xx_hal_dma.o
    0x08000ef2   0x08000ef2   0x00000002   PAD
    0x08000ef4   0x08000ef4   0x00000028   Code   RO          891    i.DWT_CNT_Update    bsp_dwt.o
    0x08000f1c   0x08000f1c   0x00000044   Code   RO          893    i.DWT_GetDeltaT     bsp_dwt.o
    0x08000f60   0x08000f60   0x00000048   Code   RO          898    i.DWT_Init          bsp_dwt.o
    0x08000fa8   0x08000fa8   0x00000002   Code   RO          616    i.DebugMon_Handler  stm32f4xx_it.o
    0x08000faa   0x08000faa   0x00000004   Code   RO           13    i.Error_Handler     main.o
    0x08000fae   0x08000fae   0x000000b4   Code   RO         1906    i.EulerAngleToRotMat  6dof_kinematic.o
    0x08001062   0x08001062   0x00000024   Code   RO         2482    i.HAL_CAN_ActivateNotification  stm32f4xx_hal_can.o
    0x08001086   0x08001086   0x00000104   Code   RO         2483    i.HAL_CAN_AddTxMessage  stm32f4xx_hal_can.o
    0x0800118a   0x0800118a   0x00000002   PAD
    0x0800118c   0x0800118c   0x00000128   Code   RO         2484    i.HAL_CAN_ConfigFilter  stm32f4xx_hal_can.o
    0x080012b4   0x080012b4   0x00000002   Code   RO         2487    i.HAL_CAN_ErrorCallback  stm32f4xx_hal_can.o
    0x080012b6   0x080012b6   0x0000016c   Code   RO         2490    i.HAL_CAN_GetRxMessage  stm32f4xx_hal_can.o
    0x08001422   0x08001422   0x00000234   Code   RO         2494    i.HAL_CAN_IRQHandler  stm32f4xx_hal_can.o
    0x08001656   0x08001656   0x00000168   Code   RO         2495    i.HAL_CAN_Init      stm32f4xx_hal_can.o
    0x080017be   0x080017be   0x00000002   PAD
    0x080017c0   0x080017c0   0x000000f8   Code   RO          375    i.HAL_CAN_MspInit   can.o
    0x080018b8   0x080018b8   0x00000002   Code   RO         2502    i.HAL_CAN_RxFifo0FullCallback  stm32f4xx_hal_can.o
    0x080018ba   0x080018ba   0x00000002   PAD
    0x080018bc   0x080018bc   0x00000294   Code   RO         1385    i.HAL_CAN_RxFifo0MsgPendingCallback  can_receive.o
    0x08001b50   0x08001b50   0x00000002   Code   RO         2504    i.HAL_CAN_RxFifo1FullCallback  stm32f4xx_hal_can.o
    0x08001b52   0x08001b52   0x00000002   Code   RO         2505    i.HAL_CAN_RxFifo1MsgPendingCallback  stm32f4xx_hal_can.o
    0x08001b54   0x08001b54   0x00000002   Code   RO         2506    i.HAL_CAN_SleepCallback  stm32f4xx_hal_can.o
    0x08001b56   0x08001b56   0x00000064   Code   RO         2507    i.HAL_CAN_Start     stm32f4xx_hal_can.o
    0x08001bba   0x08001bba   0x00000002   Code   RO         2509    i.HAL_CAN_TxMailbox0AbortCallback  stm32f4xx_hal_can.o
    0x08001bbc   0x08001bbc   0x00000002   Code   RO         2510    i.HAL_CAN_TxMailbox0CompleteCallback  stm32f4xx_hal_can.o
    0x08001bbe   0x08001bbe   0x00000002   Code   RO         2511    i.HAL_CAN_TxMailbox1AbortCallback  stm32f4xx_hal_can.o
    0x08001bc0   0x08001bc0   0x00000002   Code   RO         2512    i.HAL_CAN_TxMailbox1CompleteCallback  stm32f4xx_hal_can.o
    0x08001bc2   0x08001bc2   0x00000002   Code   RO         2513    i.HAL_CAN_TxMailbox2AbortCallback  stm32f4xx_hal_can.o
    0x08001bc4   0x08001bc4   0x00000002   Code   RO         2514    i.HAL_CAN_TxMailbox2CompleteCallback  stm32f4xx_hal_can.o
    0x08001bc6   0x08001bc6   0x00000002   Code   RO         2516    i.HAL_CAN_WakeUpFromRxMsgCallback  stm32f4xx_hal_can.o
    0x08001bc8   0x08001bc8   0x000000a2   Code   RO         3279    i.HAL_DMA_Abort     stm32f4xx_hal_dma.o
    0x08001c6a   0x08001c6a   0x00000024   Code   RO         3280    i.HAL_DMA_Abort_IT  stm32f4xx_hal_dma.o
    0x08001c8e   0x08001c8e   0x00000002   PAD
    0x08001c90   0x08001c90   0x000001ec   Code   RO         3284    i.HAL_DMA_IRQHandler  stm32f4xx_hal_dma.o
    0x08001e7c   0x08001e7c   0x000000ec   Code   RO         3285    i.HAL_DMA_Init      stm32f4xx_hal_dma.o
    0x08001f68   0x08001f68   0x0000024c   Code   RO         3172    i.HAL_GPIO_Init     stm32f4xx_hal_gpio.o
    0x080021b4   0x080021b4   0x0000000e   Code   RO         3174    i.HAL_GPIO_ReadPin  stm32f4xx_hal_gpio.o
    0x080021c2   0x080021c2   0x0000000e   Code   RO         3176    i.HAL_GPIO_WritePin  stm32f4xx_hal_gpio.o
    0x080021d0   0x080021d0   0x0000000c   Code   RO         3719    i.HAL_GetTick       stm32f4xx_hal.o
    0x080021dc   0x080021dc   0x00000010   Code   RO         3725    i.HAL_IncTick       stm32f4xx_hal.o
    0x080021ec   0x080021ec   0x00000034   Code   RO         3726    i.HAL_Init          stm32f4xx_hal.o
    0x08002220   0x08002220   0x00000044   Code   RO         3727    i.HAL_InitTick      stm32f4xx_hal.o
    0x08002264   0x08002264   0x00000038   Code   RO          732    i.HAL_MspInit       stm32f4xx_hal_msp.o
    0x0800229c   0x0800229c   0x0000001c   Code   RO         3579    i.HAL_NVIC_EnableIRQ  stm32f4xx_hal_cortex.o
    0x080022b8   0x080022b8   0x00000068   Code   RO         3585    i.HAL_NVIC_SetPriority  stm32f4xx_hal_cortex.o
    0x08002320   0x08002320   0x00000024   Code   RO         3586    i.HAL_NVIC_SetPriorityGrouping  stm32f4xx_hal_cortex.o
    0x08002344   0x08002344   0x0000017c   Code   RO         2716    i.HAL_RCC_ClockConfig  stm32f4xx_hal_rcc.o
    0x080024c0   0x080024c0   0x0000000c   Code   RO         2721    i.HAL_RCC_GetHCLKFreq  stm32f4xx_hal_rcc.o
    0x080024cc   0x080024cc   0x00000020   Code   RO         2723    i.HAL_RCC_GetPCLK1Freq  stm32f4xx_hal_rcc.o
    0x080024ec   0x080024ec   0x00000020   Code   RO         2724    i.HAL_RCC_GetPCLK2Freq  stm32f4xx_hal_rcc.o
    0x0800250c   0x0800250c   0x00000070   Code   RO         2725    i.HAL_RCC_GetSysClockFreq  stm32f4xx_hal_rcc.o
    0x0800257c   0x0800257c   0x00000482   Code   RO         2728    i.HAL_RCC_OscConfig  stm32f4xx_hal_rcc.o
    0x080029fe   0x080029fe   0x00000002   PAD
    0x08002a00   0x08002a00   0x00000028   Code   RO         3590    i.HAL_SYSTICK_Config  stm32f4xx_hal_cortex.o
    0x08002a28   0x08002a28   0x0000009a   Code   RO         4710    i.HAL_TIMEx_MasterConfigSynchronization  stm32f4xx_hal_tim_ex.o
    0x08002ac2   0x08002ac2   0x0000005c   Code   RO         3976    i.HAL_TIM_Base_Init  stm32f4xx_hal_tim.o
    0x08002b1e   0x08002b1e   0x00000002   PAD
    0x08002b20   0x08002b20   0x00000058   Code   RO          448    i.HAL_TIM_Base_MspInit  tim.o
    0x08002b78   0x08002b78   0x00000080   Code   RO         3979    i.HAL_TIM_Base_Start  stm32f4xx_hal_tim.o
    0x08002bf8   0x08002bf8   0x000000ea   Code   RO         3985    i.HAL_TIM_ConfigClockSource  stm32f4xx_hal_tim.o
    0x08002ce2   0x08002ce2   0x00000002   PAD
    0x08002ce4   0x08002ce4   0x000000b0   Code   RO          449    i.HAL_TIM_MspPostInit  tim.o
    0x08002d94   0x08002d94   0x000000d8   Code   RO         4048    i.HAL_TIM_PWM_ConfigChannel  stm32f4xx_hal_tim.o
    0x08002e6c   0x08002e6c   0x0000005c   Code   RO         4051    i.HAL_TIM_PWM_Init  stm32f4xx_hal_tim.o
    0x08002ec8   0x08002ec8   0x00000002   Code   RO         4053    i.HAL_TIM_PWM_MspInit  stm32f4xx_hal_tim.o
    0x08002eca   0x08002eca   0x00000002   PAD
    0x08002ecc   0x08002ecc   0x000000dc   Code   RO         4056    i.HAL_TIM_PWM_Start  stm32f4xx_hal_tim.o
    0x08002fa8   0x08002fa8   0x00000002   Code   RO         4969    i.HAL_UARTEx_RxEventCallback  stm32f4xx_hal_uart.o
    0x08002faa   0x08002faa   0x00000002   Code   RO         4983    i.HAL_UART_ErrorCallback  stm32f4xx_hal_uart.o
    0x08002fac   0x08002fac   0x00000260   Code   RO         4986    i.HAL_UART_IRQHandler  stm32f4xx_hal_uart.o
    0x0800320c   0x0800320c   0x00000064   Code   RO         4987    i.HAL_UART_Init     stm32f4xx_hal_uart.o
    0x08003270   0x08003270   0x00000380   Code   RO          508    i.HAL_UART_MspInit  usart.o
    0x080035f0   0x080035f0   0x00000002   Code   RO         4993    i.HAL_UART_RxCpltCallback  stm32f4xx_hal_uart.o
    0x080035f2   0x080035f2   0x00000002   Code   RO         4998    i.HAL_UART_TxCpltCallback  stm32f4xx_hal_uart.o
    0x080035f4   0x080035f4   0x00000002   Code   RO          617    i.HardFault_Handler  stm32f4xx_it.o
    0x080035f6   0x080035f6   0x00000002   PAD
    0x080035f8   0x080035f8   0x00000228   Code   RO         1907    i.Joint6D_Init      6dof_kinematic.o
    0x08003820   0x08003820   0x00000044   Code   RO          376    i.MX_CAN1_Init      can.o
    0x08003864   0x08003864   0x00000044   Code   RO          377    i.MX_CAN2_Init      can.o
    0x080038a8   0x080038a8   0x0000007c   Code   RO          423    i.MX_DMA_Init       dma.o
    0x08003924   0x08003924   0x00000068   Code   RO          260    i.MX_FREERTOS_Init  freertos.o
    0x0800398c   0x0800398c   0x000001a4   Code   RO          236    i.MX_GPIO_Init      gpio.o
    0x08003b30   0x08003b30   0x00000080   Code   RO          450    i.MX_TIM12_Init     tim.o
    0x08003bb0   0x08003bb0   0x000000a8   Code   RO          451    i.MX_TIM2_Init      tim.o
    0x08003c58   0x08003c58   0x000000c8   Code   RO          452    i.MX_TIM4_Init      tim.o
    0x08003d20   0x08003d20   0x00000038   Code   RO          509    i.MX_UART4_Init     usart.o
    0x08003d58   0x08003d58   0x00000038   Code   RO          510    i.MX_UART5_Init     usart.o
    0x08003d90   0x08003d90   0x00000038   Code   RO          511    i.MX_UART7_Init     usart.o
    0x08003dc8   0x08003dc8   0x00000038   Code   RO          512    i.MX_UART8_Init     usart.o
    0x08003e00   0x08003e00   0x00000040   Code   RO          513    i.MX_USART1_UART_Init  usart.o
    0x08003e40   0x08003e40   0x00000038   Code   RO          514    i.MX_USART2_UART_Init  usart.o
    0x08003e78   0x08003e78   0x00000038   Code   RO          515    i.MX_USART6_UART_Init  usart.o
    0x08003eb0   0x08003eb0   0x00000002   Code   RO          618    i.MemManage_Handler  stm32f4xx_it.o
    0x08003eb2   0x08003eb2   0x00000002   PAD
    0x08003eb4   0x08003eb4   0x000003e0   Code   RO         1278    i.MoveL             arm_control_task.o
    0x08004294   0x08004294   0x00000002   Code   RO          619    i.NMI_Handler       stm32f4xx_it.o
    0x08004296   0x08004296   0x00000002   PAD
    0x08004298   0x08004298   0x000001f4   Code   RO         1765    i.OLS_Derivative    user_lib.o
    0x0800448c   0x0800448c   0x00000042   Code   RO         1766    i.OLS_Init          user_lib.o
    0x080044ce   0x080044ce   0x00000264   Code   RO         2063    i.PID_Calculate     controller.o
    0x08004732   0x08004732   0x00000002   PAD
    0x08004734   0x08004734   0x00000278   Code   RO         2064    i.PID_Calculate_Angle  controller.o
    0x080049ac   0x080049ac   0x0000006e   Code   RO         2065    i.PID_Init          controller.o
    0x08004a1a   0x08004a1a   0x0000013e   Code   RO         1908    i.QuaToRotMat       6dof_kinematic.o
    0x08004b58   0x08004b58   0x00000060   Code   RO          996    i.RC_init           bsp_rc.o
    0x08004bb8   0x08004bb8   0x00000060   Code   RO         1909    i.RotMatToEulerAngle  6dof_kinematic.o
    0x08004c18   0x08004c18   0x000001aa   Code   RO         1910    i.RotMatToQua       6dof_kinematic.o
    0x08004dc2   0x08004dc2   0x00000002   PAD
    0x08004dc4   0x08004dc4   0x0000002c   Code   RO         2159    i.Sign              td.o
    0x08004df0   0x08004df0   0x0000071c   Code   RO         1912    i.SolveIK           6dof_kinematic.o
    0x0800550c   0x0800550c   0x00000018   Code   RO          620    i.SysTick_Handler   stm32f4xx_it.o
    0x08005524   0x08005524   0x00000094   Code   RO           14    i.SystemClock_Config  main.o
    0x080055b8   0x080055b8   0x00000010   Code   RO         5326    i.SystemInit        system_stm32f4xx.o
    0x080055c8   0x080055c8   0x0000014c   Code   RO         2160    i.TD_calc           td.o
    0x08005714   0x08005714   0x000001a4   Code   RO         2161    i.TD_calc_angle     td.o
    0x080058b8   0x080058b8   0x00000024   Code   RO         2162    i.TD_init           td.o
    0x080058dc   0x080058dc   0x00000006   Code   RO         2163    i.TD_set_x          td.o
    0x080058e2   0x080058e2   0x00000002   PAD
    0x080058e4   0x080058e4   0x000000cc   Code   RO         4069    i.TIM_Base_SetConfig  stm32f4xx_hal_tim.o
    0x080059b0   0x080059b0   0x0000001e   Code   RO         4070    i.TIM_CCxChannelCmd  stm32f4xx_hal_tim.o
    0x080059ce   0x080059ce   0x00000016   Code   RO         4080    i.TIM_ETR_SetConfig  stm32f4xx_hal_tim.o
    0x080059e4   0x080059e4   0x00000010   Code   RO         4081    i.TIM_ITRx_SetConfig  stm32f4xx_hal_tim.o
    0x080059f4   0x080059f4   0x00000070   Code   RO         4082    i.TIM_OC1_SetConfig  stm32f4xx_hal_tim.o
    0x08005a64   0x08005a64   0x00000078   Code   RO         4083    i.TIM_OC2_SetConfig  stm32f4xx_hal_tim.o
    0x08005adc   0x08005adc   0x00000078   Code   RO         4084    i.TIM_OC3_SetConfig  stm32f4xx_hal_tim.o
    0x08005b54   0x08005b54   0x00000058   Code   RO         4085    i.TIM_OC4_SetConfig  stm32f4xx_hal_tim.o
    0x08005bac   0x08005bac   0x00000026   Code   RO         4087    i.TIM_TI1_ConfigInputStage  stm32f4xx_hal_tim.o
    0x08005bd2   0x08005bd2   0x00000024   Code   RO         4089    i.TIM_TI2_ConfigInputStage  stm32f4xx_hal_tim.o
    0x08005bf6   0x08005bf6   0x00000002   PAD
    0x08005bf8   0x08005bf8   0x0000000c   Code   RO          621    i.UART7_IRQHandler  stm32f4xx_it.o
    0x08005c04   0x08005c04   0x00000020   Code   RO          622    i.UART8_IRQHandler  stm32f4xx_it.o
    0x08005c24   0x08005c24   0x00000010   Code   RO         5000    i.UART_DMAAbortOnError  stm32f4xx_hal_uart.o
    0x08005c34   0x08005c34   0x0000004e   Code   RO         5010    i.UART_EndRxTransfer  stm32f4xx_hal_uart.o
    0x08005c82   0x08005c82   0x0000001a   Code   RO         5011    i.UART_EndTransmit_IT  stm32f4xx_hal_uart.o
    0x08005c9c   0x08005c9c   0x000000c8   Code   RO         5013    i.UART_Receive_IT   stm32f4xx_hal_uart.o
    0x08005d64   0x08005d64   0x000000fc   Code   RO         5014    i.UART_SetConfig    stm32f4xx_hal_uart.o
    0x08005e60   0x08005e60   0x0000005e   Code   RO         5017    i.UART_Transmit_IT  stm32f4xx_hal_uart.o
    0x08005ebe   0x08005ebe   0x00000002   PAD
    0x08005ec0   0x08005ec0   0x00000014   Code   RO          623    i.USART1_IRQHandler  stm32f4xx_it.o
    0x08005ed4   0x08005ed4   0x00000094   Code   RO         1670    i.USART2_IRQHandler  referee_usart_task.o
    0x08005f68   0x08005f68   0x000000a4   Code   RO         1024    i.USART6_IRQHandler  bsp_usart.o
    0x0800600c   0x0800600c   0x00000002   Code   RO          624    i.UsageFault_Handler  stm32f4xx_it.o
    0x0800600e   0x0800600e   0x00000026   Code   RO         7375    i.__ARM_fpclassifyf  m_wm.l(fpclassifyf.o)
    0x08006034   0x08006034   0x00000004   PAD
    0x08006038   0x08006038   0x00000358   Code   RO         7205    i.__hardfp_acos     m_wm.l(acos.o)
    0x08006390   0x08006390   0x00000250   Code   RO         7219    i.__hardfp_atan2f   m_wm.l(atan2f.o)
    0x080065e0   0x080065e0   0x00000004   Code   RO         1913    i.__hardfp_cosf     6dof_kinematic.o
    0x080065e4   0x080065e4   0x00000004   Code   RO         1914    i.__hardfp_sinf     6dof_kinematic.o
    0x080065e8   0x080065e8   0x0000007a   Code   RO         7231    i.__hardfp_sqrt     m_wm.l(sqrt_full.o)
    0x08006662   0x08006662   0x0000003a   Code   RO         7237    i.__hardfp_sqrtf    m_wm.l(sqrtf_full.o)
    0x0800669c   0x0800669c   0x000000f8   Code   RO         7391    i.__kernel_poly     m_wm.l(poly.o)
    0x08006794   0x08006794   0x00000014   Code   RO         7362    i.__mathlib_dbl_infnan  m_wm.l(dunder.o)
    0x080067a8   0x080067a8   0x00000020   Code   RO         7364    i.__mathlib_dbl_invalid  m_wm.l(dunder.o)
    0x080067c8   0x080067c8   0x00000006   Code   RO         7379    i.__mathlib_flt_infnan2  m_wm.l(funder.o)
    0x080067ce   0x080067ce   0x00000002   PAD
    0x080067d0   0x080067d0   0x00000010   Code   RO         7383    i.__mathlib_flt_underflow  m_wm.l(funder.o)
    0x080067e0   0x080067e0   0x00000002   Code   RO          516    i._sys_exit         usart.o
    0x080067e2   0x080067e2   0x00000002   Code   RO          517    i._ttywrch          usart.o
    0x080067e4   0x080067e4   0x0000010c   Code   RO         1279    i.arm_check_get_position  arm_control_task.o
    0x080068f0   0x080068f0   0x000003f0   Code   RO         1280    i.arm_control_init  arm_control_task.o
    0x08006ce0   0x08006ce0   0x00000088   Code   RO         1281    i.arm_control_key_check  arm_control_task.o
    0x08006d68   0x08006d68   0x00000324   Code   RO         1282    i.arm_control_loop  arm_control_task.o
    0x0800708c   0x0800708c   0x000002ac   Code   RO         1283    i.arm_control_set   arm_control_task.o
    0x08007338   0x08007338   0x0000005c   Code   RO         1284    i.arm_control_task  arm_control_task.o
    0x08007394   0x08007394   0x0000005c   Code   RO         1285    i.arm_feedback_update  arm_control_task.o
    0x080073f0   0x080073f0   0x00000028   Code   RO         1915    i.arm_sqrt_f32      6dof_kinematic.o
    0x08007418   0x08007418   0x00000058   Code   RO          756    i.can_filter_init   bsp_can.o
    0x08007470   0x08007470   0x00000284   Code   RO         1485    i.chassis_control_loop  chassis_task.o
    0x080076f4   0x080076f4   0x000001b0   Code   RO         1486    i.chassis_feedback_update  chassis_task.o
    0x080078a4   0x080078a4   0x0000035c   Code   RO         1487    i.chassis_init      chassis_task.o
    0x08007c00   0x08007c00   0x00000274   Code   RO         1488    i.chassis_rc_to_control_vector  chassis_task.o
    0x08007e74   0x08007e74   0x000002a8   Code   RO         1489    i.chassis_set_contorl  chassis_task.o
    0x0800811c   0x0800811c   0x00000164   Code   RO         1490    i.chassis_set_mode  chassis_task.o
    0x08008280   0x08008280   0x000000d0   Code   RO         1491    i.chassis_task      chassis_task.o
    0x08008350   0x08008350   0x000000b2   Code   RO         2066    i.f_Changing_Integration_Rate  controller.o
    0x08008402   0x08008402   0x0000004e   Code   RO         2067    i.f_Derivative_Filter  controller.o
    0x08008450   0x08008450   0x000000b8   Code   RO         2068    i.f_Derivative_On_Measurement  controller.o
    0x08008508   0x08008508   0x0000009a   Code   RO         2069    i.f_Integral_Limit  controller.o
    0x080085a2   0x080085a2   0x0000004e   Code   RO         2070    i.f_Output_Filter   controller.o
    0x080085f0   0x080085f0   0x00000040   Code   RO         2071    i.f_Output_Limit    controller.o
    0x08008630   0x08008630   0x000000a4   Code   RO         2072    i.f_PID_ErrorHandle  controller.o
    0x080086d4   0x080086d4   0x00000040   Code   RO         2073    i.f_Proportion_Limit  controller.o
    0x08008714   0x08008714   0x00000062   Code   RO         2074    i.f_Trapezoid_Intergral  controller.o
    0x08008776   0x08008776   0x0000002c   Code   RO         2233    i.fifo_s_get        fifo.o
    0x080087a2   0x080087a2   0x00000016   Code   RO         2236    i.fifo_s_init       fifo.o
    0x080087b8   0x080087b8   0x0000007c   Code   RO         2242    i.fifo_s_puts       fifo.o
    0x08008834   0x08008834   0x00000004   Code   RO         2244    i.fifo_s_used       fifo.o
    0x08008838   0x08008838   0x0000004e   Code   RO         1770    i.first_order_filter_cali  user_lib.o
    0x08008886   0x08008886   0x00000012   Code   RO         1771    i.first_order_filter_init  user_lib.o
    0x08008898   0x08008898   0x00000028   Code   RO         1386    i.float_to_uint     can_receive.o
    0x080088c0   0x080088c0   0x00000020   Code   RO         1772    i.fp32_constrain    user_lib.o
    0x080088e0   0x080088e0   0x00000028   Code   RO         2164    i.fsg               td.o
    0x08008908   0x08008908   0x00000014   Code   RO         1387    i.get_chassis_motor_point  can_receive.o
    0x0800891c   0x0800891c   0x00000008   Code   RO         1388    i.get_clamp_motor_point  can_receive.o
    0x08008924   0x08008924   0x0000002c   Code   RO         2431    i.get_crc16_check_sum  protocol.o
    0x08008950   0x08008950   0x0000001c   Code   RO         2432    i.get_crc8_check_sum  protocol.o
    0x0800896c   0x0800896c   0x00000008   Code   RO         1389    i.get_lift_motor_point  can_receive.o
    0x08008974   0x08008974   0x00000008   Code   RO         1390    i.get_picture_motor_point  can_receive.o
    0x0800897c   0x0800897c   0x00000008   Code   RO         1714    i.get_remote_control_point  remote_control.o
    0x08008984   0x08008984   0x00000010   Code   RO         6375    i.inHandlerMode     cmsis_os.o
    0x08008994   0x08008994   0x0000002c   Code   RO         1629    i.init_referee_struct_data  referee.o
    0x080089c0   0x080089c0   0x00000010   Code   RO         1774    i.int16_constrain   user_lib.o
    0x080089d0   0x080089d0   0x0000000e   Code   RO         1586    i.key_init          keyboard.o
    0x080089de   0x080089de   0x0000005a   Code   RO         1587    i.key_itself_press_num  keyboard.o
    0x08008a38   0x08008a38   0x00000088   Code   RO         1588    i.key_press         keyboard.o
    0x08008ac0   0x08008ac0   0x00000046   Code   RO         1777    i.loop_fp32_constrain  user_lib.o
    0x08008b06   0x08008b06   0x00000002   PAD
    0x08008b08   0x08008b08   0x000000a4   Code   RO           15    i.main              main.o
    0x08008bac   0x08008bac   0x0000000c   Code   RO         6377    i.makeFreeRtosPriority  cmsis_os.o
    0x08008bb8   0x08008bb8   0x00000010   Code   RO         6379    i.osDelay           cmsis_os.o
    0x08008bc8   0x08008bc8   0x0000000a   Code   RO         6382    i.osKernelStart     cmsis_os.o
    0x08008bd2   0x08008bd2   0x00000018   Code   RO         6383    i.osKernelSysTick   cmsis_os.o
    0x08008bea   0x08008bea   0x0000005c   Code   RO         6416    i.osThreadCreate    cmsis_os.o
    0x08008c46   0x08008c46   0x00000002   PAD
    0x08008c48   0x08008c48   0x00000080   Code   RO         5851    i.prvAddCurrentTaskToDelayedList  tasks.o
    0x08008cc8   0x08008cc8   0x00000088   Code   RO         5852    i.prvAddNewTaskToReadyList  tasks.o
    0x08008d50   0x08008d50   0x0000005c   Code   RO         6221    i.prvCheckForValidListAndQueue  timers.o
    0x08008dac   0x08008dac   0x00000040   Code   RO         5853    i.prvCheckTasksWaitingTermination  tasks.o
    0x08008dec   0x08008dec   0x00000024   Code   RO         5504    i.prvCopyDataFromQueue  queue.o
    0x08008e10   0x08008e10   0x0000006e   Code   RO         5505    i.prvCopyDataToQueue  queue.o
    0x08008e7e   0x08008e7e   0x00000040   Code   RO         5854    i.prvDeleteTCB      tasks.o
    0x08008ebe   0x08008ebe   0x00000002   PAD
    0x08008ec0   0x08008ec0   0x00000024   Code   RO         6222    i.prvGetNextExpireTime  timers.o
    0x08008ee4   0x08008ee4   0x00000050   Code   RO         6756    i.prvHeapInit       heap_4.o
    0x08008f34   0x08008f34   0x00000028   Code   RO         5855    i.prvIdleTask       tasks.o
    0x08008f5c   0x08008f5c   0x00000018   Code   RO         5508    i.prvInitialiseNewQueue  queue.o
    0x08008f74   0x08008f74   0x00000098   Code   RO         5856    i.prvInitialiseNewTask  tasks.o
    0x0800900c   0x0800900c   0x00000060   Code   RO         5857    i.prvInitialiseTaskLists  tasks.o
    0x0800906c   0x0800906c   0x0000005c   Code   RO         6757    i.prvInsertBlockIntoFreeList  heap_4.o
    0x080090c8   0x080090c8   0x00000048   Code   RO         6224    i.prvInsertTimerInActiveList  timers.o
    0x08009110   0x08009110   0x0000001a   Code   RO         5509    i.prvIsQueueEmpty   queue.o
    0x0800912a   0x0800912a   0x0000001e   Code   RO         5510    i.prvIsQueueFull    queue.o
    0x08009148   0x08009148   0x00000068   Code   RO         6225    i.prvProcessExpiredTimer  timers.o
    0x080091b0   0x080091b0   0x00000104   Code   RO         6226    i.prvProcessReceivedCommands  timers.o
    0x080092b4   0x080092b4   0x0000006c   Code   RO         6227    i.prvProcessTimerOrBlockTask  timers.o
    0x08009320   0x08009320   0x00000024   Code   RO         5858    i.prvResetNextTaskUnblockTime  tasks.o
    0x08009344   0x08009344   0x0000002c   Code   RO         6228    i.prvSampleTimeNow  timers.o
    0x08009370   0x08009370   0x00000078   Code   RO         6229    i.prvSwitchTimerLists  timers.o
    0x080093e8   0x080093e8   0x00000030   Code   RO         6812    i.prvTaskExitError  port.o
    0x08009418   0x08009418   0x00000014   Code   RO         6230    i.prvTimerTask      timers.o
    0x0800942c   0x0800942c   0x00000068   Code   RO         5511    i.prvUnlockQueue    queue.o
    0x08009494   0x08009494   0x000000e8   Code   RO         6758    i.pvPortMalloc      heap_4.o
    0x0800957c   0x0800957c   0x0000002c   Code   RO         6813    i.pxPortInitialiseStack  port.o
    0x080095a8   0x080095a8   0x00000058   Code   RO         1630    i.referee_data_solve  referee.o
    0x08009600   0x08009600   0x0000012c   Code   RO         1671    i.referee_unpack_fifo_data  referee_usart_task.o
    0x0800972c   0x0800972c   0x00000034   Code   RO         1672    i.referee_usart_task  referee_usart_task.o
    0x08009760   0x08009760   0x00000010   Code   RO         1715    i.remote_control_init  remote_control.o
    0x08009770   0x08009770   0x00000122   Code   RO         1716    i.sbus_to_rc        remote_control.o
    0x08009892   0x08009892   0x0000006e   Code   RO         7233    i.sqrt              m_wm.l(sqrt_full.o)
    0x08009900   0x08009900   0x0000001c   Code   RO         1025    i.uart5_init        bsp_usart.o
    0x0800991c   0x0800991c   0x00000014   Code   RO         1026    i.uart6_init        bsp_usart.o
    0x08009930   0x08009930   0x0000001c   Code   RO         1027    i.uart7_init        bsp_usart.o
    0x0800994c   0x0800994c   0x0000001c   Code   RO         1028    i.uart8_init        bsp_usart.o
    0x08009968   0x08009968   0x00000028   Code   RO         1391    i.uint_to_float     can_receive.o
    0x08009990   0x08009990   0x000000a8   Code   RO         1717    i.usart1_IRQHandler  remote_control.o
    0x08009a38   0x08009a38   0x000000b8   Code   RO         1029    i.usart2_init       bsp_usart.o
    0x08009af0   0x08009af0   0x000000b8   Code   RO         1030    i.usart6_init       bsp_usart.o
    0x08009ba8   0x08009ba8   0x00000026   Code   RO         5464    i.uxListRemove      list.o
    0x08009bce   0x08009bce   0x00000002   PAD
    0x08009bd0   0x08009bd0   0x00000014   Code   RO          262    i.vApplicationGetIdleTaskMemory  freertos.o
    0x08009be4   0x08009be4   0x00000018   Code   RO          263    i.vApplicationGetTimerTaskMemory  freertos.o
    0x08009bfc   0x08009bfc   0x00000016   Code   RO         5465    i.vListInitialise   list.o
    0x08009c12   0x08009c12   0x00000006   Code   RO         5466    i.vListInitialiseItem  list.o
    0x08009c18   0x08009c18   0x00000036   Code   RO         5467    i.vListInsert       list.o
    0x08009c4e   0x08009c4e   0x00000018   Code   RO         5468    i.vListInsertEnd    list.o
    0x08009c66   0x08009c66   0x00000002   PAD
    0x08009c68   0x08009c68   0x00000040   Code   RO         6815    i.vPortEnterCritical  port.o
    0x08009ca8   0x08009ca8   0x0000002c   Code   RO         6816    i.vPortExitCritical  port.o
    0x08009cd4   0x08009cd4   0x00000064   Code   RO         6759    i.vPortFree         heap_4.o
    0x08009d38   0x08009d38   0x00000024   Code   RO         6817    i.vPortSetupTimerInterrupt  port.o
    0x08009d5c   0x08009d5c   0x00000054   Code   RO         6818    i.vPortValidateInterruptPriority  port.o
    0x08009db0   0x08009db0   0x00000028   Code   RO         5515    i.vQueueAddToRegistry  queue.o
    0x08009dd8   0x08009dd8   0x0000004a   Code   RO         5518    i.vQueueWaitForMessageRestricted  queue.o
    0x08009e22   0x08009e22   0x00000002   PAD
    0x08009e24   0x08009e24   0x00000050   Code   RO         5871    i.vTaskDelay        tasks.o
    0x08009e74   0x08009e74   0x00000010   Code   RO         5875    i.vTaskInternalSetTimeOutState  tasks.o
    0x08009e84   0x08009e84   0x0000000c   Code   RO         5876    i.vTaskMissedYield  tasks.o
    0x08009e90   0x08009e90   0x00000034   Code   RO         5878    i.vTaskPlaceOnEventList  tasks.o
    0x08009ec4   0x08009ec4   0x0000003c   Code   RO         5879    i.vTaskPlaceOnEventListRestricted  tasks.o
    0x08009f00   0x08009f00   0x00000090   Code   RO         5886    i.vTaskStartScheduler  tasks.o
    0x08009f90   0x08009f90   0x00000010   Code   RO         5888    i.vTaskSuspendAll   tasks.o
    0x08009fa0   0x08009fa0   0x00000060   Code   RO         5889    i.vTaskSwitchContext  tasks.o
    0x0800a000   0x0800a000   0x0000003c   Code   RO         2433    i.verify_crc16_check_sum  protocol.o
    0x0800a03c   0x0800a03c   0x0000002a   Code   RO         2434    i.verify_crc8_check_sum  protocol.o
    0x0800a066   0x0800a066   0x00000002   PAD
    0x0800a068   0x0800a068   0x00000104   Code   RO         6819    i.xPortStartScheduler  port.o
    0x0800a16c   0x0800a16c   0x0000002c   Code   RO         6820    i.xPortSysTickHandler  port.o
    0x0800a198   0x0800a198   0x00000070   Code   RO         5522    i.xQueueGenericCreateStatic  queue.o
    0x0800a208   0x0800a208   0x00000090   Code   RO         5523    i.xQueueGenericReset  queue.o
    0x0800a298   0x0800a298   0x00000170   Code   RO         5524    i.xQueueGenericSend  queue.o
    0x0800a408   0x0800a408   0x000000be   Code   RO         5525    i.xQueueGenericSendFromISR  queue.o
    0x0800a4c6   0x0800a4c6   0x00000002   PAD
    0x0800a4c8   0x0800a4c8   0x00000148   Code   RO         5533    i.xQueueReceive     queue.o
    0x0800a610   0x0800a610   0x00000098   Code   RO         5892    i.xTaskCheckForTimeOut  tasks.o
    0x0800a6a8   0x0800a6a8   0x0000006c   Code   RO         5893    i.xTaskCreate       tasks.o
    0x0800a714   0x0800a714   0x00000060   Code   RO         5894    i.xTaskCreateStatic  tasks.o
    0x0800a774   0x0800a774   0x0000001c   Code   RO         5899    i.xTaskGetSchedulerState  tasks.o
    0x0800a790   0x0800a790   0x0000000c   Code   RO         5900    i.xTaskGetTickCount  tasks.o
    0x0800a79c   0x0800a79c   0x00000010   Code   RO         5901    i.xTaskGetTickCountFromISR  tasks.o
    0x0800a7ac   0x0800a7ac   0x000000d4   Code   RO         5902    i.xTaskIncrementTick  tasks.o
    0x0800a880   0x0800a880   0x0000009c   Code   RO         5905    i.xTaskPriorityDisinherit  tasks.o
    0x0800a91c   0x0800a91c   0x00000078   Code   RO         5907    i.xTaskRemoveFromEventList  tasks.o
    0x0800a994   0x0800a994   0x000000cc   Code   RO         5908    i.xTaskResumeAll    tasks.o
    0x0800aa60   0x0800aa60   0x00000068   Code   RO         6237    i.xTimerCreateTimerTask  timers.o
    0x0800aac8   0x0800aac8   0x00000074   Code   RO         6238    i.xTimerGenericCommand  timers.o
    0x0800ab3c   0x0800ab3c   0x000002c4   Code   RO         7181    x$fpl$d2f           g_wm.l(d2f_clz.o)
    0x0800ae00   0x0800ae00   0x0000024c   Code   RO         7183    x$fpl$dadd          g_wm.l(daddsub_clz.o)
    0x0800b04c   0x0800b04c   0x0000037c   Code   RO         7190    x$fpl$ddiv          g_wm.l(ddiv_clz.o)
    0x0800b3c8   0x0800b3c8   0x0000001a   Code   RO         7195    x$fpl$dfltn         g_wm.l(dflt_clz.o)
    0x0800b3e2   0x0800b3e2   0x00000002   PAD
    0x0800b3e4   0x0800b3e4   0x000001c0   Code   RO         7201    x$fpl$dmul          g_wm.l(dmul_clz.o)
    0x0800b5a4   0x0800b5a4   0x00000102   Code   RO         7340    x$fpl$dnaninf       g_wm.l(dnaninf.o)
    0x0800b6a6   0x0800b6a6   0x00000070   Code   RO         7342    x$fpl$drenorm       g_wm.l(drenorm_clz.o)
    0x0800b716   0x0800b716   0x0000000c   Code   RO         7344    x$fpl$dretinf       g_wm.l(dretinf.o)
    0x0800b722   0x0800b722   0x00000002   PAD
    0x0800b724   0x0800b724   0x00000050   Code   RO         7184    x$fpl$drsb          g_wm.l(daddsub_clz.o)
    0x0800b774   0x0800b774   0x00000208   Code   RO         7346    x$fpl$dsqrt         g_wm.l(dsqrt_umaalclz.o)
    0x0800b97c   0x0800b97c   0x0000029c   Code   RO         7185    x$fpl$dsub          g_wm.l(daddsub_clz.o)
    0x0800bc18   0x0800bc18   0x0000017a   Code   RO         7348    x$fpl$dunder        g_wm.l(dunder_clz.o)
    0x0800bd92   0x0800bd92   0x00000002   PAD
    0x0800bd94   0x0800bd94   0x000001ec   Code   RO         7350    x$fpl$exception     g_wm.l(except.o)
    0x0800bf80   0x0800bf80   0x0000007a   Code   RO         7203    x$fpl$f2d           g_wm.l(f2d.o)
    0x0800bffa   0x0800bffa   0x000000f2   Code   RO         7352    x$fpl$fnaninf       g_wm.l(fnaninf.o)
    0x0800c0ec   0x0800c0ec   0x0000000a   Code   RO         7439    x$fpl$fpinit        g_wm.l(fpinit.o)
    0x0800c0f6   0x0800c0f6   0x0000000a   Code   RO         7354    x$fpl$fretinf       g_wm.l(fretinf.o)
    0x0800c100   0x0800c100   0x0000013c   Code   RO         7356    x$fpl$funder        g_wm.l(funder_clz.o)
    0x0800c23c   0x0800c23c   0x000000b2   Code   RO         7441    x$fpl$retnan        g_wm.l(retnan.o)
    0x0800c2ee   0x0800c2ee   0x0000007e   Code   RO         7358    x$fpl$trapveneer    g_wm.l(trapv.o)
    0x0800c36c   0x0800c36c   0x00000000   Code   RO         7360    x$fpl$usenofp       g_wm.l(usenofp.o)
    0x0800c36c   0x0800c36c   0x00000070   Data   RO          265    .constdata          freertos.o
    0x0800c3dc   0x0800c3dc   0x00000818   Data   RO         1289    .constdata          arm_control_task.o
    0x0800cbf4   0x0800cbf4   0x00000008   Data   RO         1493    .constdata          chassis_task.o
    0x0800cbfc   0x0800cbfc   0x00000074   Data   RO         1917    .constdata          6dof_kinematic.o
    0x0800cc70   0x0800cc70   0x00000300   Data   RO         2436    .constdata          protocol.o
    0x0800cf70   0x0800cf70   0x00000008   Data   RO         3291    .constdata          stm32f4xx_hal_dma.o
    0x0800cf78   0x0800cf78   0x00000010   Data   RO         5327    .constdata          system_stm32f4xx.o
    0x0800cf88   0x0800cf88   0x00000008   Data   RO         5328    .constdata          system_stm32f4xx.o
    0x0800cf90   0x0800cf90   0x00000804   Data   RO         7072    .constdata          arm_cortexM4lf_math.lib(arm_common_tables.o)
    0x0800d794   0x0800d794   0x00000004   PAD
    0x0800d798   0x0800d798   0x00000050   Data   RO         7208    .constdata          m_wm.l(acos.o)
    0x0800d7e8   0x0800d7e8   0x00000041   Data   RO          266    .conststring        freertos.o
    0x0800d829   0x0800d829   0x00000003   PAD
    0x0800d82c   0x0800d82c   0x00000020   Data   RO         7524    Region$$Table       anon$$obj.o


    Execution Region RW_IRAM2 (Exec base: 0x10000000, Load base: 0x0800d860, Size: 0x00000000, Max: 0x00010000, ABSOLUTE)

    **** No section assigned to this execution region ****


    Execution Region RW_IRAM1 (Exec base: 0x20000000, Load base: 0x0800d84c, Size: 0x0000d540, Max: 0x00030000, ABSOLUTE, COMPRESSED[0x00000014])

    Exec Addr    Load Addr    Size         Type   Attr      Idx    E Section Name        Object

    0x20000000   COMPRESSED   0x00000010   Data   RW          267    .data               freertos.o
    0x20000010   COMPRESSED   0x00000004   Data   RW          379    .data               can.o
    0x20000014   COMPRESSED   0x00000004   PAD
    0x20000018   COMPRESSED   0x00000040   Data   RW          900    .data               bsp_dwt.o
    0x20000058   COMPRESSED   0x0000000a   Data   RW         1034    .data               bsp_usart.o
    0x20000062   COMPRESSED   0x00000002   PAD
    0x20000064   COMPRESSED   0x00000014   Data   RW         1290    .data               arm_control_task.o
    0x20000078   COMPRESSED   0x0000001a   Data   RW         1393    .data               can_receive.o
    0x20000092   COMPRESSED   0x00000002   PAD
    0x20000094   COMPRESSED   0x00000018   Data   RW         1494    .data               chassis_task.o
    0x200000ac   COMPRESSED   0x00000004   Data   RW         1590    .data               keyboard.o
    0x200000b0   COMPRESSED   0x00000009   Data   RW         1632    .data               referee.o
    0x200000b9   COMPRESSED   0x00000001   PAD
    0x200000ba   COMPRESSED   0x00000004   Data   RW         1675    .data               referee_usart_task.o
    0x200000be   COMPRESSED   0x00000002   Data   RW         1719    .data               remote_control.o
    0x200000c0   COMPRESSED   0x0000000c   Data   RW         1782    .data               user_lib.o
    0x200000cc   COMPRESSED   0x00000020   Data   RW         1918    .data               6dof_kinematic.o
    0x200000ec   COMPRESSED   0x00000002   Data   RW         2437    .data               protocol.o
    0x200000ee   COMPRESSED   0x00000002   PAD
    0x200000f0   COMPRESSED   0x0000000c   Data   RW         3733    .data               stm32f4xx_hal.o
    0x200000fc   COMPRESSED   0x00000004   Data   RW         5329    .data               system_stm32f4xx.o
    0x20000100   COMPRESSED   0x0000003c   Data   RW         5911    .data               tasks.o
    0x2000013c   COMPRESSED   0x00000014   Data   RW         6244    .data               timers.o
    0x20000150   COMPRESSED   0x00000020   Data   RW         6765    .data               heap_4.o
    0x20000170   COMPRESSED   0x0000000c   Data   RW         6821    .data               port.o
    0x2000017c        -       0x000006a8   Zero   RW          264    .bss                freertos.o
    0x20000824        -       0x00000050   Zero   RW          378    .bss                can.o
    0x20000874        -       0x000000d8   Zero   RW          453    .bss                tim.o
    0x2000094c        -       0x000003bc   Zero   RW          519    .bss                usart.o
    0x20000d08        -       0x00000400   Zero   RW         1032    .bss                bsp_usart.o
    0x20001108        -       0x0000001c   Zero   RW         1099    .bss                a_communicate_task.o
    0x20001124        -       0x00000e18   Zero   RW         1286    .bss                arm_control_task.o
    0x20001f3c        -       0x000000d8   Zero   RW         1392    .bss                can_receive.o
    0x20002014        -       0x00000880   Zero   RW         1492    .bss                chassis_task.o
    0x20002894        -       0x0000004b   Zero   RW         1589    .bss                keyboard.o
    0x200028df        -       0x00000039   Zero   RW         1631    .bss                referee.o
    0x20002918        -       0x000008a1   Zero   RW         1673    .bss                referee_usart_task.o
    0x200031b9        -       0x0000006c   Zero   RW         1718    .bss                remote_control.o
    0x20003225   COMPRESSED   0x00000003   PAD
    0x20003228        -       0x000000a0   Zero   RW         1916    .bss                6dof_kinematic.o
    0x200032c8        -       0x00000040   Zero   RW         5536    .bss                queue.o
    0x20003308        -       0x000000f0   Zero   RW         5910    .bss                tasks.o
    0x200033f8        -       0x000000e8   Zero   RW         6243    .bss                timers.o
    0x200034e0        -       0x00006000   Zero   RW         6764    .bss                heap_4.o
    0x200094e0        -       0x00000060   Zero   RW         7396    .bss                c_w.l(libspace.o)
    0x20009540        -       0x00002000   Zero   RW            2    HEAP                startup_stm32f427xx.o
    0x2000b540        -       0x00002000   Zero   RW            1    STACK               startup_stm32f427xx.o


==============================================================================

Image component sizes


      Code (inc. data)   RO Data    RW Data    ZI Data      Debug   Object Name

      3440         90        116         32        160      25697   6dof_kinematic.o
       100         12          0          0         28     639827   a_communicate_task.o
      4076        286       2072         20       3608      28281   arm_control_task.o
        88          8          0          0          0     634554   bsp_can.o
       180         36          0         64          0       3474   bsp_dwt.o
         0          0          0          0          0        416   bsp_gyro.o
        96         12          0          0          0       1070   bsp_rc.o
       636         94          0         10       1024       6984   bsp_usart.o
       384         40          0          4         80       2666   can.o
      1240        132          0         26        216      10850   can_receive.o
      3808        348          8         24       2176      21325   chassis_task.o
       170          0          0          0          0      29717   cmsis_os.o
      2416         20          0          0          0      10853   controller.o
       124          4          0          0          0        914   dma.o
         0          0          0          0          0      19900   event_groups.o
       194          0          0          0          0       9765   fifo.o
       148         18        177         16       1704       4575   freertos.o
       420         34          0          0          0       1315   gpio.o
       504         32          0         32      24576       5247   heap_4.o
       240         24          0          4         75       3639   keyboard.o
       144          0          0          0          0       3810   list.o
       316         16          0          0          0     787008   main.o
       814         92          0         12          0      12433   port.o
       174         16        768          2          0       3907   protocol.o
      1586         24          0          0         64      18224   queue.o
       132         18          0          9         57       3357   referee.o
       500         50          0          4       2209       4345   referee_usart_task.o
       482         34          0          2        108       3423   remote_control.o
        64         26        428          0      16384        880   startup_stm32f427xx.o
       148         24          0         12          0       9177   stm32f4xx_hal.o
      2004          6          0          0          0      15691   stm32f4xx_hal_can.o
       208         16          0          0          0      33851   stm32f4xx_hal_cortex.o
      1104         18          8          0          0       6071   stm32f4xx_hal_dma.o
       616         24          0          0          0       3215   stm32f4xx_hal_gpio.o
        56          4          0          0          0        938   stm32f4xx_hal_msp.o
      1722        104          0          0          0       6776   stm32f4xx_hal_rcc.o
      1770         56          0          0          0      14243   stm32f4xx_hal_tim.o
       154          0          0          0          0       1480   stm32f4xx_hal_tim_ex.o
      1382          8          0          0          0      10120   stm32f4xx_hal_uart.o
       184         58          0          0          0       9502   stm32f4xx_it.o
        16          4         24          4          0       1235   system_stm32f4xx.o
      2296        200          0         60        240      29657   tasks.o
       878         48          0          0          0       5148   td.o
       760         62          0          0        216       4312   tim.o
      1076         96          0         20        232      31431   timers.o
      1300        130          0          0        956       9122   usart.o
       780          6          0         12          0       8747   user_lib.o

    ----------------------------------------------------------------------
     38984       2330       3636        380      54116    2499172   Object Totals
         0          0         32          0          0          0   (incl. Generated)
        54          0          3         11          3          0   (incl. Padding)

    ----------------------------------------------------------------------

      Code (inc. data)   RO Data    RW Data    ZI Data      Debug   Library Member Name

         0          0       2052          0          0       4636   arm_common_tables.o
       120         12          0          0          0      16970   arm_cos_f32.o
         8          0          0          0          0        843   arm_mat_init_f32.o
       316          4          0          0          0       1627   arm_mat_mult_f32.o
       116         12          0          0          0        658   arm_sin_f32.o
        58          0          0          0          0          0   __dczerorl.o
         8          0          0          0          0         68   __main.o
         0          0          0          0          0          0   __rtentry.o
        12          0          0          0          0          0   __rtentry2.o
         6          0          0          0          0          0   __rtentry4.o
        52          8          0          0          0          0   __scatter.o
        28          0          0          0          0          0   __scatter_zi.o
        48          4          0          0          0         84   _fptrap.o
        22          0          0          0          0        100   _rserrno.o
        16          0          0          0          0         68   aeabi_memset.o
        10          0          0          0          0         68   defsig_exit.o
       172        110          0          0          0         76   defsig_fpe_inner.o
        14          0          0          0          0         80   defsig_fpe_outer.o
        50          0          0          0          0         88   defsig_general.o
        80         58          0          0          0         76   defsig_rtmem_inner.o
        14          0          0          0          0         80   defsig_rtmem_outer.o
        18          0          0          0          0         80   exit.o
        94          0          0          0          0         80   h1_alloc.o
        52          0          0          0          0         68   h1_extend.o
        78          0          0          0          0         80   h1_free.o
        14          0          0          0          0         84   h1_init.o
         6          0          0          0          0        152   heapauxi.o
         4          0          0          0          0        136   hguard.o
       138          0          0          0          0        168   init_alloc.o
         2          0          0          0          0          0   libinit.o
        14          0          0          0          0          0   libinit2.o
         2          0          0          0          0          0   libshutdown.o
         2          0          0          0          0          0   libshutdown2.o
         8          4          0          0         96         68   libspace.o
       238          0          0          0          0        100   lludivv7m.o
         0          0          0          0          0          0   maybetermalloc1.o
         8          4          0          0          0         68   rt_errno_addr_intlibspace.o
         8          4          0          0          0         68   rt_heap_descriptor_intlibspace.o
        68          0          0          0          0         68   rt_memclr.o
        78          0          0          0          0         80   rt_memclr_w.o
       138          0          0          0          0         68   rt_memcpy_v6.o
       100          0          0          0          0         80   rt_memcpy_w.o
         2          0          0          0          0          0   rtexit.o
        10          0          0          0          0          0   rtexit2.o
        74          0          0          0          0         80   sys_stackheap_outer.o
         2          0          0          0          0         68   use_no_semi.o
         2          0          0          0          0         68   use_no_semi_2.o
       708         16          0          0          0        140   d2f_clz.o
      1336         32          0          0          0        532   daddsub_clz.o
       892        152          0          0          0        292   ddiv_clz.o
        26          0          0          0          0        116   dflt_clz.o
       448         16          0          0          0        164   dmul_clz.o
       258          4          0          0          0        156   dnaninf.o
       112          0          0          0          0        160   drenorm_clz.o
        12          0          0          0          0        116   dretinf.o
       520         56          0          0          0        180   dsqrt_umaalclz.o
       378          0          0          0          0        168   dunder_clz.o
       492         36          0          0          0        148   except.o
       122          8          0          0          0        132   f2d.o
       242          4          0          0          0        144   fnaninf.o
        10          0          0          0          0        116   fpinit.o
        10          0          0          0          0        116   fretinf.o
       316          0          0          0          0        132   funder_clz.o
       178          0          0          0          0        116   retnan.o
       126          0          0          0          0        148   trapv.o
         0          0          0          0          0          0   usenofp.o
       856        118         80          0          0        288   acos.o
       592         90          0          0          0        184   atan2f.o
        52          8          0          0          0        248   dunder.o
        38          0          0          0          0        116   fpclassifyf.o
        22          6          0          0          0        232   funder.o
       248          0          0          0          0        152   poly.o
       232          0          0          0          0        296   sqrt_full.o
        58          0          0          0          0        136   sqrtf_full.o

    ----------------------------------------------------------------------
     10616        766       2136          0         96      31914   Library Totals
        22          0          4          0          0          0   (incl. Padding)

    ----------------------------------------------------------------------

      Code (inc. data)   RO Data    RW Data    ZI Data      Debug   Library Name

       560         28       2052          0          0      24734   arm_cortexM4lf_math.lib
      1750        192          0          0         96       2452   c_w.l
      6186        324          0          0          0       3076   g_wm.l
      2098        222         80          0          0       1652   m_wm.l

    ----------------------------------------------------------------------
     10616        766       2136          0         96      31914   Library Totals

    ----------------------------------------------------------------------

==============================================================================


      Code (inc. data)   RO Data    RW Data    ZI Data      Debug   

     49600       3096       5772        380      54212    2499934   Grand Totals
     49600       3096       5772         20      54212    2499934   ELF Image Totals (compressed)
     49600       3096       5772         20          0          0   ROM Totals

==============================================================================

    Total RO  Size (Code + RO Data)                55372 (  54.07kB)
    Total RW  Size (RW Data + ZI Data)             54592 (  53.31kB)
    Total ROM Size (Code + RO Data + RW Data)      55392 (  54.09kB)

==============================================================================

