<html>
<body>
<pre>
<h1>µVision Build Log</h1>
<h2>Tool Versions:</h2>
IDE-Version: ¦ÌVision V5.31.0.0
Copyright (C) 2020 ARM Ltd and ARM Germany GmbH. All rights reserved.
License Information:  ,  , LIC=MPPLD-8STCB-FWU2N-Y7ZNI-7FG8G-2FI77
 
Tool Versions:
Toolchain:       MDK-ARM Plus  Version: 5.31.0.0
Toolchain Path:  G:\keil\KeilMDK\Keil_v5\ARM\ARMCC\Bin
C Compiler:      Armcc.exe V5.06 update 6 (build 750)
Assembler:       Armasm.exe V5.06 update 6 (build 750)
Linker/Locator:  ArmLink.exe V5.06 update 6 (build 750)
Library Manager: ArmAr.exe V5.06 update 6 (build 750)
Hex Converter:   FromElf.exe V5.06 update 6 (build 750)
CPU DLL:         SARMCM3.DLL V5.31.0.0
Dialog DLL:      DCM.DLL V1.17.3.0
Target DLL:      CMSIS_AGDI.dll V1.32.6.0
Dialog DLL:      TCM.DLL V1.46.0.0
 
<h2>Project:</h2>
C:\Users\qiyehwzi\Desktop\2024engineer_remake_1_15\engineer2024_imu_chassis\MDK-ARM\RM_Gimbal.uvprojx
Project File Date:  01/16/2025

<h2>Output:</h2>
*** Using Compiler 'V5.06 update 6 (build 750)', folder: 'G:\keil\KeilMDK\Keil_v5\ARM\ARMCC\Bin'
Build target 'RM_Gimbal'
assembling startup_stm32f407xx.s...
compiling stm32f4xx_hal_timebase_tim.c...
compiling gpio.c...
compiling dma.c...
compiling can.c...
compiling i2c.c...
compiling spi.c...
compiling stm32f4xx_hal_msp.c...
compiling tim.c...
compiling usart.c...
compiling stm32f4xx_it.c...
compiling freertos.c...
compiling main.c...
compiling stm32f4xx_hal_dma.c...
compiling stm32f4xx_hal_flash_ramfunc.c...
compiling stm32f4xx_hal_cortex.c...
compiling stm32f4xx_hal_pwr_ex.c...
compiling stm32f4xx_hal_rcc_ex.c...
compiling stm32f4xx_hal_pwr.c...
compiling stm32f4xx_hal_gpio.c...
compiling stm32f4xx_hal_flash_ex.c...
compiling stm32f4xx_hal_flash.c...
compiling stm32f4xx_hal_can.c...
compiling stm32f4xx_hal_dma_ex.c...
compiling stm32f4xx_hal_rcc.c...
compiling stm32f4xx_hal_exti.c...
compiling bsp_can.c...
compiling bsp_dwt.c...
compiling stm32f4xx_hal_i2c_ex.c...
compiling bsp_delay.c...
compiling system_stm32f4xx.c...
compiling stm32f4xx_hal.c...
compiling stm32f4xx_hal_spi.c...
compiling stm32f4xx_hal_uart.c...
compiling stm32f4xx_hal_tim_ex.c...
compiling stm32f4xx_hal_i2c.c...
compiling stm32f4xx_hal_tim.c...
compiling croutine.c...
compiling event_groups.c...
compiling list.c...
compiling queue.c...
compiling stream_buffer.c...
compiling tasks.c...
compiling timers.c...
compiling cmsis_os.c...
compiling heap_4.c...
compiling port.c...
compiling CAN_receive.c...
compiling motor_task.c...
compiling bsp_usart.c...
compiling bsp_spi.c...
compiling ins_task.c...
compiling gimbal_behaviour.c...
compiling sin.c...
compiling usart_communicate.c...
compiling shoot.c...
compiling pc_task.c...
..\application\pc_task.c(48): warning:  #177-D: function "data_solve"  was declared but never referenced
  static void data_solve(receive_msg_t *pc_receive_msg, uint8_t *rx_data)
..\application\pc_task.c: 1 warning, 0 errors
compiling protocol.c...
compiling BMI088driver.c...
compiling gimbal_task.c...
compiling Butterworth_Filter.c...
compiling can_communicate.c...
..\application\can_communicate.c(224): warning:  #177-D: function "get_referee_measure"  was declared but never referenced
  void get_referee_measure(uint8_t rx_data[8])
..\application\can_communicate.c: 1 warning, 0 errors
compiling 6dof_kinematic.c...
compiling TD.c...
compiling kalman_filter.c...
compiling QuaternionEKF.c...
compiling buzzer.c...
compiling laser.c...
compiling fifo.c...
compiling ist8310driver.c...
compiling CyberGear.c...
compiling adrc.c...
compiling pid.c...
compiling user_lib.c...
compiling remote_control.c...
compiling controller.c...
linking...
Program Size: Code=37024 RO-data=3556 RW-data=668 ZI-data=44956  
FromELF: creating hex file...
".\RM_Gimbal\RM_Gimbal.elf" - 0 Error(s), 2 Warning(s).

<h2>Software Packages used:</h2>

Package Vendor: ARM
                http://www.keil.com/pack/ARM.CMSIS.5.7.0.pack
                ARM.CMSIS.5.7.0
                CMSIS (Cortex Microcontroller Software Interface Standard)
   * Component: CORE Version: 5.4.0

Package Vendor: Keil
                http://www.keil.com/pack/Keil.STM32F4xx_DFP.2.16.0.pack
                Keil.STM32F4xx_DFP.2.16.0
                STMicroelectronics STM32F4 Series Device Support, Drivers and Examples

<h2>Collection of Component include folders:</h2>
  .\RTE\_RM_Gimbal
  G:\keil\KeilMDK\packs\ARM\CMSIS\5.7.0\CMSIS\Core\Include
  G:\keil\KeilMDK\packs\Keil\STM32F4xx_DFP\2.16.0\Drivers\CMSIS\Device\ST\STM32F4xx\Include

<h2>Collection of Component Files used:</h2>

   * Component: ARM::CMSIS:CORE:5.4.0
Build Time Elapsed:  00:00:43
</pre>
</body>
</html>
