Component: ARM Compiler 5.06 update 6 (build 750) Tool: armlink [4d35ed]

==============================================================================

Section Cross References

    startup_stm32f407xx.o(RESET) refers to startup_stm32f407xx.o(STACK) for __initial_sp
    startup_stm32f407xx.o(RESET) refers to startup_stm32f407xx.o(.text) for Reset_Handler
    startup_stm32f407xx.o(RESET) refers to stm32f4xx_it.o(i.NMI_Handler) for NMI_Handler
    startup_stm32f407xx.o(RESET) refers to stm32f4xx_it.o(i.HardFault_Handler) for HardFault_Handler
    startup_stm32f407xx.o(RESET) refers to stm32f4xx_it.o(i.MemManage_Handler) for MemManage_Handler
    startup_stm32f407xx.o(RESET) refers to stm32f4xx_it.o(i.BusFault_Handler) for BusFault_Handler
    startup_stm32f407xx.o(RESET) refers to stm32f4xx_it.o(i.UsageFault_Handler) for UsageFault_Handler
    startup_stm32f407xx.o(RESET) refers to port.o(.emb_text) for SVC_Handler
    startup_stm32f407xx.o(RESET) refers to stm32f4xx_it.o(i.DebugMon_Handler) for DebugMon_Handler
    startup_stm32f407xx.o(RESET) refers to port.o(i.SysTick_Handler) for SysTick_Handler
    startup_stm32f407xx.o(RESET) refers to stm32f4xx_it.o(i.EXTI0_IRQHandler) for EXTI0_IRQHandler
    startup_stm32f407xx.o(RESET) refers to stm32f4xx_it.o(i.EXTI3_IRQHandler) for EXTI3_IRQHandler
    startup_stm32f407xx.o(RESET) refers to stm32f4xx_it.o(i.EXTI4_IRQHandler) for EXTI4_IRQHandler
    startup_stm32f407xx.o(RESET) refers to stm32f4xx_it.o(i.DMA1_Stream1_IRQHandler) for DMA1_Stream1_IRQHandler
    startup_stm32f407xx.o(RESET) refers to stm32f4xx_it.o(i.CAN1_RX0_IRQHandler) for CAN1_RX0_IRQHandler
    startup_stm32f407xx.o(RESET) refers to stm32f4xx_it.o(i.EXTI9_5_IRQHandler) for EXTI9_5_IRQHandler
    startup_stm32f407xx.o(RESET) refers to stm32f4xx_it.o(i.USART1_IRQHandler) for USART1_IRQHandler
    startup_stm32f407xx.o(RESET) refers to stm32f4xx_it.o(i.USART3_IRQHandler) for USART3_IRQHandler
    startup_stm32f407xx.o(RESET) refers to stm32f4xx_it.o(i.TIM7_IRQHandler) for TIM7_IRQHandler
    startup_stm32f407xx.o(RESET) refers to stm32f4xx_it.o(i.DMA2_Stream1_IRQHandler) for DMA2_Stream1_IRQHandler
    startup_stm32f407xx.o(RESET) refers to stm32f4xx_it.o(i.DMA2_Stream2_IRQHandler) for DMA2_Stream2_IRQHandler
    startup_stm32f407xx.o(RESET) refers to stm32f4xx_it.o(i.DMA2_Stream3_IRQHandler) for DMA2_Stream3_IRQHandler
    startup_stm32f407xx.o(RESET) refers to stm32f4xx_it.o(i.CAN2_RX0_IRQHandler) for CAN2_RX0_IRQHandler
    startup_stm32f407xx.o(RESET) refers to stm32f4xx_it.o(i.DMA2_Stream5_IRQHandler) for DMA2_Stream5_IRQHandler
    startup_stm32f407xx.o(RESET) refers to stm32f4xx_it.o(i.DMA2_Stream6_IRQHandler) for DMA2_Stream6_IRQHandler
    startup_stm32f407xx.o(RESET) refers to stm32f4xx_it.o(i.DMA2_Stream7_IRQHandler) for DMA2_Stream7_IRQHandler
    startup_stm32f407xx.o(RESET) refers to stm32f4xx_it.o(i.USART6_IRQHandler) for USART6_IRQHandler
    startup_stm32f407xx.o(.text) refers to system_stm32f4xx.o(i.SystemInit) for SystemInit
    startup_stm32f407xx.o(.text) refers to entry.o(.ARM.Collect$$$$00000000) for __main
    main.o(i.HAL_TIM_PeriodElapsedCallback) refers to stm32f4xx_hal.o(i.HAL_IncTick) for HAL_IncTick
    main.o(i.SystemClock_Config) refers to memseta.o(.text) for __aeabi_memclr4
    main.o(i.SystemClock_Config) refers to stm32f4xx_hal_rcc.o(i.HAL_RCC_OscConfig) for HAL_RCC_OscConfig
    main.o(i.SystemClock_Config) refers to main.o(i.Error_Handler) for Error_Handler
    main.o(i.SystemClock_Config) refers to stm32f4xx_hal_rcc.o(i.HAL_RCC_ClockConfig) for HAL_RCC_ClockConfig
    main.o(i.main) refers to stm32f4xx_hal.o(i.HAL_Init) for HAL_Init
    main.o(i.main) refers to main.o(i.SystemClock_Config) for SystemClock_Config
    main.o(i.main) refers to gpio.o(i.MX_GPIO_Init) for MX_GPIO_Init
    main.o(i.main) refers to dma.o(i.MX_DMA_Init) for MX_DMA_Init
    main.o(i.main) refers to can.o(i.MX_CAN1_Init) for MX_CAN1_Init
    main.o(i.main) refers to can.o(i.MX_CAN2_Init) for MX_CAN2_Init
    main.o(i.main) refers to usart.o(i.MX_USART1_UART_Init) for MX_USART1_UART_Init
    main.o(i.main) refers to usart.o(i.MX_USART3_UART_Init) for MX_USART3_UART_Init
    main.o(i.main) refers to tim.o(i.MX_TIM10_Init) for MX_TIM10_Init
    main.o(i.main) refers to tim.o(i.MX_TIM4_Init) for MX_TIM4_Init
    main.o(i.main) refers to i2c.o(i.MX_I2C3_Init) for MX_I2C3_Init
    main.o(i.main) refers to spi.o(i.MX_SPI1_Init) for MX_SPI1_Init
    main.o(i.main) refers to tim.o(i.MX_TIM3_Init) for MX_TIM3_Init
    main.o(i.main) refers to tim.o(i.MX_TIM8_Init) for MX_TIM8_Init
    main.o(i.main) refers to usart.o(i.MX_USART6_UART_Init) for MX_USART6_UART_Init
    main.o(i.main) refers to remote_control.o(i.remote_control_init) for remote_control_init
    main.o(i.main) refers to bsp_can.o(i.can_filter_init) for can_filter_init
    main.o(i.main) refers to bsp_delay.o(i.delay_init) for delay_init
[...]
    _main_init                               0x08000191   Thumb Code     0  entry9a.o(.ARM.Collect$$$$0000000B)
    __rt_final_cpp                           0x08000199   Thumb Code     0  entry10a.o(.ARM.Collect$$$$0000000D)
    __rt_final_exit                          0x08000199   Thumb Code     0  entry11a.o(.ARM.Collect$$$$0000000F)
    SVC_Handler                              0x0800019d   Thumb Code    28  port.o(.emb_text)
    __asm___6_port_c_39a90d8d__prvStartFirstTask 0x080001bd   Thumb Code    36  port.o(.emb_text)
    __asm___6_port_c_39a90d8d__prvEnableVFP  0x080001e5   Thumb Code    16  port.o(.emb_text)
    PendSV_Handler                           0x080001f9   Thumb Code    88  port.o(.emb_text)
    vPortGetIPSR                             0x08000255   Thumb Code     6  port.o(.emb_text)
    Reset_Handler                            0x0800025d   Thumb Code     8  startup_stm32f407xx.o(.text)
    ADC_IRQHandler                           0x08000277   Thumb Code     0  startup_stm32f407xx.o(.text)
    CAN1_RX1_IRQHandler                      0x08000277   Thumb Code     0  startup_stm32f407xx.o(.text)
    CAN1_SCE_IRQHandler                      0x08000277   Thumb Code     0  startup_stm32f407xx.o(.text)
    CAN1_TX_IRQHandler                       0x08000277   Thumb Code     0  startup_stm32f407xx.o(.text)
    CAN2_RX1_IRQHandler                      0x08000277   Thumb Code     0  startup_stm32f407xx.o(.text)
    CAN2_SCE_IRQHandler                      0x08000277   Thumb Code     0  startup_stm32f407xx.o(.text)
    CAN2_TX_IRQHandler                       0x08000277   Thumb Code     0  startup_stm32f407xx.o(.text)
    DCMI_IRQHandler                          0x08000277   Thumb Code     0  startup_stm32f407xx.o(.text)
    DMA1_Stream0_IRQHandler                  0x08000277   Thumb Code     0  startup_stm32f407xx.o(.text)
    DMA1_Stream2_IRQHandler                  0x08000277   Thumb Code     0  startup_stm32f407xx.o(.text)
    DMA1_Stream3_IRQHandler                  0x08000277   Thumb Code     0  startup_stm32f407xx.o(.text)
    DMA1_Stream4_IRQHandler                  0x08000277   Thumb Code     0  startup_stm32f407xx.o(.text)
    DMA1_Stream5_IRQHandler                  0x08000277   Thumb Code     0  startup_stm32f407xx.o(.text)
    DMA1_Stream6_IRQHandler                  0x08000277   Thumb Code     0  startup_stm32f407xx.o(.text)
    DMA1_Stream7_IRQHandler                  0x08000277   Thumb Code     0  startup_stm32f407xx.o(.text)
    DMA2_Stream0_IRQHandler                  0x08000277   Thumb Code     0  startup_stm32f407xx.o(.text)
    DMA2_Stream4_IRQHandler                  0x08000277   Thumb Code     0  startup_stm32f407xx.o(.text)
    ETH_IRQHandler                           0x08000277   Thumb Code     0  startup_stm32f407xx.o(.text)
    ETH_WKUP_IRQHandler                      0x08000277   Thumb Code     0  startup_stm32f407xx.o(.text)
    EXTI15_10_IRQHandler                     0x08000277   Thumb Code     0  startup_stm32f407xx.o(.text)
    EXTI1_IRQHandler                         0x08000277   Thumb Code     0  startup_stm32f407xx.o(.text)
    EXTI2_IRQHandler                         0x08000277   Thumb Code     0  startup_stm32f407xx.o(.text)
    FLASH_IRQHandler                         0x08000277   Thumb Code     0  startup_stm32f407xx.o(.text)
    FMC_IRQHandler                           0x08000277   Thumb Code     0  startup_stm32f407xx.o(.text)
    FPU_IRQHandler                           0x08000277   Thumb Code     0  startup_stm32f407xx.o(.text)
    HASH_RNG_IRQHandler                      0x08000277   Thumb Code     0  startup_stm32f407xx.o(.text)
    I2C1_ER_IRQHandler                       0x08000277   Thumb Code     0  startup_stm32f407xx.o(.text)
    I2C1_EV_IRQHandler                       0x08000277   Thumb Code     0  startup_stm32f407xx.o(.text)
    I2C2_ER_IRQHandler                       0x08000277   Thumb Code     0  startup_stm32f407xx.o(.text)
    I2C2_EV_IRQHandler                       0x08000277   Thumb Code     0  startup_stm32f407xx.o(.text)
    I2C3_ER_IRQHandler                       0x08000277   Thumb Code     0  startup_stm32f407xx.o(.text)
    I2C3_EV_IRQHandler                       0x08000277   Thumb Code     0  startup_stm32f407xx.o(.text)
    OTG_FS_IRQHandler                        0x08000277   Thumb Code     0  startup_stm32f407xx.o(.text)
    OTG_FS_WKUP_IRQHandler                   0x08000277   Thumb Code     0  startup_stm32f407xx.o(.text)
    OTG_HS_EP1_IN_IRQHandler                 0x08000277   Thumb Code     0  startup_stm32f407xx.o(.text)
    OTG_HS_EP1_OUT_IRQHandler                0x08000277   Thumb Code     0  startup_stm32f407xx.o(.text)
    OTG_HS_IRQHandler                        0x08000277   Thumb Code     0  startup_stm32f407xx.o(.text)
    OTG_HS_WKUP_IRQHandler                   0x08000277   Thumb Code     0  startup_stm32f407xx.o(.text)
    PVD_IRQHandler                           0x08000277   Thumb Code     0  startup_stm32f407xx.o(.text)
    RCC_IRQHandler                           0x08000277   Thumb Code     0  startup_stm32f407xx.o(.text)
    RTC_Alarm_IRQHandler                     0x08000277   Thumb Code     0  startup_stm32f407xx.o(.text)
    RTC_WKUP_IRQHandler                      0x08000277   Thumb Code     0  startup_stm32f407xx.o(.text)
    SDIO_IRQHandler                          0x08000277   Thumb Code     0  startup_stm32f407xx.o(.text)
    SPI1_IRQHandler                          0x08000277   Thumb Code     0  startup_stm32f407xx.o(.text)
    SPI2_IRQHandler                          0x08000277   Thumb Code     0  startup_stm32f407xx.o(.text)
    SPI3_IRQHandler                          0x08000277   Thumb Code     0  startup_stm32f407xx.o(.text)
    TAMP_STAMP_IRQHandler                    0x08000277   Thumb Code     0  startup_stm32f407xx.o(.text)
    TIM1_BRK_TIM9_IRQHandler                 0x08000277   Thumb Code     0  startup_stm32f407xx.o(.text)
    TIM1_CC_IRQHandler                       0x08000277   Thumb Code     0  startup_stm32f407xx.o(.text)
    TIM1_TRG_COM_TIM11_IRQHandler            0x08000277   Thumb Code     0  startup_stm32f407xx.o(.text)
    TIM1_UP_TIM10_IRQHandler                 0x08000277   Thumb Code     0  startup_stm32f407xx.o(.text)
    TIM2_IRQHandler                          0x08000277   Thumb Code     0  startup_stm32f407xx.o(.text)
    TIM3_IRQHandler                          0x08000277   Thumb Code     0  startup_stm32f407xx.o(.text)
    TIM4_IRQHandler                          0x08000277   Thumb Code     0  startup_stm32f407xx.o(.text)
    TIM5_IRQHandler                          0x08000277   Thumb Code     0  startup_stm32f407xx.o(.text)
    TIM6_DAC_IRQHandler                      0x08000277   Thumb Code     0  startup_stm32f407xx.o(.text)
    TIM8_BRK_TIM12_IRQHandler                0x08000277   Thumb Code     0  startup_stm32f407xx.o(.text)
    TIM8_CC_IRQHandler                       0x08000277   Thumb Code     0  startup_stm32f407xx.o(.text)
    TIM8_TRG_COM_TIM14_IRQHandler            0x08000277   Thumb Code     0  startup_stm32f407xx.o(.text)
    TIM8_UP_TIM13_IRQHandler                 0x08000277   Thumb Code     0  startup_stm32f407xx.o(.text)
    UART4_IRQHandler                         0x08000277   Thumb Code     0  startup_stm32f407xx.o(.text)
    UART5_IRQHandler                         0x08000277   Thumb Code     0  startup_stm32f407xx.o(.text)
    USART2_IRQHandler                        0x08000277   Thumb Code     0  startup_stm32f407xx.o(.text)
    WWDG_IRQHandler                          0x08000277   Thumb Code     0  startup_stm32f407xx.o(.text)
    arm_cos_f32                              0x08000281   Thumb Code   108  arm_cos_f32.o(.text)
    arm_sin_f32                              0x080002f9   Thumb Code   104  arm_sin_f32.o(.text)
    arm_mat_add_f32                          0x0800036d   Thumb Code   264  arm_mat_add_f32.o(.text)
    arm_mat_init_f32                         0x08000475   Thumb Code     8  arm_mat_init_f32.o(.text)
    arm_mat_inverse_f32                      0x0800047d   Thumb Code  1328  arm_mat_inverse_f32.o(.text)
    arm_mat_mult_f32                         0x080009ad   Thumb Code   312  arm_mat_mult_f32.o(.text)
    arm_mat_sub_f32                          0x08000ae9   Thumb Code   264  arm_mat_sub_f32.o(.text)
    arm_mat_trans_f32                        0x08000bf1   Thumb Code   276  arm_mat_trans_f32.o(.text)
    __aeabi_uldivmod                         0x08000d05   Thumb Code    98  uldiv.o(.text)
    __aeabi_memcpy                           0x08000d67   Thumb Code    36  memcpya.o(.text)
    __aeabi_memcpy4                          0x08000d67   Thumb Code     0  memcpya.o(.text)
    __aeabi_memcpy8                          0x08000d67   Thumb Code     0  memcpya.o(.text)
    __aeabi_memset                           0x08000d8b   Thumb Code    14  memseta.o(.text)
    __aeabi_memset4                          0x08000d8b   Thumb Code     0  memseta.o(.text)
    __aeabi_memset8                          0x08000d8b   Thumb Code     0  memseta.o(.text)
    __aeabi_memclr                           0x08000d99   Thumb Code     4  memseta.o(.text)
    __aeabi_memclr4                          0x08000d99   Thumb Code     0  memseta.o(.text)
    __aeabi_memclr8                          0x08000d99   Thumb Code     0  memseta.o(.text)
    memset                                   0x08000d9d   Thumb Code    18  memseta.o(.text)
    __aeabi_dmul                             0x08000daf   Thumb Code   228  dmul.o(.text)
    __aeabi_i2d                              0x08000e93   Thumb Code    34  dflti.o(.text)
    __aeabi_d2f                              0x08000eb5   Thumb Code    56  d2f.o(.text)
    __aeabi_llsl                             0x08000eed   Thumb Code    30  llshl.o(.text)
    _ll_shift_l                              0x08000eed   Thumb Code     0  llshl.o(.text)
    __aeabi_llsr                             0x08000f0b   Thumb Code    32  llushr.o(.text)
    _ll_ushift_r                             0x08000f0b   Thumb Code     0  llushr.o(.text)
    __I$use$fp                               0x08000f2b   Thumb Code     0  iusefp.o(.text)
    _float_round                             0x08000f2b   Thumb Code    18  fepilogue.o(.text)
    _float_epilogue                          0x08000f3d   Thumb Code    92  fepilogue.o(.text)
    _double_round                            0x08000f99   Thumb Code    30  depilogue.o(.text)
    _double_epilogue                         0x08000fb7   Thumb Code   156  depilogue.o(.text)
    __scatterload                            0x08001055   Thumb Code    28  init.o(.text)
    __scatterload_rt2                        0x08001055   Thumb Code     0  init.o(.text)
    __decompress                             0x08001079   Thumb Code     0  __dczerorl2.o(.text)
    __decompress1                            0x08001079   Thumb Code    86  __dczerorl2.o(.text)
    BMI088_ACCEL_NS_H                        0x080010d1   Thumb Code    10  bmi088driver.o(i.BMI088_ACCEL_NS_H)
    BMI088_ACCEL_NS_L                        0x080010e1   Thumb Code    10  bmi088driver.o(i.BMI088_ACCEL_NS_L)
    BMI088_GYRO_NS_H                         0x080010f5   Thumb Code    10  bmi088driver.o(i.BMI088_GYRO_NS_H)
    BMI088_GYRO_NS_L                         0x08001105   Thumb Code    10  bmi088driver.o(i.BMI088_GYRO_NS_L)
    BMI088_Init                              0x08001115   Thumb Code    16  bmi088driver.o(i.BMI088_Init)
    BMI088_Read                              0x08001125   Thumb Code   428  bmi088driver.o(i.BMI088_Read)
    BMI088_init                              0x080012e1   Thumb Code   102  bmi088driver.o(i.BMI088_init)
    BMI088_read_write_byte                   0x080013a5   Thumb Code    28  bmi088driver.o(i.BMI088_read_write_byte)
    BodyFrameToEarthFrame                    0x080013d7   Thumb Code   234  ins_task.o(i.BodyFrameToEarthFrame)
    BusFault_Handler                         0x080014c1   Thumb Code     2  stm32f4xx_it.o(i.BusFault_Handler)
    CAN1_RX0_IRQHandler                      0x080014c5   Thumb Code     6  stm32f4xx_it.o(i.CAN1_RX0_IRQHandler)
    CAN2_RX0_IRQHandler                      0x080014d1   Thumb Code     6  stm32f4xx_it.o(i.CAN2_RX0_IRQHandler)
    Calibrate_MPU_Offset                     0x080014dd   Thumb Code   968  bmi088driver.o(i.Calibrate_MPU_Offset)
    DMA1_Stream1_IRQHandler                  0x080018e1   Thumb Code     6  stm32f4xx_it.o(i.DMA1_Stream1_IRQHandler)
    DMA2_Stream1_IRQHandler                  0x080018ed   Thumb Code     6  stm32f4xx_it.o(i.DMA2_Stream1_IRQHandler)
    DMA2_Stream2_IRQHandler                  0x080018f9   Thumb Code     6  stm32f4xx_it.o(i.DMA2_Stream2_IRQHandler)
    DMA2_Stream3_IRQHandler                  0x08001905   Thumb Code     6  stm32f4xx_it.o(i.DMA2_Stream3_IRQHandler)
    DMA2_Stream5_IRQHandler                  0x08001911   Thumb Code     6  stm32f4xx_it.o(i.DMA2_Stream5_IRQHandler)
    DMA2_Stream6_IRQHandler                  0x0800191d   Thumb Code     6  stm32f4xx_it.o(i.DMA2_Stream6_IRQHandler)
    DMA2_Stream7_IRQHandler                  0x08001929   Thumb Code     6  stm32f4xx_it.o(i.DMA2_Stream7_IRQHandler)
    DT7_USART3_IRQHandler                    0x08001a05   Thumb Code   168  remote_control.o(i.DT7_USART3_IRQHandler)
    DWT_Delay                                0x08001aed   Thumb Code    42  bsp_dwt.o(i.DWT_Delay)
    DWT_GetDeltaT                            0x08001b21   Thumb Code    62  bsp_dwt.o(i.DWT_GetDeltaT)
    DWT_GetTimeline_s                        0x08001b69   Thumb Code    54  bsp_dwt.o(i.DWT_GetTimeline_s)
    DWT_Init                                 0x08001bad   Thumb Code    54  bsp_dwt.o(i.DWT_Init)
    DWT_SysTimeUpdate                        0x08001bf5   Thumb Code   136  bsp_dwt.o(i.DWT_SysTimeUpdate)
    DebugMon_Handler                         0x08001c85   Thumb Code     2  stm32f4xx_it.o(i.DebugMon_Handler)
    EXTI0_IRQHandler                         0x08001c87   Thumb Code     6  stm32f4xx_it.o(i.EXTI0_IRQHandler)
    EXTI3_IRQHandler                         0x08001c8d   Thumb Code     6  stm32f4xx_it.o(i.EXTI3_IRQHandler)
    EXTI4_IRQHandler                         0x08001c93   Thumb Code     6  stm32f4xx_it.o(i.EXTI4_IRQHandler)
    EXTI9_5_IRQHandler                       0x08001c99   Thumb Code     6  stm32f4xx_it.o(i.EXTI9_5_IRQHandler)
    EarthFrameToBodyFrame                    0x08001c9f   Thumb Code   234  ins_task.o(i.EarthFrameToBodyFrame)
    Error_Handler                            0x08001d89   Thumb Code     4  main.o(i.Error_Handler)
    HAL_CAN_ActivateNotification             0x08001d8d   Thumb Code    36  stm32f4xx_hal_can.o(i.HAL_CAN_ActivateNotification)
    HAL_CAN_ConfigFilter                     0x08001db1   Thumb Code   266  stm32f4xx_hal_can.o(i.HAL_CAN_ConfigFilter)
    HAL_CAN_ErrorCallback                    0x08001ec1   Thumb Code     2  stm32f4xx_hal_can.o(i.HAL_CAN_ErrorCallback)
    HAL_CAN_GetRxMessage                     0x08001ec3   Thumb Code   262  stm32f4xx_hal_can.o(i.HAL_CAN_GetRxMessage)
    HAL_CAN_IRQHandler                       0x08001fc9   Thumb Code   508  stm32f4xx_hal_can.o(i.HAL_CAN_IRQHandler)
    HAL_CAN_Init                             0x080021c5   Thumb Code   338  stm32f4xx_hal_can.o(i.HAL_CAN_Init)
    HAL_CAN_MspInit                          0x08002319   Thumb Code   230  can.o(i.HAL_CAN_MspInit)
    HAL_CAN_RxFifo0FullCallback              0x08002419   Thumb Code     2  stm32f4xx_hal_can.o(i.HAL_CAN_RxFifo0FullCallback)
    HAL_CAN_RxFifo0MsgPendingCallback        0x0800241d   Thumb Code    78  can_receive.o(i.HAL_CAN_RxFifo0MsgPendingCallback)
    HAL_CAN_RxFifo1FullCallback              0x08002475   Thumb Code     2  stm32f4xx_hal_can.o(i.HAL_CAN_RxFifo1FullCallback)
    HAL_CAN_RxFifo1MsgPendingCallback        0x08002477   Thumb Code     2  stm32f4xx_hal_can.o(i.HAL_CAN_RxFifo1MsgPendingCallback)
    HAL_CAN_SleepCallback                    0x08002479   Thumb Code     2  stm32f4xx_hal_can.o(i.HAL_CAN_SleepCallback)
    HAL_CAN_Start                            0x0800247b   Thumb Code    88  stm32f4xx_hal_can.o(i.HAL_CAN_Start)
    HAL_CAN_TxMailbox0AbortCallback          0x080024d3   Thumb Code     2  stm32f4xx_hal_can.o(i.HAL_CAN_TxMailbox0AbortCallback)
    HAL_CAN_TxMailbox0CompleteCallback       0x080024d5   Thumb Code     2  stm32f4xx_hal_can.o(i.HAL_CAN_TxMailbox0CompleteCallback)
    HAL_CAN_TxMailbox1AbortCallback          0x080024d7   Thumb Code     2  stm32f4xx_hal_can.o(i.HAL_CAN_TxMailbox1AbortCallback)
    HAL_CAN_TxMailbox1CompleteCallback       0x080024d9   Thumb Code     2  stm32f4xx_hal_can.o(i.HAL_CAN_TxMailbox1CompleteCallback)
    HAL_CAN_TxMailbox2AbortCallback          0x080024db   Thumb Code     2  stm32f4xx_hal_can.o(i.HAL_CAN_TxMailbox2AbortCallback)
    HAL_CAN_TxMailbox2CompleteCallback       0x080024dd   Thumb Code     2  stm32f4xx_hal_can.o(i.HAL_CAN_TxMailbox2CompleteCallback)
    HAL_CAN_WakeUpFromRxMsgCallback          0x080024df   Thumb Code     2  stm32f4xx_hal_can.o(i.HAL_CAN_WakeUpFromRxMsgCallback)
    HAL_DMA_Abort                            0x080024e1   Thumb Code   142  stm32f4xx_hal_dma.o(i.HAL_DMA_Abort)
    HAL_DMA_Abort_IT                         0x0800256f   Thumb Code    36  stm32f4xx_hal_dma.o(i.HAL_DMA_Abort_IT)
    HAL_DMA_IRQHandler                       0x08002595   Thumb Code   460  stm32f4xx_hal_dma.o(i.HAL_DMA_IRQHandler)
    HAL_DMA_Init                             0x08002765   Thumb Code   208  stm32f4xx_hal_dma.o(i.HAL_DMA_Init)
    HAL_DMA_Start_IT                         0x08002839   Thumb Code   110  stm32f4xx_hal_dma.o(i.HAL_DMA_Start_IT)
    HAL_GPIO_EXTI_Callback                   0x080028a7   Thumb Code     2  stm32f4xx_hal_gpio.o(i.HAL_GPIO_EXTI_Callback)
    HAL_GPIO_EXTI_IRQHandler                 0x080028a9   Thumb Code    18  stm32f4xx_hal_gpio.o(i.HAL_GPIO_EXTI_IRQHandler)
    HAL_GPIO_Init                            0x080028c1   Thumb Code   420  stm32f4xx_hal_gpio.o(i.HAL_GPIO_Init)
    HAL_GPIO_WritePin                        0x08002a91   Thumb Code    14  stm32f4xx_hal_gpio.o(i.HAL_GPIO_WritePin)
    HAL_GetTick                              0x08002aa1   Thumb Code     6  stm32f4xx_hal.o(i.HAL_GetTick)
    HAL_I2C_Init                             0x08002aad   Thumb Code   392  stm32f4xx_hal_i2c.o(i.HAL_I2C_Init)
    HAL_I2C_MspInit                          0x08002c45   Thumb Code   130  i2c.o(i.HAL_I2C_MspInit)
    HAL_IncTick                              0x08002cd9   Thumb Code    12  stm32f4xx_hal.o(i.HAL_IncTick)
    HAL_Init                                 0x08002ce9   Thumb Code    48  stm32f4xx_hal.o(i.HAL_Init)
    HAL_InitTick                             0x08002d1d   Thumb Code   132  stm32f4xx_hal_timebase_tim.o(i.HAL_InitTick)
    HAL_MspInit                              0x08002db5   Thumb Code    52  stm32f4xx_hal_msp.o(i.HAL_MspInit)
    HAL_NVIC_EnableIRQ                       0x08002ded   Thumb Code    26  stm32f4xx_hal_cortex.o(i.HAL_NVIC_EnableIRQ)
    HAL_NVIC_SetPriority                     0x08002e09   Thumb Code    60  stm32f4xx_hal_cortex.o(i.HAL_NVIC_SetPriority)
    HAL_NVIC_SetPriorityGrouping             0x08002e49   Thumb Code    26  stm32f4xx_hal_cortex.o(i.HAL_NVIC_SetPriorityGrouping)
    HAL_RCC_ClockConfig                      0x08002e6d   Thumb Code   310  stm32f4xx_hal_rcc.o(i.HAL_RCC_ClockConfig)
    HAL_RCC_GetClockConfig                   0x08002fb9   Thumb Code    52  stm32f4xx_hal_rcc.o(i.HAL_RCC_GetClockConfig)
    HAL_RCC_GetHCLKFreq                      0x08002ff5   Thumb Code     6  stm32f4xx_hal_rcc.o(i.HAL_RCC_GetHCLKFreq)
    HAL_RCC_GetPCLK1Freq                     0x08003001   Thumb Code    22  stm32f4xx_hal_rcc.o(i.HAL_RCC_GetPCLK1Freq)
    HAL_RCC_GetPCLK2Freq                     0x08003021   Thumb Code    22  stm32f4xx_hal_rcc.o(i.HAL_RCC_GetPCLK2Freq)
    HAL_RCC_GetSysClockFreq                  0x08003041   Thumb Code    94  stm32f4xx_hal_rcc.o(i.HAL_RCC_GetSysClockFreq)
    HAL_RCC_OscConfig                        0x080030ad   Thumb Code   942  stm32f4xx_hal_rcc.o(i.HAL_RCC_OscConfig)
    HAL_SPI_Init                             0x0800346d   Thumb Code   190  stm32f4xx_hal_spi.o(i.HAL_SPI_Init)
    HAL_SPI_MspInit                          0x0800352d   Thumb Code   240  spi.o(i.HAL_SPI_MspInit)
    HAL_SPI_TransmitReceive                  0x08003635   Thumb Code   484  stm32f4xx_hal_spi.o(i.HAL_SPI_TransmitReceive)
    HAL_TIMEx_BreakCallback                  0x08003819   Thumb Code     2  stm32f4xx_hal_tim_ex.o(i.HAL_TIMEx_BreakCallback)
    HAL_TIMEx_CommutCallback                 0x0800381b   Thumb Code     2  stm32f4xx_hal_tim_ex.o(i.HAL_TIMEx_CommutCallback)
    HAL_TIMEx_ConfigBreakDeadTime            0x0800381d   Thumb Code    84  stm32f4xx_hal_tim_ex.o(i.HAL_TIMEx_ConfigBreakDeadTime)
    HAL_TIMEx_MasterConfigSynchronization    0x08003871   Thumb Code   114  stm32f4xx_hal_tim_ex.o(i.HAL_TIMEx_MasterConfigSynchronization)
    HAL_TIM_Base_Init                        0x08003901   Thumb Code    74  stm32f4xx_hal_tim.o(i.HAL_TIM_Base_Init)
    HAL_TIM_Base_MspInit                     0x0800394d   Thumb Code   106  tim.o(i.HAL_TIM_Base_MspInit)
    HAL_TIM_Base_Start                       0x080039cd   Thumb Code   100  stm32f4xx_hal_tim.o(i.HAL_TIM_Base_Start)
    HAL_TIM_Base_Start_IT                    0x08003a4d   Thumb Code   110  stm32f4xx_hal_tim.o(i.HAL_TIM_Base_Start_IT)
    HAL_TIM_ConfigClockSource                0x08003ad9   Thumb Code   232  stm32f4xx_hal_tim.o(i.HAL_TIM_ConfigClockSource)
    HAL_TIM_IC_CaptureCallback               0x08003bc1   Thumb Code     2  stm32f4xx_hal_tim.o(i.HAL_TIM_IC_CaptureCallback)
    HAL_TIM_IRQHandler                       0x08003bc3   Thumb Code   366  stm32f4xx_hal_tim.o(i.HAL_TIM_IRQHandler)
    HAL_TIM_MspPostInit                      0x08003d31   Thumb Code   200  tim.o(i.HAL_TIM_MspPostInit)
    HAL_TIM_OC_DelayElapsedCallback          0x08003e19   Thumb Code     2  stm32f4xx_hal_tim.o(i.HAL_TIM_OC_DelayElapsedCallback)
    HAL_TIM_PWM_ConfigChannel                0x08003e1b   Thumb Code   216  stm32f4xx_hal_tim.o(i.HAL_TIM_PWM_ConfigChannel)
    HAL_TIM_PWM_Init                         0x08003ef3   Thumb Code    74  stm32f4xx_hal_tim.o(i.HAL_TIM_PWM_Init)
    HAL_TIM_PWM_MspInit                      0x08003f3d   Thumb Code     2  stm32f4xx_hal_tim.o(i.HAL_TIM_PWM_MspInit)
    HAL_TIM_PWM_PulseFinishedCallback        0x08003f3f   Thumb Code     2  stm32f4xx_hal_tim.o(i.HAL_TIM_PWM_PulseFinishedCallback)
    HAL_TIM_PWM_Start                        0x08003f41   Thumb Code   190  stm32f4xx_hal_tim.o(i.HAL_TIM_PWM_Start)
    HAL_TIM_PeriodElapsedCallback            0x0800401d   Thumb Code    14  main.o(i.HAL_TIM_PeriodElapsedCallback)
    HAL_TIM_TriggerCallback                  0x08004031   Thumb Code     2  stm32f4xx_hal_tim.o(i.HAL_TIM_TriggerCallback)
    HAL_UARTEx_RxEventCallback               0x08004033   Thumb Code     2  stm32f4xx_hal_uart.o(i.HAL_UARTEx_RxEventCallback)
    HAL_UART_ErrorCallback                   0x08004035   Thumb Code     2  stm32f4xx_hal_uart.o(i.HAL_UART_ErrorCallback)
    HAL_UART_IRQHandler                      0x08004039   Thumb Code   546  stm32f4xx_hal_uart.o(i.HAL_UART_IRQHandler)
    HAL_UART_Init                            0x08004261   Thumb Code   100  stm32f4xx_hal_uart.o(i.HAL_UART_Init)
    HAL_UART_MspInit                         0x080042c5   Thumb Code   582  usart.o(i.HAL_UART_MspInit)
    HAL_UART_RxCpltCallback                  0x0800453d   Thumb Code     2  stm32f4xx_hal_uart.o(i.HAL_UART_RxCpltCallback)
    HAL_UART_Transmit_DMA                    0x08004541   Thumb Code   134  stm32f4xx_hal_uart.o(i.HAL_UART_Transmit_DMA)
    HAL_UART_TxCpltCallback                  0x080045d5   Thumb Code     2  stm32f4xx_hal_uart.o(i.HAL_UART_TxCpltCallback)
    HAL_UART_TxHalfCpltCallback              0x080045d7   Thumb Code     2  stm32f4xx_hal_uart.o(i.HAL_UART_TxHalfCpltCallback)
    HardFault_Handler                        0x080046d5   Thumb Code     2  stm32f4xx_it.o(i.HardFault_Handler)
    IMU_QuaternionEKF_Init                   0x08004915   Thumb Code   172  quaternionekf.o(i.IMU_QuaternionEKF_Init)
    IMU_QuaternionEKF_Update                 0x08004add   Thumb Code   994  quaternionekf.o(i.IMU_QuaternionEKF_Update)
    IMU_Temperature_Ctrl                     0x080053f9   Thumb Code    66  ins_task.o(i.IMU_Temperature_Ctrl)
    INS_Init                                 0x08005455   Thumb Code   144  ins_task.o(i.INS_Init)
    Kalman_Filter_Init                       0x0800550d   Thumb Code  1012  kalman_filter.o(i.Kalman_Filter_Init)
    Kalman_Filter_Measure                    0x08005905   Thumb Code    68  kalman_filter.o(i.Kalman_Filter_Measure)
    Kalman_Filter_P_Update                   0x0800594d   Thumb Code    98  kalman_filter.o(i.Kalman_Filter_P_Update)
    Kalman_Filter_PminusUpdate               0x080059af   Thumb Code   108  kalman_filter.o(i.Kalman_Filter_PminusUpdate)
    Kalman_Filter_SetK                       0x08005a1b   Thumb Code   190  kalman_filter.o(i.Kalman_Filter_SetK)
    Kalman_Filter_Update                     0x08005ad9   Thumb Code   228  kalman_filter.o(i.Kalman_Filter_Update)
    Kalman_Filter_xhatMinusUpdate            0x08005bc1   Thumb Code   116  kalman_filter.o(i.Kalman_Filter_xhatMinusUpdate)
    Kalman_Filter_xhatUpdate                 0x08005c35   Thumb Code   128  kalman_filter.o(i.Kalman_Filter_xhatUpdate)
    MX_CAN1_Init                             0x08005cb5   Thumb Code    60  can.o(i.MX_CAN1_Init)
    MX_CAN2_Init                             0x08005cf9   Thumb Code    60  can.o(i.MX_CAN2_Init)
    MX_DMA_Init                              0x08005d3d   Thumb Code   152  dma.o(i.MX_DMA_Init)
    MX_FREERTOS_Init                         0x08005dd9   Thumb Code    52  freertos.o(i.MX_FREERTOS_Init)
    MX_GPIO_Init                             0x08005e15   Thumb Code   328  gpio.o(i.MX_GPIO_Init)
    MX_I2C3_Init                             0x08005f71   Thumb Code    50  i2c.o(i.MX_I2C3_Init)
    MX_SPI1_Init                             0x08005fb1   Thumb Code    62  spi.o(i.MX_SPI1_Init)
    MX_TIM10_Init                            0x08005ff9   Thumb Code    92  tim.o(i.MX_TIM10_Init)
    MX_TIM3_Init                             0x0800605d   Thumb Code   142  tim.o(i.MX_TIM3_Init)
    MX_TIM4_Init                             0x080060f5   Thumb Code   144  tim.o(i.MX_TIM4_Init)
    MX_TIM8_Init                             0x0800618d   Thumb Code   192  tim.o(i.MX_TIM8_Init)
    MX_USART1_UART_Init                      0x08006255   Thumb Code    48  usart.o(i.MX_USART1_UART_Init)
    MX_USART3_UART_Init                      0x0800628d   Thumb Code    46  usart.o(i.MX_USART3_UART_Init)
    MX_USART6_UART_Init                      0x080062c9   Thumb Code    48  usart.o(i.MX_USART6_UART_Init)
    MemManage_Handler                        0x08006301   Thumb Code     2  stm32f4xx_it.o(i.MemManage_Handler)
    NMI_Handler                              0x08006303   Thumb Code     2  stm32f4xx_it.o(i.NMI_Handler)
    OLS_Derivative                           0x08006305   Thumb Code   454  user_lib.o(i.OLS_Derivative)
    OLS_Init                                 0x080064d1   Thumb Code    68  user_lib.o(i.OLS_Init)
    PID_Calculate                            0x08006515   Thumb Code   640  controller.o(i.PID_Calculate)
    PID_Init                                 0x08006795   Thumb Code   106  controller.o(i.PID_Init)
    RC_Init                                  0x08006801   Thumb Code    94  bsp_usart.o(i.RC_Init)
    SysTick_Handler                          0x08006985   Thumb Code    38  port.o(i.SysTick_Handler)
    SystemClock_Config                       0x080069b1   Thumb Code   140  main.o(i.SystemClock_Config)
    SystemInit                               0x08006a45   Thumb Code    12  system_stm32f4xx.o(i.SystemInit)
    TIM7_IRQHandler                          0x08006a55   Thumb Code     6  stm32f4xx_it.o(i.TIM7_IRQHandler)
    TIM_Base_SetConfig                       0x08006a61   Thumb Code   160  stm32f4xx_hal_tim.o(i.TIM_Base_SetConfig)
    TIM_CCxChannelCmd                        0x08006b2d   Thumb Code    26  stm32f4xx_hal_tim.o(i.TIM_CCxChannelCmd)
    TIM_ETR_SetConfig                        0x08006b47   Thumb Code    20  stm32f4xx_hal_tim.o(i.TIM_ETR_SetConfig)
    TIM_OC2_SetConfig                        0x08006bd5   Thumb Code   106  stm32f4xx_hal_tim.o(i.TIM_OC2_SetConfig)
    USART1_IRQHandler                        0x080070b9   Thumb Code    16  stm32f4xx_it.o(i.USART1_IRQHandler)
    USART1_RX_IRQHandler                     0x080070cd   Thumb Code   162  cybergear.o(i.USART1_RX_IRQHandler)
    USART3_IRQHandler                        0x08007189   Thumb Code    16  stm32f4xx_it.o(i.USART3_IRQHandler)
    USART6_IRQHandler                        0x0800719d   Thumb Code    16  stm32f4xx_it.o(i.USART6_IRQHandler)
    USART6_RX_IRQHandler                     0x080071b1   Thumb Code     2  usart_communicate.o(i.USART6_RX_IRQHandler)
    UsageFault_Handler                       0x080072e5   Thumb Code     2  stm32f4xx_it.o(i.UsageFault_Handler)
    __ARM_fpclassifyf                        0x080072e7   Thumb Code    38  fpclassifyf.o(i.__ARM_fpclassifyf)
    __hardfp_acosf                           0x0800732d   Thumb Code   234  acosf.o(i.__hardfp_acosf)
    __hardfp_asinf                           0x08007445   Thumb Code   258  asinf.o(i.__hardfp_asinf)
    __hardfp_atan2f                          0x08007571   Thumb Code   502  atan2f.o(i.__hardfp_atan2f)
    __hardfp_sqrtf                           0x080077c1   Thumb Code    58  sqrtf_full.o(i.__hardfp_sqrtf)
    __mathlib_flt_infnan                     0x080077fb   Thumb Code     6  funder.o(i.__mathlib_flt_infnan)
    __mathlib_flt_infnan2                    0x08007801   Thumb Code     6  funder.o(i.__mathlib_flt_infnan2)
    __mathlib_flt_invalid                    0x08007809   Thumb Code    10  funder.o(i.__mathlib_flt_invalid)
    __mathlib_flt_underflow                  0x08007819   Thumb Code    10  funder.o(i.__mathlib_flt_underflow)
    __scatterload_copy                       0x08007829   Thumb Code    14  handlers.o(i.__scatterload_copy)
    __scatterload_null                       0x08007837   Thumb Code     2  handlers.o(i.__scatterload_null)
    __scatterload_zeroinit                   0x08007839   Thumb Code    14  handlers.o(i.__scatterload_zeroinit)
    __set_errno                              0x08007849   Thumb Code     6  errno.o(i.__set_errno)
    append_crc16_check_sum                   0x08007855   Thumb Code    38  protocol.o(i.append_crc16_check_sum)
    append_crc8_check_sum                    0x08007881   Thumb Code    34  protocol.o(i.append_crc8_check_sum)
    bmi088_accel_init                        0x080078a5   Thumb Code   306  bmi088driver.o(i.bmi088_accel_init)
    bmi088_gyro_init                         0x080079dd   Thumb Code   248  bmi088driver.o(i.bmi088_gyro_init)
    buzzer_int                               0x08007ad9   Thumb Code    20  buzzer.o(i.buzzer_int)
    can_filter_init                          0x08007af1   Thumb Code    80  bsp_can.o(i.can_filter_init)
    delay_init                               0x08007b49   Thumb Code    26  bsp_delay.o(i.delay_init)
    delay_us                                 0x08007b71   Thumb Code    50  bsp_delay.o(i.delay_us)
    float_constrain                          0x0800800f   Thumb Code    32  user_lib.o(i.float_constrain)
    float_rounding                           0x0800802f   Thumb Code    34  user_lib.o(i.float_rounding)
    get_angle_data_point                     0x080081f5   Thumb Code     4  ins_task.o(i.get_angle_data_point)
    get_crc16_check_sum                      0x080081fd   Thumb Code    44  protocol.o(i.get_crc16_check_sum)
    get_crc8_check_sum                       0x0800822d   Thumb Code    24  protocol.o(i.get_crc8_check_sum)
    get_remote_control_point                 0x08008249   Thumb Code     4  remote_control.o(i.get_remote_control_point)
    ins_task                                 0x08008251   Thumb Code   528  ins_task.o(i.ins_task)
    main                                     0x080084b9   Thumb Code    92  main.o(i.main)
    malloc                                   0x08008521   Thumb Code    92  malloc.o(i.malloc)
    osDelay                                  0x0800858d   Thumb Code    16  cmsis_os.o(i.osDelay)
    osKernelStart                            0x0800859d   Thumb Code    10  cmsis_os.o(i.osKernelStart)
    osThreadCreate                           0x080085a7   Thumb Code    88  cmsis_os.o(i.osThreadCreate)
    pvPortMalloc                             0x08008999   Thumb Code   214  heap_4.o(i.pvPortMalloc)
    pxPortInitialiseStack                    0x08008a75   Thumb Code    30  port.o(i.pxPortInitialiseStack)
    remote_control_init                      0x08008a99   Thumb Code    26  remote_control.o(i.remote_control_init)
    sqrtf                                    0x08008b6d   Thumb Code    62  sqrtf_full.o(i.sqrtf)
    usart_communicate_task                   0x08008bad   Thumb Code    70  usart_communicate.o(i.usart_communicate_task)
    uxListRemove                             0x08008bfd   Thumb Code    38  list.o(i.uxListRemove)
    vApplicationGetIdleTaskMemory            0x08008c25   Thumb Code    16  freertos.o(i.vApplicationGetIdleTaskMemory)
    vListInitialise                          0x08008c39   Thumb Code    22  list.o(i.vListInitialise)
    vListInitialiseItem                      0x08008c4f   Thumb Code     6  list.o(i.vListInitialiseItem)
    vListInsert                              0x08008c55   Thumb Code    48  list.o(i.vListInsert)
    vListInsertEnd                           0x08008c85   Thumb Code    24  list.o(i.vListInsertEnd)
    vPortEnterCritical                       0x08008c9d   Thumb Code    54  port.o(i.vPortEnterCritical)
    vPortExitCritical                        0x08008cdd   Thumb Code    38  port.o(i.vPortExitCritical)
    vPortFree                                0x08008d09   Thumb Code    94  heap_4.o(i.vPortFree)
    vPortSetupTimerInterrupt                 0x08008d6d   Thumb Code    32  port.o(i.vPortSetupTimerInterrupt)
    vTaskDelay                               0x08008d91   Thumb Code    70  tasks.o(i.vTaskDelay)
    vTaskStartScheduler                      0x08008de1   Thumb Code   118  tasks.o(i.vTaskStartScheduler)
    vTaskSuspendAll                          0x08008e69   Thumb Code    10  tasks.o(i.vTaskSuspendAll)
    vTaskSwitchContext                       0x08008e79   Thumb Code    86  tasks.o(i.vTaskSwitchContext)
    xPortStartScheduler                      0x08008ed9   Thumb Code   222  port.o(i.xPortStartScheduler)
    xTaskCreate                              0x08008fcd   Thumb Code   100  tasks.o(i.xTaskCreate)
    xTaskCreateStatic                        0x08009031   Thumb Code    92  tasks.o(i.xTaskCreateStatic)
    xTaskIncrementTick                       0x0800908d   Thumb Code   198  tasks.o(i.xTaskIncrementTick)
    xTaskResumeAll                           0x0800915d   Thumb Code   192  tasks.o(i.xTaskResumeAll)
    AHBPrescTable                            0x08009268   Data          16  system_stm32f4xx.o(.constdata)
    APBPrescTable                            0x08009278   Data           8  system_stm32f4xx.o(.constdata)
    xb                                       0x08009280   Data          12  ins_task.o(.constdata)
    yb                                       0x0800928c   Data          12  ins_task.o(.constdata)
    zb                                       0x08009298   Data          12  ins_task.o(.constdata)
    CRC8_TAB                                 0x080092b0   Data         256  protocol.o(.constdata)
    wCRC_Table                               0x080093b0   Data         512  protocol.o(.constdata)
    IMU_QuaternionEKF_F                      0x080095b0   Data         144  quaternionekf.o(.constdata)
    sinTable_f32                             0x08009640   Data        2052  arm_common_tables.o(.constdata)
    Region$$Table$$Base                      0x08009e64   Number         0  anon$$obj.o(Region$$Table)
    Region$$Table$$Limit                     0x08009e84   Number         0  anon$$obj.o(Region$$Table)
    imuTaskHandle                            0x20000000   Data           4  freertos.o(.data)
    uasrtcommunicateTaskHandle               0x20000004   Data           4  freertos.o(.data)
    uwTickFreq                               0x2000000c   Data           1  stm32f4xx_hal.o(.data)
    uwTickPrio                               0x20000010   Data           4  stm32f4xx_hal.o(.data)
    uwTick                                   0x20000014   Data           4  stm32f4xx_hal.o(.data)
    SystemCoreClock                          0x20000018   Data           4  system_stm32f4xx.o(.data)
    SysTime                                  0x20000058   Data           8  bsp_dwt.o(.data)
    CYCCNT64                                 0x20000060   Data           8  bsp_dwt.o(.data)
    INS_DWT_Count                            0x20000068   Data           4  ins_task.o(.data)
    dt                                       0x2000006c   Data           4  ins_task.o(.data)
    t                                        0x20000070   Data           4  ins_task.o(.data)
    RefTemp                                  0x20000074   Data           4  ins_task.o(.data)
    gimbal_INT_angle_point                   0x200000ac   Data           4  usart_communicate.o(.data)
    imu_send_msg                             0x200000b0   Data           8  usart_communicate.o(.data)
    tx_buffer                                0x200000b8   Data           8  usart_communicate.o(.data)
    pxCurrentTCB                             0x200000c0   Data           4  tasks.o(.data)
    caliOffset                               0x20000129   Data           1  bmi088driver.o(.data)
    caliCount                                0x2000012c   Data           2  bmi088driver.o(.data)
    BMI088_ACCEL_SEN                         0x20000134   Data           4  bmi088driver.o(.data)
    BMI088_GYRO_SEN                          0x20000138   Data           4  bmi088driver.o(.data)
    gNormDiff                                0x20000140   Data           4  bmi088driver.o(.data)
    txCanIdEx                                0x20000178   Data           4  cybergear.o(.data)
    trans_tx                                 0x2000017c   Data           4  cybergear.o(.data)
    rxCanIdEx                                0x20000188   Data           4  cybergear.o(.data)
    trans_rx                                 0x2000018c   Data           4  cybergear.o(.data)
    cybergear_measure_single                 0x20000190   Data           4  cybergear.o(.data)
    sizeof_float                             0x200001b4   Data           2  kalman_filter.o(.data)
    sizeof_double                            0x200001b6   Data           2  kalman_filter.o(.data)
    CRC_INIT                                 0x200001b8   Data           2  protocol.o(.data)
    IMU_QuaternionEKF_P                      0x20000200   Data         144  quaternionekf.o(.data)
    __microlib_freelist                      0x20000290   Data           4  mvars.o(.data)
    __microlib_freelist_initialised          0x20000294   Data           4  mvars.o(.data)
    hcan1                                    0x200004f0   Data          40  can.o(.bss)
    hcan2                                    0x20000518   Data          40  can.o(.bss)
    hi2c3                                    0x20000540   Data          84  i2c.o(.bss)
    hspi1                                    0x20000594   Data          88  spi.o(.bss)
    hdma_spi1_rx                             0x200005ec   Data          96  spi.o(.bss)
    hdma_spi1_tx                             0x2000064c   Data          96  spi.o(.bss)
    htim3                                    0x200006ac   Data          72  tim.o(.bss)
    htim4                                    0x200006f4   Data          72  tim.o(.bss)
    htim8                                    0x2000073c   Data          72  tim.o(.bss)
    htim10                                   0x20000784   Data          72  tim.o(.bss)
    huart1                                   0x200007cc   Data          68  usart.o(.bss)
    huart3                                   0x20000810   Data          68  usart.o(.bss)
    huart6                                   0x20000854   Data          68  usart.o(.bss)
    hdma_usart1_tx                           0x20000898   Data          96  usart.o(.bss)
    hdma_usart1_rx                           0x200008f8   Data          96  usart.o(.bss)
    hdma_usart3_rx                           0x20000958   Data          96  usart.o(.bss)
    hdma_usart6_tx                           0x200009b8   Data          96  usart.o(.bss)
    hdma_usart6_rx                           0x20000a18   Data          96  usart.o(.bss)
    htim7                                    0x20000a78   Data          72  stm32f4xx_hal_timebase_tim.o(.bss)
    TempCtrl                                 0x20000ac0   Data         170  ins_task.o(.bss)
    INS                                      0x20000b6c   Data         140  ins_task.o(.bss)
    IMU_Param                                0x20000bf8   Data          28  ins_task.o(.bss)
    armend                                   0x20000c14   Data          48  motor_task.o(.bss)
    self_control_motor_position              0x20000c44   Data          12  motor_task.o(.bss)
    DM_motor_4310                            0x20000c50   Data          48  can_receive.o(.bss)
    BMI088                                   0x200049a0   Data          52  bmi088driver.o(.bss)
    gyroDiff                                 0x200049d4   Data          12  bmi088driver.o(.bss)
    cybergear_measure                        0x200049f8   Data          28  cybergear.o(.bss)
    rc_ctrl                                  0x20004a50   Data          22  remote_control.o(.bss)
    remote_data                              0x20004a66   Data          27  remote_control.o(.bss)
    QEKF_INS                                 0x20004ad0   Data         472  quaternionekf.o(.bss)
    IMU_QuaternionEKF_K                      0x20004ca8   Data          72  quaternionekf.o(.bss)
    IMU_QuaternionEKF_H                      0x20004cf0   Data          72  quaternionekf.o(.bss)
    __heap_base                              0x20004d38   Data           0  startup_stm32f407xx.o(HEAP)
    __heap_limit                             0x20007d38   Data           0  startup_stm32f407xx.o(HEAP)
    __initial_sp                             0x2000b238   Data           0  startup_stm32f407xx.o(STACK)



==============================================================================

Memory Map of the image

  Image Entry point : 0x08000189

  Load Region LR_IROM1 (Base: 0x08000000, Size: 0x0000a120, Max: 0x00100000, ABSOLUTE, COMPRESSED[0x00009ee8])

    Execution Region ER_IROM1 (Exec base: 0x08000000, Load base: 0x08000000, Size: 0x00009e84, Max: 0x00100000, ABSOLUTE)

    Exec Addr    Load Addr    Size         Type   Attr      Idx    E Section Name        Object

    0x08000000   0x08000000   0x00000188   Data   RO            3    RESET               startup_stm32f407xx.o
    0x08000188   0x08000188   0x00000000   Code   RO         9320  * .ARM.Collect$$$$00000000  mc_w.l(entry.o)
    0x08000188   0x08000188   0x00000004   Code   RO         9455    .ARM.Collect$$$$00000001  mc_w.l(entry2.o)
    0x0800018c   0x0800018c   0x00000004   Code   RO         9458    .ARM.Collect$$$$00000004  mc_w.l(entry5.o)
    0x08000190   0x08000190   0x00000000   Code   RO         9460    .ARM.Collect$$$$00000008  mc_w.l(entry7b.o)
    0x08000190   0x08000190   0x00000000   Code   RO         9462    .ARM.Collect$$$$0000000A  mc_w.l(entry8b.o)
    0x08000190   0x08000190   0x00000008   Code   RO         9463    .ARM.Collect$$$$0000000B  mc_w.l(entry9a.o)
    0x08000198   0x08000198   0x00000000   Code   RO         9465    .ARM.Collect$$$$0000000D  mc_w.l(entry10a.o)
    0x08000198   0x08000198   0x00000000   Code   RO         9467    .ARM.Collect$$$$0000000F  mc_w.l(entry11a.o)
    0x08000198   0x08000198   0x00000004   Code   RO         9456    .ARM.Collect$$$$00002712  mc_w.l(entry2.o)
    0x0800019c   0x0800019c   0x000000be   Code   RO         7217    .emb_text           port.o
    0x0800025a   0x0800025a   0x00000002   PAD
    0x0800025c   0x0800025c   0x00000024   Code   RO            4    .text               startup_stm32f407xx.o
    0x08000280   0x08000280   0x00000078   Code   RO         8902    .text               arm_cortexM4lf_math.lib(arm_cos_f32.o)
    0x080002f8   0x080002f8   0x00000074   Code   RO         8955    .text               arm_cortexM4lf_math.lib(arm_sin_f32.o)
    0x0800036c   0x0800036c   0x00000108   Code   RO         8979    .text               arm_cortexM4lf_math.lib(arm_mat_add_f32.o)
    0x08000474   0x08000474   0x00000008   Code   RO         9003    .text               arm_cortexM4lf_math.lib(arm_mat_init_f32.o)
    0x0800047c   0x0800047c   0x00000530   Code   RO         9027    .text               arm_cortexM4lf_math.lib(arm_mat_inverse_f32.o)
    0x080009ac   0x080009ac   0x0000013c   Code   RO         9051    .text               arm_cortexM4lf_math.lib(arm_mat_mult_f32.o)
    0x08000ae8   0x08000ae8   0x00000108   Code   RO         9075    .text               arm_cortexM4lf_math.lib(arm_mat_sub_f32.o)
    0x08000bf0   0x08000bf0   0x00000114   Code   RO         9099    .text               arm_cortexM4lf_math.lib(arm_mat_trans_f32.o)
    0x08000d04   0x08000d04   0x00000062   Code   RO         9323    .text               mc_w.l(uldiv.o)
    0x08000d66   0x08000d66   0x00000024   Code   RO         9325    .text               mc_w.l(memcpya.o)
    0x08000d8a   0x08000d8a   0x00000024   Code   RO         9329    .text               mc_w.l(memseta.o)
    0x08000dae   0x08000dae   0x000000e4   Code   RO         9393    .text               mf_w.l(dmul.o)
    0x08000e92   0x08000e92   0x00000022   Code   RO         9397    .text               mf_w.l(dflti.o)
    0x08000eb4   0x08000eb4   0x00000038   Code   RO         9407    .text               mf_w.l(d2f.o)
    0x08000eec   0x08000eec   0x0000001e   Code   RO         9474    .text               mc_w.l(llshl.o)
    0x08000f0a   0x08000f0a   0x00000020   Code   RO         9476    .text               mc_w.l(llushr.o)
    0x08000f2a   0x08000f2a   0x00000000   Code   RO         9489    .text               mc_w.l(iusefp.o)
    0x08000f2a   0x08000f2a   0x0000006e   Code   RO         9490    .text               mf_w.l(fepilogue.o)
    0x08000f98   0x08000f98   0x000000ba   Code   RO         9492    .text               mf_w.l(depilogue.o)
    0x08001052   0x08001052   0x00000002   PAD
    0x08001054   0x08001054   0x00000024   Code   RO         9504    .text               mc_w.l(init.o)
    0x08001078   0x08001078   0x00000056   Code   RO         9518    .text               mc_w.l(__dczerorl2.o)
    0x080010ce   0x080010ce   0x00000002   PAD
    0x080010d0   0x080010d0   0x00000010   Code   RO         7297    i.BMI088_ACCEL_NS_H  bmi088driver.o
    0x080010e0   0x080010e0   0x00000010   Code   RO         7298    i.BMI088_ACCEL_NS_L  bmi088driver.o
    0x080010f0   0x080010f0   0x00000002   Code   RO         7299    i.BMI088_GPIO_init  bmi088driver.o
    0x080010f2   0x080010f2   0x00000002   PAD
    0x080010f4   0x080010f4   0x00000010   Code   RO         7300    i.BMI088_GYRO_NS_H  bmi088driver.o
    0x08001104   0x08001104   0x00000010   Code   RO         7301    i.BMI088_GYRO_NS_L  bmi088driver.o
    0x08001114   0x08001114   0x00000010   Code   RO         7302    i.BMI088_Init       bmi088driver.o
    0x08001124   0x08001124   0x000001b0   Code   RO         7303    i.BMI088_Read       bmi088driver.o
    0x080012d4   0x080012d4   0x00000002   Code   RO         7305    i.BMI088_com_init   bmi088driver.o
    0x080012d6   0x080012d6   0x00000004   Code   RO         7306    i.BMI088_delay_ms   bmi088driver.o
    0x080012da   0x080012da   0x00000004   Code   RO         7307    i.BMI088_delay_us   bmi088driver.o
    0x080012de   0x080012de   0x00000002   PAD
    0x080012e0   0x080012e0   0x00000088   Code   RO         7309    i.BMI088_init       bmi088driver.o
    0x08001368   0x08001368   0x00000024   Code   RO         7312    i.BMI088_read_muli_reg  bmi088driver.o
    0x0800138c   0x0800138c   0x00000016   Code   RO         7313    i.BMI088_read_single_reg  bmi088driver.o
    0x080013a2   0x080013a2   0x00000002   PAD
    0x080013a4   0x080013a4   0x00000020   Code   RO         7314    i.BMI088_read_write_byte  bmi088driver.o
    0x080013c4   0x080013c4   0x00000012   Code   RO         7316    i.BMI088_write_single_reg  bmi088driver.o
    0x080013d6   0x080013d6   0x000000ea   Code   RO         5112    i.BodyFrameToEarthFrame  ins_task.o
    0x080014c0   0x080014c0   0x00000002   Code   RO          677    i.BusFault_Handler  stm32f4xx_it.o
    0x080014c2   0x080014c2   0x00000002   PAD
    0x080014c4   0x080014c4   0x0000000c   Code   RO          678    i.CAN1_RX0_IRQHandler  stm32f4xx_it.o
    0x080014d0   0x080014d0   0x0000000c   Code   RO          679    i.CAN2_RX0_IRQHandler  stm32f4xx_it.o
    0x080014dc   0x080014dc   0x00000404   Code   RO         7317    i.Calibrate_MPU_Offset  bmi088driver.o
    0x080018e0   0x080018e0   0x0000000c   Code   RO          680    i.DMA1_Stream1_IRQHandler  stm32f4xx_it.o
    0x080018ec   0x080018ec   0x0000000c   Code   RO          681    i.DMA2_Stream1_IRQHandler  stm32f4xx_it.o
    0x080018f8   0x080018f8   0x0000000c   Code   RO          682    i.DMA2_Stream2_IRQHandler  stm32f4xx_it.o
    0x08001904   0x08001904   0x0000000c   Code   RO          683    i.DMA2_Stream3_IRQHandler  stm32f4xx_it.o
    0x08001910   0x08001910   0x0000000c   Code   RO          684    i.DMA2_Stream5_IRQHandler  stm32f4xx_it.o
    0x0800191c   0x0800191c   0x0000000c   Code   RO          685    i.DMA2_Stream6_IRQHandler  stm32f4xx_it.o
    0x08001928   0x08001928   0x0000000c   Code   RO          686    i.DMA2_Stream7_IRQHandler  stm32f4xx_it.o
    0x08001934   0x08001934   0x0000002c   Code   RO         1657    i.DMA_CalcBaseAndBitshift  stm32f4xx_hal_dma.o
    0x08001960   0x08001960   0x00000078   Code   RO         1658    i.DMA_CheckFifoParam  stm32f4xx_hal_dma.o
    0x080019d8   0x080019d8   0x0000002a   Code   RO         1659    i.DMA_SetConfig     stm32f4xx_hal_dma.o
    0x08001a02   0x08001a02   0x00000002   PAD
    0x08001a04   0x08001a04   0x000000c0   Code   RO         7806    i.DT7_USART3_IRQHandler  remote_control.o
    0x08001ac4   0x08001ac4   0x00000028   Code   RO         4672    i.DWT_CNT_Update    bsp_dwt.o
    0x08001aec   0x08001aec   0x00000034   Code   RO         4673    i.DWT_Delay         bsp_dwt.o
    0x08001b20   0x08001b20   0x00000048   Code   RO         4674    i.DWT_GetDeltaT     bsp_dwt.o
    0x08001b68   0x08001b68   0x00000044   Code   RO         4677    i.DWT_GetTimeline_s  bsp_dwt.o
    0x08001bac   0x08001bac   0x00000048   Code   RO         4679    i.DWT_Init          bsp_dwt.o
    0x08001bf4   0x08001bf4   0x00000090   Code   RO         4680    i.DWT_SysTimeUpdate  bsp_dwt.o
    0x08001c84   0x08001c84   0x00000002   Code   RO          687    i.DebugMon_Handler  stm32f4xx_it.o
    0x08001c86   0x08001c86   0x00000006   Code   RO          688    i.EXTI0_IRQHandler  stm32f4xx_it.o
    0x08001c8c   0x08001c8c   0x00000006   Code   RO          689    i.EXTI3_IRQHandler  stm32f4xx_it.o
    0x08001c92   0x08001c92   0x00000006   Code   RO          690    i.EXTI4_IRQHandler  stm32f4xx_it.o
    0x08001c98   0x08001c98   0x00000006   Code   RO          691    i.EXTI9_5_IRQHandler  stm32f4xx_it.o
    0x08001c9e   0x08001c9e   0x000000ea   Code   RO         5113    i.EarthFrameToBodyFrame  ins_task.o
    0x08001d88   0x08001d88   0x00000004   Code   RO           13    i.Error_Handler     main.o
    0x08001d8c   0x08001d8c   0x00000024   Code   RO          920    i.HAL_CAN_ActivateNotification  stm32f4xx_hal_can.o
    0x08001db0   0x08001db0   0x00000110   Code   RO          922    i.HAL_CAN_ConfigFilter  stm32f4xx_hal_can.o
    0x08001ec0   0x08001ec0   0x00000002   Code   RO          925    i.HAL_CAN_ErrorCallback  stm32f4xx_hal_can.o
    0x08001ec2   0x08001ec2   0x00000106   Code   RO          928    i.HAL_CAN_GetRxMessage  stm32f4xx_hal_can.o
    0x08001fc8   0x08001fc8   0x000001fc   Code   RO          932    i.HAL_CAN_IRQHandler  stm32f4xx_hal_can.o
    0x080021c4   0x080021c4   0x00000152   Code   RO          933    i.HAL_CAN_Init      stm32f4xx_hal_can.o
    0x08002316   0x08002316   0x00000002   PAD
    0x08002318   0x08002318   0x00000100   Code   RO          401    i.HAL_CAN_MspInit   can.o
    0x08002418   0x08002418   0x00000002   Code   RO          940    i.HAL_CAN_RxFifo0FullCallback  stm32f4xx_hal_can.o
    0x0800241a   0x0800241a   0x00000002   PAD
    0x0800241c   0x0800241c   0x00000058   Code   RO         5705    i.HAL_CAN_RxFifo0MsgPendingCallback  can_receive.o
    0x08002474   0x08002474   0x00000002   Code   RO          942    i.HAL_CAN_RxFifo1FullCallback  stm32f4xx_hal_can.o
    0x08002476   0x08002476   0x00000002   Code   RO          943    i.HAL_CAN_RxFifo1MsgPendingCallback  stm32f4xx_hal_can.o
    0x08002478   0x08002478   0x00000002   Code   RO          944    i.HAL_CAN_SleepCallback  stm32f4xx_hal_can.o
    0x0800247a   0x0800247a   0x00000058   Code   RO          945    i.HAL_CAN_Start     stm32f4xx_hal_can.o
    0x080024d2   0x080024d2   0x00000002   Code   RO          947    i.HAL_CAN_TxMailbox0AbortCallback  stm32f4xx_hal_can.o
    0x080024d4   0x080024d4   0x00000002   Code   RO          948    i.HAL_CAN_TxMailbox0CompleteCallback  stm32f4xx_hal_can.o
    0x080024d6   0x080024d6   0x00000002   Code   RO          949    i.HAL_CAN_TxMailbox1AbortCallback  stm32f4xx_hal_can.o
    0x080024d8   0x080024d8   0x00000002   Code   RO          950    i.HAL_CAN_TxMailbox1CompleteCallback  stm32f4xx_hal_can.o
    0x080024da   0x080024da   0x00000002   Code   RO          951    i.HAL_CAN_TxMailbox2AbortCallback  stm32f4xx_hal_can.o
    0x080024dc   0x080024dc   0x00000002   Code   RO          952    i.HAL_CAN_TxMailbox2CompleteCallback  stm32f4xx_hal_can.o
    0x080024de   0x080024de   0x00000002   Code   RO          954    i.HAL_CAN_WakeUpFromRxMsgCallback  stm32f4xx_hal_can.o
    0x080024e0   0x080024e0   0x0000008e   Code   RO         1660    i.HAL_DMA_Abort     stm32f4xx_hal_dma.o
    0x0800256e   0x0800256e   0x00000024   Code   RO         1661    i.HAL_DMA_Abort_IT  stm32f4xx_hal_dma.o
    0x08002592   0x08002592   0x00000002   PAD
    0x08002594   0x08002594   0x000001d0   Code   RO         1665    i.HAL_DMA_IRQHandler  stm32f4xx_hal_dma.o
    0x08002764   0x08002764   0x000000d4   Code   RO         1666    i.HAL_DMA_Init      stm32f4xx_hal_dma.o
    0x08002838   0x08002838   0x0000006e   Code   RO         1670    i.HAL_DMA_Start_IT  stm32f4xx_hal_dma.o
    0x080028a6   0x080028a6   0x00000002   Code   RO         1551    i.HAL_GPIO_EXTI_Callback  stm32f4xx_hal_gpio.o
    0x080028a8   0x080028a8   0x00000018   Code   RO         1552    i.HAL_GPIO_EXTI_IRQHandler  stm32f4xx_hal_gpio.o
    0x080028c0   0x080028c0   0x000001d0   Code   RO         1553    i.HAL_GPIO_Init     stm32f4xx_hal_gpio.o
    0x08002a90   0x08002a90   0x0000000e   Code   RO         1557    i.HAL_GPIO_WritePin  stm32f4xx_hal_gpio.o
    0x08002a9e   0x08002a9e   0x00000002   PAD
    0x08002aa0   0x08002aa0   0x0000000c   Code   RO         2085    i.HAL_GetTick       stm32f4xx_hal.o
    0x08002aac   0x08002aac   0x00000198   Code   RO         2341    i.HAL_I2C_Init      stm32f4xx_hal_i2c.o
    0x08002c44   0x08002c44   0x00000094   Code   RO          474    i.HAL_I2C_MspInit   i2c.o
    0x08002cd8   0x08002cd8   0x00000010   Code   RO         2091    i.HAL_IncTick       stm32f4xx_hal.o
    0x08002ce8   0x08002ce8   0x00000034   Code   RO         2092    i.HAL_Init          stm32f4xx_hal.o
    0x08002d1c   0x08002d1c   0x00000098   Code   RO          880    i.HAL_InitTick      stm32f4xx_hal_timebase_tim.o
    0x08002db4   0x08002db4   0x00000038   Code   RO          856    i.HAL_MspInit       stm32f4xx_hal_msp.o
    0x08002dec   0x08002dec   0x0000001a   Code   RO         1942    i.HAL_NVIC_EnableIRQ  stm32f4xx_hal_cortex.o
    0x08002e06   0x08002e06   0x00000002   PAD
    0x08002e08   0x08002e08   0x00000040   Code   RO         1948    i.HAL_NVIC_SetPriority  stm32f4xx_hal_cortex.o
    0x08002e48   0x08002e48   0x00000024   Code   RO         1949    i.HAL_NVIC_SetPriorityGrouping  stm32f4xx_hal_cortex.o
    0x08002e6c   0x08002e6c   0x0000014c   Code   RO         1154    i.HAL_RCC_ClockConfig  stm32f4xx_hal_rcc.o
    0x08002fb8   0x08002fb8   0x0000003c   Code   RO         1158    i.HAL_RCC_GetClockConfig  stm32f4xx_hal_rcc.o
    0x08002ff4   0x08002ff4   0x0000000c   Code   RO         1159    i.HAL_RCC_GetHCLKFreq  stm32f4xx_hal_rcc.o
    0x08003000   0x08003000   0x00000020   Code   RO         1161    i.HAL_RCC_GetPCLK1Freq  stm32f4xx_hal_rcc.o
    0x08003020   0x08003020   0x00000020   Code   RO         1162    i.HAL_RCC_GetPCLK2Freq  stm32f4xx_hal_rcc.o
    0x08003040   0x08003040   0x0000006c   Code   RO         1163    i.HAL_RCC_GetSysClockFreq  stm32f4xx_hal_rcc.o
    0x080030ac   0x080030ac   0x000003c0   Code   RO         1166    i.HAL_RCC_OscConfig  stm32f4xx_hal_rcc.o
    0x0800346c   0x0800346c   0x000000be   Code   RO         2831    i.HAL_SPI_Init      stm32f4xx_hal_spi.o
    0x0800352a   0x0800352a   0x00000002   PAD
    0x0800352c   0x0800352c   0x00000108   Code   RO          516    i.HAL_SPI_MspInit   spi.o
    0x08003634   0x08003634   0x000001e4   Code   RO         2840    i.HAL_SPI_TransmitReceive  stm32f4xx_hal_spi.o
    0x08003818   0x08003818   0x00000002   Code   RO         3859    i.HAL_TIMEx_BreakCallback  stm32f4xx_hal_tim_ex.o
    0x0800381a   0x0800381a   0x00000002   Code   RO         3860    i.HAL_TIMEx_CommutCallback  stm32f4xx_hal_tim_ex.o
    0x0800381c   0x0800381c   0x00000054   Code   RO         3862    i.HAL_TIMEx_ConfigBreakDeadTime  stm32f4xx_hal_tim_ex.o
    0x08003870   0x08003870   0x00000090   Code   RO         3878    i.HAL_TIMEx_MasterConfigSynchronization  stm32f4xx_hal_tim_ex.o
    0x08003900   0x08003900   0x0000004a   Code   RO         3144    i.HAL_TIM_Base_Init  stm32f4xx_hal_tim.o
    0x0800394a   0x0800394a   0x00000002   PAD
    0x0800394c   0x0800394c   0x00000080   Code   RO          558    i.HAL_TIM_Base_MspInit  tim.o
    0x080039cc   0x080039cc   0x00000080   Code   RO         3147    i.HAL_TIM_Base_Start  stm32f4xx_hal_tim.o
    0x08003a4c   0x08003a4c   0x0000008c   Code   RO         3149    i.HAL_TIM_Base_Start_IT  stm32f4xx_hal_tim.o
    0x08003ad8   0x08003ad8   0x000000e8   Code   RO         3153    i.HAL_TIM_ConfigClockSource  stm32f4xx_hal_tim.o
    0x08003bc0   0x08003bc0   0x00000002   Code   RO         3178    i.HAL_TIM_IC_CaptureCallback  stm32f4xx_hal_tim.o
    0x08003bc2   0x08003bc2   0x0000016e   Code   RO         3192    i.HAL_TIM_IRQHandler  stm32f4xx_hal_tim.o
    0x08003d30   0x08003d30   0x000000e8   Code   RO          559    i.HAL_TIM_MspPostInit  tim.o
    0x08003e18   0x08003e18   0x00000002   Code   RO         3195    i.HAL_TIM_OC_DelayElapsedCallback  stm32f4xx_hal_tim.o
    0x08003e1a   0x08003e1a   0x000000d8   Code   RO         3216    i.HAL_TIM_PWM_ConfigChannel  stm32f4xx_hal_tim.o
    0x08003ef2   0x08003ef2   0x0000004a   Code   RO         3219    i.HAL_TIM_PWM_Init  stm32f4xx_hal_tim.o
    0x08003f3c   0x08003f3c   0x00000002   Code   RO         3221    i.HAL_TIM_PWM_MspInit  stm32f4xx_hal_tim.o
    0x08003f3e   0x08003f3e   0x00000002   Code   RO         3222    i.HAL_TIM_PWM_PulseFinishedCallback  stm32f4xx_hal_tim.o
    0x08003f40   0x08003f40   0x000000dc   Code   RO         3224    i.HAL_TIM_PWM_Start  stm32f4xx_hal_tim.o
    0x0800401c   0x0800401c   0x00000014   Code   RO           14    i.HAL_TIM_PeriodElapsedCallback  main.o
    0x08004030   0x08004030   0x00000002   Code   RO         3235    i.HAL_TIM_TriggerCallback  stm32f4xx_hal_tim.o
    0x08004032   0x08004032   0x00000002   Code   RO         4137    i.HAL_UARTEx_RxEventCallback  stm32f4xx_hal_uart.o
    0x08004034   0x08004034   0x00000002   Code   RO         4151    i.HAL_UART_ErrorCallback  stm32f4xx_hal_uart.o
    0x08004036   0x08004036   0x00000002   PAD
    0x08004038   0x08004038   0x00000228   Code   RO         4154    i.HAL_UART_IRQHandler  stm32f4xx_hal_uart.o
    0x08004260   0x08004260   0x00000064   Code   RO         4155    i.HAL_UART_Init     stm32f4xx_hal_uart.o
    0x080042c4   0x080042c4   0x00000278   Code   RO          624    i.HAL_UART_MspInit  usart.o
    0x0800453c   0x0800453c   0x00000002   Code   RO         4161    i.HAL_UART_RxCpltCallback  stm32f4xx_hal_uart.o
    0x0800453e   0x0800453e   0x00000002   PAD
    0x08004540   0x08004540   0x00000094   Code   RO         4164    i.HAL_UART_Transmit_DMA  stm32f4xx_hal_uart.o
    0x080045d4   0x080045d4   0x00000002   Code   RO         4166    i.HAL_UART_TxCpltCallback  stm32f4xx_hal_uart.o
    0x080045d6   0x080045d6   0x00000002   Code   RO         4167    i.HAL_UART_TxHalfCpltCallback  stm32f4xx_hal_uart.o
    0x080045d8   0x080045d8   0x000000fc   Code   RO         8077    i.H_K_R_Adjustment  kalman_filter.o
    0x080046d4   0x080046d4   0x00000002   Code   RO          692    i.HardFault_Handler  stm32f4xx_it.o
    0x080046d6   0x080046d6   0x00000002   PAD
    0x080046d8   0x080046d8   0x0000023c   Code   RO         5115    i.IMU_Param_Correction  ins_task.o
    0x08004914   0x08004914   0x000000d0   Code   RO         8211    i.IMU_QuaternionEKF_Init  quaternionekf.o
    0x080049e4   0x080049e4   0x00000034   Code   RO         8212    i.IMU_QuaternionEKF_Observe  quaternionekf.o
    0x08004a18   0x08004a18   0x000000c4   Code   RO         8213    i.IMU_QuaternionEKF_SetH  quaternionekf.o
    0x08004adc   0x08004adc   0x00000418   Code   RO         8214    i.IMU_QuaternionEKF_Update  quaternionekf.o
    0x08004ef4   0x08004ef4   0x00000148   Code   RO         8215    i.IMU_QuaternionEKF_User_Func1  quaternionekf.o
    0x0800503c   0x0800503c   0x000003bc   Code   RO         8216    i.IMU_QuaternionEKF_xhatUpdate  quaternionekf.o
    0x080053f8   0x080053f8   0x0000005c   Code   RO         5116    i.IMU_Temperature_Ctrl  ins_task.o
    0x08005454   0x08005454   0x000000b8   Code   RO         5117    i.INS_Init          ins_task.o
    0x0800550c   0x0800550c   0x000003f8   Code   RO         8078    i.Kalman_Filter_Init  kalman_filter.o
    0x08005904   0x08005904   0x00000048   Code   RO         8079    i.Kalman_Filter_Measure  kalman_filter.o
    0x0800594c   0x0800594c   0x00000062   Code   RO         8080    i.Kalman_Filter_P_Update  kalman_filter.o
    0x080059ae   0x080059ae   0x0000006c   Code   RO         8081    i.Kalman_Filter_PminusUpdate  kalman_filter.o
    0x08005a1a   0x08005a1a   0x000000be   Code   RO         8082    i.Kalman_Filter_SetK  kalman_filter.o
    0x08005ad8   0x08005ad8   0x000000e8   Code   RO         8083    i.Kalman_Filter_Update  kalman_filter.o
    0x08005bc0   0x08005bc0   0x00000074   Code   RO         8084    i.Kalman_Filter_xhatMinusUpdate  kalman_filter.o
    0x08005c34   0x08005c34   0x00000080   Code   RO         8085    i.Kalman_Filter_xhatUpdate  kalman_filter.o
    0x08005cb4   0x08005cb4   0x00000044   Code   RO          402    i.MX_CAN1_Init      can.o
    0x08005cf8   0x08005cf8   0x00000044   Code   RO          403    i.MX_CAN2_Init      can.o
    0x08005d3c   0x08005d3c   0x0000009c   Code   RO          449    i.MX_DMA_Init       dma.o
    0x08005dd8   0x08005dd8   0x0000003c   Code   RO          302    i.MX_FREERTOS_Init  freertos.o
    0x08005e14   0x08005e14   0x0000015c   Code   RO          278    i.MX_GPIO_Init      gpio.o
    0x08005f70   0x08005f70   0x00000040   Code   RO          475    i.MX_I2C3_Init      i2c.o
    0x08005fb0   0x08005fb0   0x00000048   Code   RO          517    i.MX_SPI1_Init      spi.o
    0x08005ff8   0x08005ff8   0x00000064   Code   RO          560    i.MX_TIM10_Init     tim.o
    0x0800605c   0x0800605c   0x00000098   Code   RO          561    i.MX_TIM3_Init      tim.o
    0x080060f4   0x080060f4   0x00000098   Code   RO          562    i.MX_TIM4_Init      tim.o
    0x0800618c   0x0800618c   0x000000c8   Code   RO          563    i.MX_TIM8_Init      tim.o
    0x08006254   0x08006254   0x00000038   Code   RO          625    i.MX_USART1_UART_Init  usart.o
    0x0800628c   0x0800628c   0x0000003c   Code   RO          626    i.MX_USART3_UART_Init  usart.o
    0x080062c8   0x080062c8   0x00000038   Code   RO          627    i.MX_USART6_UART_Init  usart.o
    0x08006300   0x08006300   0x00000002   Code   RO          693    i.MemManage_Handler  stm32f4xx_it.o
    0x08006302   0x08006302   0x00000002   Code   RO          694    i.NMI_Handler       stm32f4xx_it.o
    0x08006304   0x08006304   0x000001cc   Code   RO         7919    i.OLS_Derivative    user_lib.o
    0x080064d0   0x080064d0   0x00000044   Code   RO         7920    i.OLS_Init          user_lib.o
    0x08006514   0x08006514   0x00000280   Code   RO         8517    i.PID_Calculate     controller.o
    0x08006794   0x08006794   0x0000006a   Code   RO         8519    i.PID_Init          controller.o
    0x080067fe   0x080067fe   0x00000002   PAD
    0x08006800   0x08006800   0x0000006c   Code   RO         4787    i.RC_Init           bsp_usart.o
    0x0800686c   0x0800686c   0x0000005c   Code   RO         2869    i.SPI_EndRxTxTransaction  stm32f4xx_hal_spi.o
    0x080068c8   0x080068c8   0x000000bc   Code   RO         2874    i.SPI_WaitFlagStateUntilTimeout  stm32f4xx_hal_spi.o
    0x08006984   0x08006984   0x0000002c   Code   RO         7218    i.SysTick_Handler   port.o
    0x080069b0   0x080069b0   0x00000094   Code   RO           15    i.SystemClock_Config  main.o
    0x08006a44   0x08006a44   0x00000010   Code   RO         4494    i.SystemInit        system_stm32f4xx.o
    0x08006a54   0x08006a54   0x0000000c   Code   RO          695    i.TIM7_IRQHandler   stm32f4xx_it.o
    0x08006a60   0x08006a60   0x000000cc   Code   RO         3237    i.TIM_Base_SetConfig  stm32f4xx_hal_tim.o
    0x08006b2c   0x08006b2c   0x0000001a   Code   RO         3238    i.TIM_CCxChannelCmd  stm32f4xx_hal_tim.o
    0x08006b46   0x08006b46   0x00000014   Code   RO         3248    i.TIM_ETR_SetConfig  stm32f4xx_hal_tim.o
    0x08006b5a   0x08006b5a   0x00000010   Code   RO         3249    i.TIM_ITRx_SetConfig  stm32f4xx_hal_tim.o
    0x08006b6a   0x08006b6a   0x00000002   PAD
    0x08006b6c   0x08006b6c   0x00000068   Code   RO         3250    i.TIM_OC1_SetConfig  stm32f4xx_hal_tim.o
    0x08006bd4   0x08006bd4   0x00000074   Code   RO         3251    i.TIM_OC2_SetConfig  stm32f4xx_hal_tim.o
    0x08006c48   0x08006c48   0x00000070   Code   RO         3252    i.TIM_OC3_SetConfig  stm32f4xx_hal_tim.o
    0x08006cb8   0x08006cb8   0x00000054   Code   RO         3253    i.TIM_OC4_SetConfig  stm32f4xx_hal_tim.o
    0x08006d0c   0x08006d0c   0x00000022   Code   RO         3255    i.TIM_TI1_ConfigInputStage  stm32f4xx_hal_tim.o
    0x08006d2e   0x08006d2e   0x00000024   Code   RO         3257    i.TIM_TI2_ConfigInputStage  stm32f4xx_hal_tim.o
    0x08006d52   0x08006d52   0x00000010   Code   RO         4168    i.UART_DMAAbortOnError  stm32f4xx_hal_uart.o
    0x08006d62   0x08006d62   0x0000004a   Code   RO         4169    i.UART_DMAError     stm32f4xx_hal_uart.o
    0x08006dac   0x08006dac   0x00000042   Code   RO         4174    i.UART_DMATransmitCplt  stm32f4xx_hal_uart.o
    0x08006dee   0x08006dee   0x0000000a   Code   RO         4176    i.UART_DMATxHalfCplt  stm32f4xx_hal_uart.o
    0x08006df8   0x08006df8   0x0000004e   Code   RO         4178    i.UART_EndRxTransfer  stm32f4xx_hal_uart.o
    0x08006e46   0x08006e46   0x0000001a   Code   RO         4179    i.UART_EndTransmit_IT  stm32f4xx_hal_uart.o
    0x08006e60   0x08006e60   0x0000001c   Code   RO         4180    i.UART_EndTxTransfer  stm32f4xx_hal_uart.o
    0x08006e7c   0x08006e7c   0x000000c6   Code   RO         4181    i.UART_Receive_IT   stm32f4xx_hal_uart.o
    0x08006f42   0x08006f42   0x00000002   PAD
    0x08006f44   0x08006f44   0x00000114   Code   RO         4182    i.UART_SetConfig    stm32f4xx_hal_uart.o
    0x08007058   0x08007058   0x0000005e   Code   RO         4185    i.UART_Transmit_IT  stm32f4xx_hal_uart.o
    0x080070b6   0x080070b6   0x00000002   PAD
    0x080070b8   0x080070b8   0x00000014   Code   RO          696    i.USART1_IRQHandler  stm32f4xx_it.o
    0x080070cc   0x080070cc   0x000000bc   Code   RO         7601    i.USART1_RX_IRQHandler  cybergear.o
    0x08007188   0x08007188   0x00000014   Code   RO          697    i.USART3_IRQHandler  stm32f4xx_it.o
    0x0800719c   0x0800719c   0x00000014   Code   RO          698    i.USART6_IRQHandler  stm32f4xx_it.o
    0x080071b0   0x080071b0   0x00000002   Code   RO         5859    i.USART6_RX_IRQHandler  usart_communicate.o
    0x080071b2   0x080071b2   0x00000002   PAD
    0x080071b4   0x080071b4   0x00000130   Code   RO         7610    i.USART_get_cybergear_motor_measure  cybergear.o
    0x080072e4   0x080072e4   0x00000002   Code   RO          699    i.UsageFault_Handler  stm32f4xx_it.o
    0x080072e6   0x080072e6   0x00000026   Code   RO         9426    i.__ARM_fpclassifyf  m_wm.l(fpclassifyf.o)
    0x0800730c   0x0800730c   0x00000020   Code   RO         1955    i.__NVIC_SetPriority  stm32f4xx_hal_cortex.o
    0x0800732c   0x0800732c   0x00000118   Code   RO         9216    i.__hardfp_acosf    m_wm.l(acosf.o)
    0x08007444   0x08007444   0x0000012c   Code   RO         9228    i.__hardfp_asinf    m_wm.l(asinf.o)
    0x08007570   0x08007570   0x00000250   Code   RO         9240    i.__hardfp_atan2f   m_wm.l(atan2f.o)
    0x080077c0   0x080077c0   0x0000003a   Code   RO         9302    i.__hardfp_sqrtf    m_wm.l(sqrtf_full.o)
    0x080077fa   0x080077fa   0x00000006   Code   RO         9429    i.__mathlib_flt_infnan  m_wm.l(funder.o)
    0x08007800   0x08007800   0x00000006   Code   RO         9430    i.__mathlib_flt_infnan2  m_wm.l(funder.o)
    0x08007806   0x08007806   0x00000002   PAD
    0x08007808   0x08007808   0x00000010   Code   RO         9431    i.__mathlib_flt_invalid  m_wm.l(funder.o)
    0x08007818   0x08007818   0x00000010   Code   RO         9434    i.__mathlib_flt_underflow  m_wm.l(funder.o)
    0x08007828   0x08007828   0x0000000e   Code   RO         9512    i.__scatterload_copy  mc_w.l(handlers.o)
    0x08007836   0x08007836   0x00000002   Code   RO         9513    i.__scatterload_null  mc_w.l(handlers.o)
    0x08007838   0x08007838   0x0000000e   Code   RO         9514    i.__scatterload_zeroinit  mc_w.l(handlers.o)
    0x08007846   0x08007846   0x00000002   PAD
    0x08007848   0x08007848   0x0000000c   Code   RO         9484    i.__set_errno       mc_w.l(errno.o)
    0x08007854   0x08007854   0x0000002c   Code   RO         8154    i.append_crc16_check_sum  protocol.o
    0x08007880   0x08007880   0x00000022   Code   RO         8155    i.append_crc8_check_sum  protocol.o
    0x080078a2   0x080078a2   0x00000002   PAD
    0x080078a4   0x080078a4   0x00000138   Code   RO         7318    i.bmi088_accel_init  bmi088driver.o
    0x080079dc   0x080079dc   0x000000fc   Code   RO         7320    i.bmi088_gyro_init  bmi088driver.o
    0x08007ad8   0x08007ad8   0x00000018   Code   RO         7730    i.buzzer_int        buzzer.o
    0x08007af0   0x08007af0   0x00000058   Code   RO         4531    i.can_filter_init   bsp_can.o
    0x08007b48   0x08007b48   0x00000028   Code   RO         4631    i.delay_init        bsp_delay.o
    0x08007b70   0x08007b70   0x00000038   Code   RO         4633    i.delay_us          bsp_delay.o
    0x08007ba8   0x08007ba8   0x000000c6   Code   RO         8521    i.f_Changing_Integration_Rate  controller.o
    0x08007c6e   0x08007c6e   0x0000004e   Code   RO         8522    i.f_Derivative_Filter  controller.o
    0x08007cbc   0x08007cbc   0x000000d2   Code   RO         8523    i.f_Derivative_On_Measurement  controller.o
    0x08007d8e   0x08007d8e   0x0000009a   Code   RO         8524    i.f_Integral_Limit  controller.o
    0x08007e28   0x08007e28   0x0000004e   Code   RO         8525    i.f_Output_Filter   controller.o
    0x08007e76   0x08007e76   0x00000040   Code   RO         8526    i.f_Output_Limit    controller.o
    0x08007eb6   0x08007eb6   0x00000002   PAD
    0x08007eb8   0x08007eb8   0x000000a4   Code   RO         8527    i.f_PID_ErrorHandle  controller.o
    0x08007f5c   0x08007f5c   0x00000040   Code   RO         8528    i.f_Proportion_Limit  controller.o
    0x08007f9c   0x08007f9c   0x00000072   Code   RO         8529    i.f_Trapezoid_Intergral  controller.o
    0x0800800e   0x0800800e   0x00000020   Code   RO         7928    i.float_constrain   user_lib.o
    0x0800802e   0x0800802e   0x00000022   Code   RO         7930    i.float_rounding    user_lib.o
    0x08008050   0x08008050   0x0000008c   Code   RO         5707    i.get_DM_motor_1_measure  can_receive.o
    0x080080dc   0x080080dc   0x0000008c   Code   RO         5708    i.get_DM_motor_2_measure  can_receive.o
    0x08008168   0x08008168   0x0000008c   Code   RO         5709    i.get_DM_motor_3_measure  can_receive.o
    0x080081f4   0x080081f4   0x00000008   Code   RO         5120    i.get_angle_data_point  ins_task.o
    0x080081fc   0x080081fc   0x00000030   Code   RO         8156    i.get_crc16_check_sum  protocol.o
    0x0800822c   0x0800822c   0x0000001c   Code   RO         8157    i.get_crc8_check_sum  protocol.o
    0x08008248   0x08008248   0x00000008   Code   RO         7809    i.get_remote_control_point  remote_control.o
    0x08008250   0x08008250   0x0000023c   Code   RO         5122    i.ins_task          ins_task.o
    0x0800848c   0x0800848c   0x0000002c   Code   RO         8217    i.invSqrt           quaternionekf.o
    0x080084b8   0x080084b8   0x0000005c   Code   RO           16    i.main              main.o
    0x08008514   0x08008514   0x0000000c   Code   RO         6771    i.makeFreeRtosPriority  cmsis_os.o
    0x08008520   0x08008520   0x0000006c   Code   RO         9364    i.malloc            mc_w.l(malloc.o)
    0x0800858c   0x0800858c   0x00000010   Code   RO         6773    i.osDelay           cmsis_os.o
    0x0800859c   0x0800859c   0x0000000a   Code   RO         6776    i.osKernelStart     cmsis_os.o
    0x080085a6   0x080085a6   0x00000058   Code   RO         6810    i.osThreadCreate    cmsis_os.o
    0x080085fe   0x080085fe   0x00000002   PAD
    0x08008600   0x08008600   0x00000078   Code   RO         6403    i.prvAddCurrentTaskToDelayedList  tasks.o
    0x08008678   0x08008678   0x00000088   Code   RO         6404    i.prvAddNewTaskToReadyList  tasks.o
    0x08008700   0x08008700   0x0000003c   Code   RO         6405    i.prvCheckTasksWaitingTermination  tasks.o
    0x0800873c   0x0800873c   0x00000040   Code   RO         6406    i.prvDeleteTCB      tasks.o
    0x0800877c   0x0800877c   0x0000004c   Code   RO         7150    i.prvHeapInit       heap_4.o
    0x080087c8   0x080087c8   0x00000028   Code   RO         6407    i.prvIdleTask       tasks.o
    0x080087f0   0x080087f0   0x000000ac   Code   RO         6408    i.prvInitialiseNewTask  tasks.o
    0x0800889c   0x0800889c   0x00000058   Code   RO         6409    i.prvInitialiseTaskLists  tasks.o
    0x080088f4   0x080088f4   0x00000054   Code   RO         7151    i.prvInsertBlockIntoFreeList  heap_4.o
    0x08008948   0x08008948   0x00000024   Code   RO         6410    i.prvResetNextTaskUnblockTime  tasks.o
    0x0800896c   0x0800896c   0x0000002c   Code   RO         7219    i.prvTaskExitError  port.o
    0x08008998   0x08008998   0x000000dc   Code   RO         7152    i.pvPortMalloc      heap_4.o
    0x08008a74   0x08008a74   0x00000024   Code   RO         7220    i.pxPortInitialiseStack  port.o
    0x08008a98   0x08008a98   0x00000020   Code   RO         7811    i.remote_control_init  remote_control.o
    0x08008ab8   0x08008ab8   0x000000b4   Code   RO         7813    i.sbus_to_rc        remote_control.o
    0x08008b6c   0x08008b6c   0x0000003e   Code   RO         9304    i.sqrtf             m_wm.l(sqrtf_full.o)
    0x08008baa   0x08008baa   0x00000002   PAD
    0x08008bac   0x08008bac   0x00000050   Code   RO         5860    i.usart_communicate_task  usart_communicate.o
    0x08008bfc   0x08008bfc   0x00000026   Code   RO         6016    i.uxListRemove      list.o
    0x08008c22   0x08008c22   0x00000002   PAD
    0x08008c24   0x08008c24   0x00000014   Code   RO          308    i.vApplicationGetIdleTaskMemory  freertos.o
    0x08008c38   0x08008c38   0x00000016   Code   RO         6017    i.vListInitialise   list.o
    0x08008c4e   0x08008c4e   0x00000006   Code   RO         6018    i.vListInitialiseItem  list.o
    0x08008c54   0x08008c54   0x00000030   Code   RO         6019    i.vListInsert       list.o
    0x08008c84   0x08008c84   0x00000018   Code   RO         6020    i.vListInsertEnd    list.o
    0x08008c9c   0x08008c9c   0x00000040   Code   RO         7222    i.vPortEnterCritical  port.o
    0x08008cdc   0x08008cdc   0x0000002c   Code   RO         7223    i.vPortExitCritical  port.o
    0x08008d08   0x08008d08   0x00000064   Code   RO         7153    i.vPortFree         heap_4.o
    0x08008d6c   0x08008d6c   0x00000024   Code   RO         7224    i.vPortSetupTimerInterrupt  port.o
    0x08008d90   0x08008d90   0x00000050   Code   RO         6422    i.vTaskDelay        tasks.o
    0x08008de0   0x08008de0   0x00000088   Code   RO         6436    i.vTaskStartScheduler  tasks.o
    0x08008e68   0x08008e68   0x00000010   Code   RO         6438    i.vTaskSuspendAll   tasks.o
    0x08008e78   0x08008e78   0x00000060   Code   RO         6439    i.vTaskSwitchContext  tasks.o
    0x08008ed8   0x08008ed8   0x000000f4   Code   RO         7226    i.xPortStartScheduler  port.o
    0x08008fcc   0x08008fcc   0x00000064   Code   RO         6443    i.xTaskCreate       tasks.o
    0x08009030   0x08009030   0x0000005c   Code   RO         6444    i.xTaskCreateStatic  tasks.o
    0x0800908c   0x0800908c   0x000000d0   Code   RO         6452    i.xTaskIncrementTick  tasks.o
    0x0800915c   0x0800915c   0x000000cc   Code   RO         6458    i.xTaskResumeAll    tasks.o
    0x08009228   0x08009228   0x00000038   Data   RO          310    .constdata          freertos.o
    0x08009260   0x08009260   0x00000008   Data   RO         1672    .constdata          stm32f4xx_hal_dma.o
    0x08009268   0x08009268   0x00000010   Data   RO         4495    .constdata          system_stm32f4xx.o
    0x08009278   0x08009278   0x00000008   Data   RO         4496    .constdata          system_stm32f4xx.o
    0x08009280   0x08009280   0x00000030   Data   RO         5124    .constdata          ins_task.o
    0x080092b0   0x080092b0   0x00000300   Data   RO         8161    .constdata          protocol.o
    0x080095b0   0x080095b0   0x00000090   Data   RO         8219    .constdata          quaternionekf.o
    0x08009640   0x08009640   0x00000804   Data   RO         9179    .constdata          arm_cortexM4lf_math.lib(arm_common_tables.o)
    0x08009e44   0x08009e44   0x00000020   Data   RO          311    .conststring        freertos.o
    0x08009e64   0x08009e64   0x00000020   Data   RO         9510    Region$$Table       anon$$obj.o


    Execution Region RW_IRAM2 (Exec base: 0x10000000, Load base: 0x08009ee8, Size: 0x00000000, Max: 0x00010000, ABSOLUTE)

    **** No section assigned to this execution region ****


    Execution Region RW_IRAM1 (Exec base: 0x20000000, Load base: 0x08009e84, Size: 0x0000b238, Max: 0x00020000, ABSOLUTE, COMPRESSED[0x00000064])

    Exec Addr    Load Addr    Size         Type   Attr      Idx    E Section Name        Object

    0x20000000   COMPRESSED   0x00000008   Data   RW          313    .data               freertos.o
    0x20000008   COMPRESSED   0x00000004   Data   RW          405    .data               can.o
    0x2000000c   COMPRESSED   0x0000000c   Data   RW         2099    .data               stm32f4xx_hal.o
    0x20000018   COMPRESSED   0x00000004   Data   RW         4497    .data               system_stm32f4xx.o
    0x2000001c   COMPRESSED   0x00000008   Data   RW         4634    .data               bsp_delay.o
    0x20000024   COMPRESSED   0x00000004   PAD
    0x20000028   COMPRESSED   0x00000040   Data   RW         4681    .data               bsp_dwt.o
    0x20000068   COMPRESSED   0x00000044   Data   RW         5125    .data               ins_task.o
    0x200000ac   COMPRESSED   0x00000014   Data   RW         5861    .data               usart_communicate.o
    0x200000c0   COMPRESSED   0x0000003c   Data   RW         6461    .data               tasks.o
    0x200000fc   COMPRESSED   0x00000020   Data   RW         7159    .data               heap_4.o
    0x2000011c   COMPRESSED   0x0000000c   Data   RW         7227    .data               port.o
    0x20000128   COMPRESSED   0x00000048   Data   RW         7328    .data               bmi088driver.o
    0x20000170   COMPRESSED   0x0000002c   Data   RW         7614    .data               cybergear.o
    0x2000019c   COMPRESSED   0x00000002   Data   RW         7817    .data               remote_control.o
    0x2000019e   COMPRESSED   0x00000002   PAD
    0x200001a0   COMPRESSED   0x00000014   Data   RW         7940    .data               user_lib.o
    0x200001b4   COMPRESSED   0x00000004   Data   RW         8086    .data               kalman_filter.o
    0x200001b8   COMPRESSED   0x00000002   Data   RW         8162    .data               protocol.o
    0x200001ba   COMPRESSED   0x00000002   PAD
    0x200001bc   COMPRESSED   0x000000d4   Data   RW         8220    .data               quaternionekf.o
    0x20000290   COMPRESSED   0x00000004   Data   RW         9480    .data               mc_w.l(mvars.o)
    0x20000294   COMPRESSED   0x00000004   Data   RW         9481    .data               mc_w.l(mvars.o)
    0x20000298   COMPRESSED   0x00000004   Data   RW         9485    .data               mc_w.l(errno.o)
    0x2000029c        -       0x00000254   Zero   RW          309    .bss                freertos.o
    0x200004f0        -       0x00000050   Zero   RW          404    .bss                can.o
    0x20000540        -       0x00000054   Zero   RW          476    .bss                i2c.o
    0x20000594        -       0x00000118   Zero   RW          518    .bss                spi.o
    0x200006ac        -       0x00000120   Zero   RW          564    .bss                tim.o
    0x200007cc        -       0x000002ac   Zero   RW          628    .bss                usart.o
    0x20000a78        -       0x00000048   Zero   RW          883    .bss                stm32f4xx_hal_timebase_tim.o
    0x20000ac0        -       0x00000154   Zero   RW         5123    .bss                ins_task.o
    0x20000c14        -       0x0000003c   Zero   RW         5646    .bss                motor_task.o
    0x20000c50        -       0x00000060   Zero   RW         5714    .bss                can_receive.o
    0x20000cb0        -       0x000000f0   Zero   RW         6460    .bss                tasks.o
    0x20000da0        -       0x00003c00   Zero   RW         7158    .bss                heap_4.o
    0x200049a0        -       0x00000040   Zero   RW         7326    .bss                bmi088driver.o
    0x200049e0        -       0x00000070   Zero   RW         7613    .bss                cybergear.o
    0x20004a50        -       0x00000079   Zero   RW         7816    .bss                remote_control.o
    0x20004ac9   COMPRESSED   0x00000007   PAD
    0x20004ad0        -       0x00000268   Zero   RW         8218    .bss                quaternionekf.o
    0x20004d38        -       0x00003000   Zero   RW            2    HEAP                startup_stm32f407xx.o
    0x20007d38        -       0x00003500   Zero   RW            1    STACK               startup_stm32f407xx.o


==============================================================================

Image component sizes


      Code (inc. data)   RO Data    RW Data    ZI Data      Debug   Object Name

      2360        136          0         72         64      16197   bmi088driver.o
        88          8          0          0          0     593834   bsp_can.o
        96         20          0          8          0       1360   bsp_delay.o
       448         70          0         64          0       4702   bsp_dwt.o
       108         14          0          0          0       1371   bsp_usart.o
        24          4          0          0          0        545   buzzer.o
       392         42          0          4         80       2710   can.o
       508         34          0          0         96       5737   can_receive.o
       126          0          0          0          0      23327   cmsis_os.o
      1870         14          0          0          0      10599   controller.o
       492         66          0         44        112      17703   cybergear.o
       156          4          0          0          0        934   dma.o
         0          0          0          0          0      16844   event_groups.o
        80         12         88          8        596       8695   freertos.o
         0          0          0          0          0     584256   gimbal_behaviour.o
       348         20          0          0          0       1231   gpio.o
       480         26          0         32      15360       7831   heap_4.o
       212         32          0          0         84       1889   i2c.o
      1896        128         48         68        340      13349   ins_task.o
      2212         18          0          4          0       9579   kalman_filter.o
       138          0          0          0          0       3810   list.o
       264         14          0          0          0     760812   main.o
         0          0          0          0         60       1496   motor_task.o
       702         74          0         12          0      11488   port.o
       154         14        768          2          0       3801   protocol.o
      2832        160        144        212        616      10779   quaternionekf.o
       412         34          0          2        121       5504   remote_control.o
       336         34          0          0        280       2067   spi.o
        36          8        392          0      25856        876   startup_stm32f407xx.o
        80         14          0         12          0       8310   stm32f4xx_hal.o
      1528          6          0          0          0      14232   stm32f4xx_hal_can.o
       158         14          0          0          0      33442   stm32f4xx_hal_cortex.o
      1170         14          8          0          0       7858   stm32f4xx_hal_dma.o
       504         50          0          0          0       3700   stm32f4xx_hal_gpio.o
       408         16          0          0          0       2195   stm32f4xx_hal_i2c.o
        56          4          0          0          0        934   stm32f4xx_hal_msp.o
      1536         88          0          0          0       7293   stm32f4xx_hal_rcc.o
       954         14          0          0          0       4929   stm32f4xx_hal_spi.o
      2212        168          0          0          0      18605   stm32f4xx_hal_tim.o
       232         30          0          0          0       3561   stm32f4xx_hal_tim_ex.o
       152         20          0          0         72       1671   stm32f4xx_hal_timebase_tim.o
      1676         30          0          0          0      14470   stm32f4xx_hal_uart.o
       216         72          0          0          0      11843   stm32f4xx_it.o
         0          0          0          0          0        416   stream_buffer.o
        16          4         24          4          0       1247   system_stm32f4xx.o
      1648        120          0         60        240      21577   tasks.o
       964         88          0          0        288       5217   tim.o
       804         80          0          0        684       3883   usart.o
        82         10          0         20          0       2844   usart_communicate.o
       594          6          0         20          0       6901   user_lib.o

    ----------------------------------------------------------------------
     31810       1834       1504        656      44956    2298454   Object Totals
         0          0         32          0          0          0   (incl. Generated)
        50          0          0          8          7          0   (incl. Padding)

    ----------------------------------------------------------------------

      Code (inc. data)   RO Data    RW Data    ZI Data      Debug   Library Member Name

         0          0       2052          0          0       4636   arm_common_tables.o
       120         12          0          0          0      16970   arm_cos_f32.o
       264          0          0          0          0       1482   arm_mat_add_f32.o
         8          0          0          0          0        843   arm_mat_init_f32.o
      1328          4          0          0          0       2718   arm_mat_inverse_f32.o
       316          4          0          0          0       1627   arm_mat_mult_f32.o
       264          0          0          0          0       1482   arm_mat_sub_f32.o
       276          0          0          0          0       1516   arm_mat_trans_f32.o
       116         12          0          0          0        658   arm_sin_f32.o
       280         46          0          0          0        176   acosf.o
       300         42          0          0          0        176   asinf.o
       592         90          0          0          0        184   atan2f.o
        38          0          0          0          0        116   fpclassifyf.o
        44         12          0          0          0        464   funder.o
       120          0          0          0          0        272   sqrtf_full.o
        86          0          0          0          0          0   __dczerorl2.o
         0          0          0          0          0          0   entry.o
         0          0          0          0          0          0   entry10a.o
         0          0          0          0          0          0   entry11a.o
         8          4          0          0          0          0   entry2.o
         4          0          0          0          0          0   entry5.o
         0          0          0          0          0          0   entry7b.o
         0          0          0          0          0          0   entry8b.o
         8          4          0          0          0          0   entry9a.o
        12          6          0          4          0         68   errno.o
        30          0          0          0          0          0   handlers.o
        36          8          0          0          0         68   init.o
         0          0          0          0          0          0   iusefp.o
        30          0          0          0          0         68   llshl.o
        32          0          0          0          0         68   llushr.o
       108         16          0          0          0         84   malloc.o
        36          0          0          0          0         68   memcpya.o
        36          0          0          0          0        108   memseta.o
         0          0          0          8          0          0   mvars.o
        98          0          0          0          0         92   uldiv.o
        56          0          0          0          0         88   d2f.o
       186          0          0          0          0        176   depilogue.o
        34          0          0          0          0         76   dflti.o
       228          0          0          0          0         96   dmul.o
       110          0          0          0          0        168   fepilogue.o

    ----------------------------------------------------------------------
      5214        260       2052         12          0      34548   Library Totals
        10          0          0          0          0          0   (incl. Padding)

    ----------------------------------------------------------------------

      Code (inc. data)   RO Data    RW Data    ZI Data      Debug   Library Name

      2692         32       2052          0          0      31932   arm_cortexM4lf_math.lib
      1374        190          0          0          0       1388   m_wm.l
       524         38          0         12          0        624   mc_w.l
       614          0          0          0          0        604   mf_w.l

    ----------------------------------------------------------------------
      5214        260       2052         12          0      34548   Library Totals

    ----------------------------------------------------------------------

==============================================================================


      Code (inc. data)   RO Data    RW Data    ZI Data      Debug   

     37024       2094       3556        668      44956    2305914   Grand Totals
     37024       2094       3556        100      44956    2305914   ELF Image Totals (compressed)
     37024       2094       3556        100          0          0   ROM Totals

==============================================================================

    Total RO  Size (Code + RO Data)                40580 (  39.63kB)
    Total RW  Size (RW Data + ZI Data)             45624 (  44.55kB)
    Total ROM Size (Code + RO Data + RW Data)      40680 (  39.73kB)

==============================================================================

