Component: ARM Compiler 5.06 update 6 (build 750) Tool: armlink [4d35ed]

==============================================================================

Section Cross References

    startup_stm32f407xx.o(STACK) refers (Special) to heapauxi.o(.text) for __use_two_region_memory
    startup_stm32f407xx.o(HEAP) refers (Special) to heapauxi.o(.text) for __use_two_region_memory
    startup_stm32f407xx.o(RESET) refers (Special) to heapauxi.o(.text) for __use_two_region_memory
    startup_stm32f407xx.o(RESET) refers to startup_stm32f407xx.o(STACK) for __initial_sp
    startup_stm32f407xx.o(RESET) refers to startup_stm32f407xx.o(.text) for Reset_Handler
    startup_stm32f407xx.o(RESET) refers to stm32f4xx_it.o(i.NMI_Handler) for NMI_Handler
    startup_stm32f407xx.o(RESET) refers to stm32f4xx_it.o(i.HardFault_Handler) for HardFault_Handler
    startup_stm32f407xx.o(RESET) refers to stm32f4xx_it.o(i.MemManage_Handler) for MemManage_Handler
    startup_stm32f407xx.o(RESET) refers to stm32f4xx_it.o(i.BusFault_Handler) for BusFault_Handler
    startup_stm32f407xx.o(RESET) refers to stm32f4xx_it.o(i.UsageFault_Handler) for UsageFault_Handler
    startup_stm32f407xx.o(RESET) refers to port.o(.emb_text) for SVC_Handler
    startup_stm32f407xx.o(RESET) refers to stm32f4xx_it.o(i.DebugMon_Handler) for DebugMon_Handler
    startup_stm32f407xx.o(RESET) refers to stm32f4xx_it.o(i.SysTick_Handler) for SysTick_Handler
    startup_stm32f407xx.o(RESET) refers to stm32f4xx_it.o(i.CAN1_RX0_IRQHandler) for CAN1_RX0_IRQHandler
    startup_stm32f407xx.o(RESET) refers to stm32f4xx_it.o(i.DMA2_Stream1_IRQHandler) for DMA2_Stream1_IRQHandler
    startup_stm32f407xx.o(RESET) refers to stm32f4xx_it.o(i.DMA2_Stream2_IRQHandler) for DMA2_Stream2_IRQHandler
    startup_stm32f407xx.o(RESET) refers to stm32f4xx_it.o(i.CAN2_RX0_IRQHandler) for CAN2_RX0_IRQHandler
    startup_stm32f407xx.o(RESET) refers to stm32f4xx_it.o(i.DMA2_Stream6_IRQHandler) for DMA2_Stream6_IRQHandler
    startup_stm32f407xx.o(RESET) refers to stm32f4xx_it.o(i.DMA2_Stream7_IRQHandler) for DMA2_Stream7_IRQHandler
    startup_stm32f407xx.o(.text) refers (Special) to heapauxi.o(.text) for __use_two_region_memory
    startup_stm32f407xx.o(.text) refers to system_stm32f4xx.o(i.SystemInit) for SystemInit
    startup_stm32f407xx.o(.text) refers to __main.o(!!!main) for __main
    startup_stm32f407xx.o(.text) refers to startup_stm32f407xx.o(HEAP) for Heap_Mem
    startup_stm32f407xx.o(.text) refers to startup_stm32f407xx.o(STACK) for Stack_Mem
    main.o(i.SystemClock_Config) refers to rt_memclr_w.o(.text) for __aeabi_memclr4
    main.o(i.SystemClock_Config) refers to stm32f4xx_hal_rcc.o(i.HAL_RCC_OscConfig) for HAL_RCC_OscConfig
    main.o(i.SystemClock_Config) refers to main.o(i.Error_Handler) for Error_Handler
    main.o(i.SystemClock_Config) refers to stm32f4xx_hal_rcc.o(i.HAL_RCC_ClockConfig) for HAL_RCC_ClockConfig
    main.o(i.main) refers to stm32f4xx_hal.o(i.HAL_Init) for HAL_Init
    main.o(i.main) refers to main.o(i.SystemClock_Config) for SystemClock_Config
    main.o(i.main) refers to gpio.o(i.MX_GPIO_Init) for MX_GPIO_Init
    main.o(i.main) refers to dma.o(i.MX_DMA_Init) for MX_DMA_Init
    main.o(i.main) refers to can.o(i.MX_CAN1_Init) for MX_CAN1_Init
    main.o(i.main) refers to can.o(i.MX_CAN2_Init) for MX_CAN2_Init
    main.o(i.main) refers to usart.o(i.MX_USART1_UART_Init) for MX_USART1_UART_Init
    main.o(i.main) refers to usart.o(i.MX_USART6_UART_Init) for MX_USART6_UART_Init
    main.o(i.main) refers to bsp_usart.o(i.uart1_init) for uart1_init
    main.o(i.main) refers to bsp_usart.o(i.uart6_init) for uart6_init
    main.o(i.main) refers to bsp_can.o(i.can_filter_init) for can_filter_init
    main.o(i.main) refers to bsp_dwt.o(i.DWT_Init) for DWT_Init
    main.o(i.main) refers to freertos.o(i.MX_FREERTOS_Init) for MX_FREERTOS_Init
    main.o(i.main) refers to cmsis_os.o(i.osKernelStart) for osKernelStart
    gpio.o(i.MX_GPIO_Init) refers to rt_memclr_w.o(.text) for __aeabi_memclr4
    gpio.o(i.MX_GPIO_Init) refers to stm32f4xx_hal_gpio.o(i.HAL_GPIO_Init) for HAL_GPIO_Init
    freertos.o(i.MX_FREERTOS_Init) refers to rt_memcpy_w.o(.text) for __aeabi_memcpy4
    freertos.o(i.MX_FREERTOS_Init) refers to cmsis_os.o(i.osThreadCreate) for osThreadCreate
    freertos.o(i.MX_FREERTOS_Init) refers to freertos.o(.constdata) for .constdata
    freertos.o(i.MX_FREERTOS_Init) refers to freertos.o(.data) for A_communicateTaskHandle
    freertos.o(i.vApplicationGetIdleTaskMemory) refers to freertos.o(.bss) for xIdleTaskTCBBuffer
    freertos.o(.constdata) refers to freertos.o(.conststring) for .conststring
    freertos.o(.constdata) refers to a_communicate_task.o(i.A_communicate_task) for A_communicate_task
    freertos.o(.constdata) refers to arm_control_task.o(i.arm_task) for arm_task
    can.o(i.HAL_CAN_MspDeInit) refers to stm32f4xx_hal_gpio.o(i.HAL_GPIO_DeInit) for HAL_GPIO_DeInit
[...]
    FuzzyRuleKpRAW                           0x20000110   Data         196  controller.o(.data)
    FuzzyRuleKiRAW                           0x200001d4   Data         196  controller.o(.data)
    FuzzyRuleKdRAW                           0x20000298   Data         196  controller.o(.data)
    temp_Output                              0x2000035c   Data           4  controller.o(.data)
    temp_Iout                                0x20000360   Data           4  controller.o(.data)
    .bss                                     0x20000364   Section      596  freertos.o(.bss)
    xIdleTaskTCBBuffer                       0x20000364   Data          84  freertos.o(.bss)
    xIdleStack                               0x200003b8   Data         512  freertos.o(.bss)
    .bss                                     0x200005b8   Section       80  can.o(.bss)
    .bss                                     0x20000608   Section      520  usart.o(.bss)
    .bss                                     0x20000810   Section      240  tasks.o(.bss)
    pxReadyTasksLists                        0x20000810   Data         140  tasks.o(.bss)
    xDelayedTaskList1                        0x2000089c   Data          20  tasks.o(.bss)
    xDelayedTaskList2                        0x200008b0   Data          20  tasks.o(.bss)
    xPendingReadyList                        0x200008c4   Data          20  tasks.o(.bss)
    xTasksWaitingTermination                 0x200008d8   Data          20  tasks.o(.bss)
    xSuspendedTaskList                       0x200008ec   Data          20  tasks.o(.bss)
    .bss                                     0x20000900   Section    15360  heap_4.o(.bss)
    ucHeap                                   0x20000900   Data       15360  heap_4.o(.bss)
    .bss                                     0x20004500   Section       52  a_communicate_task.o(.bss)
    .bss                                     0x20004534   Section      184  can_receive.o(.bss)
    arm_tx_message                           0x200045bc   Data          24  can_receive.o(.bss)
    board_communicate_can2_tx_message        0x200045d4   Data          24  can_receive.o(.bss)
    .bss                                     0x200045ec   Section     1364  arm_control_task.o(.bss)
    .bss                                     0x20004b40   Section       96  libspace.o(.bss)
    HEAP                                     0x20004ba0   Section      512  startup_stm32f407xx.o(HEAP)
    Heap_Mem                                 0x20004ba0   Data         512  startup_stm32f407xx.o(HEAP)
    STACK                                    0x20004da0   Section     1024  startup_stm32f407xx.o(STACK)
    Stack_Mem                                0x20004da0   Data        1024  startup_stm32f407xx.o(STACK)
    __initial_sp                             0x200051a0   Data           0  startup_stm32f407xx.o(STACK)

    Global Symbols

    Symbol Name                              Value     Ov Type        Size  Object(Section)

    BuildAttributes$$THM_ISAv4$E$P$D$K$B$S$7EM$VFPi3$EXTD16$VFPS$VFMA$PE$A:L22UL41UL21$X:L11$S22US41US21$IEEE1$IW$USESV6$~STKCKD$USESV7$~SHL$OTIME$ROPI$IEEEX$EBA8$UX$STANDARDLIB$REQ8$PRES8$EABIv2 0x00000000   Number         0  anon$$obj.o ABSOLUTE
    __ARM_use_no_argv                        0x00000000   Number         0  main.o ABSOLUTE
    __ARM_exceptions_init                     - Undefined Weak Reference
    __alloca_initialize                       - Undefined Weak Reference
    __arm_preinit_                            - Undefined Weak Reference
    __cpp_initialize__aeabi_                  - Undefined Weak Reference
    __cxa_finalize                            - Undefined Weak Reference
    __rt_locale                               - Undefined Weak Reference
    __sigvec_lookup                           - Undefined Weak Reference
    __user_heap_extent                        - Undefined Weak Reference
    _atexit_init                              - Undefined Weak Reference
    _call_atexit_fns                          - Undefined Weak Reference
    _clock_init                               - Undefined Weak Reference
    _fp_trap_big                              - Undefined Weak Reference
    _fp_trap_init                             - Undefined Weak Reference
    _fp_trap_shutdown                         - Undefined Weak Reference
    _get_lc_collate                           - Undefined Weak Reference
    _get_lc_ctype                             - Undefined Weak Reference
    _get_lc_monetary                          - Undefined Weak Reference
    _get_lc_numeric                           - Undefined Weak Reference
    _get_lc_time                              - Undefined Weak Reference
    _getenv_init                              - Undefined Weak Reference
    _handle_redirection                       - Undefined Weak Reference
    _initio                                   - Undefined Weak Reference
    _mutex_acquire                            - Undefined Weak Reference
    _mutex_free                               - Undefined Weak Reference
    _mutex_release                            - Undefined Weak Reference
    _rand_init                                - Undefined Weak Reference
    _signal_finish                            - Undefined Weak Reference
    _signal_init                              - Undefined Weak Reference
    _terminateio                              - Undefined Weak Reference
    __Vectors_Size                           0x00000188   Number         0  startup_stm32f407xx.o ABSOLUTE
    __Vectors                                0x08000000   Data           4  startup_stm32f407xx.o(RESET)
    __Vectors_End                            0x08000188   Data           0  startup_stm32f407xx.o(RESET)
    __main                                   0x08000189   Thumb Code     8  __main.o(!!!main)
    __scatterload                            0x08000191   Thumb Code     0  __scatter.o(!!!scatter)
    __scatterload_rt2                        0x08000191   Thumb Code    44  __scatter.o(!!!scatter)
    __scatterload_rt2_thumb_only             0x08000191   Thumb Code     0  __scatter.o(!!!scatter)
    __scatterload_null                       0x0800019f   Thumb Code     0  __scatter.o(!!!scatter)
    __decompress                             0x080001c5   Thumb Code    90  __dczerorl2.o(!!dczerorl2)
    __decompress1                            0x080001c5   Thumb Code     0  __dczerorl2.o(!!dczerorl2)
    __scatterload_zeroinit                   0x08000221   Thumb Code    28  __scatter_zi.o(!!handler_zi)
    __rt_lib_init                            0x0800023d   Thumb Code     0  libinit.o(.ARM.Collect$$libinit$$00000000)
    __rt_lib_init_fp_1                       0x0800023f   Thumb Code     0  libinit2.o(.ARM.Collect$$libinit$$00000001)
    __rt_lib_init_heap_2                     0x08000243   Thumb Code     0  libinit2.o(.ARM.Collect$$libinit$$00000005)
    __rt_lib_init_preinit_1                  0x08000243   Thumb Code     0  libinit2.o(.ARM.Collect$$libinit$$00000004)
    __rt_lib_init_alloca_1                   0x0800024b   Thumb Code     0  libinit2.o(.ARM.Collect$$libinit$$0000002E)
    __rt_lib_init_argv_1                     0x0800024b   Thumb Code     0  libinit2.o(.ARM.Collect$$libinit$$0000002C)
    __rt_lib_init_atexit_1                   0x0800024b   Thumb Code     0  libinit2.o(.ARM.Collect$$libinit$$0000001B)
    __rt_lib_init_clock_1                    0x0800024b   Thumb Code     0  libinit2.o(.ARM.Collect$$libinit$$00000021)
    __rt_lib_init_cpp_1                      0x0800024b   Thumb Code     0  libinit2.o(.ARM.Collect$$libinit$$00000032)
    __rt_lib_init_exceptions_1               0x0800024b   Thumb Code     0  libinit2.o(.ARM.Collect$$libinit$$00000030)
    __rt_lib_init_fp_trap_1                  0x0800024b   Thumb Code     0  libinit2.o(.ARM.Collect$$libinit$$0000001F)
    __rt_lib_init_getenv_1                   0x0800024b   Thumb Code     0  libinit2.o(.ARM.Collect$$libinit$$00000023)
    __rt_lib_init_heap_1                     0x0800024b   Thumb Code     0  libinit2.o(.ARM.Collect$$libinit$$0000000A)
    __rt_lib_init_lc_collate_1               0x0800024b   Thumb Code     0  libinit2.o(.ARM.Collect$$libinit$$00000011)
    __rt_lib_init_lc_ctype_1                 0x0800024b   Thumb Code     0  libinit2.o(.ARM.Collect$$libinit$$00000013)
    __rt_lib_init_lc_monetary_1              0x0800024b   Thumb Code     0  libinit2.o(.ARM.Collect$$libinit$$00000015)
    __rt_lib_init_lc_numeric_1               0x0800024b   Thumb Code     0  libinit2.o(.ARM.Collect$$libinit$$00000017)
    __rt_lib_init_lc_time_1                  0x0800024b   Thumb Code     0  libinit2.o(.ARM.Collect$$libinit$$00000019)
    __rt_lib_init_rand_1                     0x0800024b   Thumb Code     0  libinit2.o(.ARM.Collect$$libinit$$0000000E)
    __rt_lib_init_return                     0x0800024b   Thumb Code     0  libinit2.o(.ARM.Collect$$libinit$$00000033)
    __rt_lib_init_signal_1                   0x0800024b   Thumb Code     0  libinit2.o(.ARM.Collect$$libinit$$0000001D)
    __rt_lib_init_stdio_1                    0x0800024b   Thumb Code     0  libinit2.o(.ARM.Collect$$libinit$$00000025)
    __rt_lib_init_user_alloc_1               0x0800024b   Thumb Code     0  libinit2.o(.ARM.Collect$$libinit$$0000000C)
    __rt_lib_shutdown                        0x0800024d   Thumb Code     0  libshutdown.o(.ARM.Collect$$libshutdown$$00000000)
    __rt_lib_shutdown_cpp_1                  0x0800024f   Thumb Code     0  libshutdown2.o(.ARM.Collect$$libshutdown$$00000002)
    __rt_lib_shutdown_fp_trap_1              0x0800024f   Thumb Code     0  libshutdown2.o(.ARM.Collect$$libshutdown$$00000007)
    __rt_lib_shutdown_heap_1                 0x0800024f   Thumb Code     0  libshutdown2.o(.ARM.Collect$$libshutdown$$0000000F)
    __rt_lib_shutdown_return                 0x0800024f   Thumb Code     0  libshutdown2.o(.ARM.Collect$$libshutdown$$00000010)
    __rt_lib_shutdown_signal_1               0x0800024f   Thumb Code     0  libshutdown2.o(.ARM.Collect$$libshutdown$$0000000A)
    __rt_lib_shutdown_stdio_1                0x0800024f   Thumb Code     0  libshutdown2.o(.ARM.Collect$$libshutdown$$00000004)
    __rt_lib_shutdown_user_alloc_1           0x0800024f   Thumb Code     0  libshutdown2.o(.ARM.Collect$$libshutdown$$0000000C)
    __rt_entry                               0x08000251   Thumb Code     0  __rtentry.o(.ARM.Collect$$rtentry$$00000000)
    __rt_entry_presh_1                       0x08000251   Thumb Code     0  __rtentry2.o(.ARM.Collect$$rtentry$$00000002)
    __rt_entry_sh                            0x08000251   Thumb Code     0  __rtentry4.o(.ARM.Collect$$rtentry$$00000004)
    __rt_entry_li                            0x08000257   Thumb Code     0  __rtentry2.o(.ARM.Collect$$rtentry$$0000000A)
    __rt_entry_postsh_1                      0x08000257   Thumb Code     0  __rtentry2.o(.ARM.Collect$$rtentry$$00000009)
    __rt_entry_main                          0x0800025b   Thumb Code     0  __rtentry2.o(.ARM.Collect$$rtentry$$0000000D)
    __rt_entry_postli_1                      0x0800025b   Thumb Code     0  __rtentry2.o(.ARM.Collect$$rtentry$$0000000C)
    __rt_exit                                0x08000263   Thumb Code     0  rtexit.o(.ARM.Collect$$rtexit$$00000000)
    __rt_exit_ls                             0x08000265   Thumb Code     0  rtexit2.o(.ARM.Collect$$rtexit$$00000003)
    __rt_exit_prels_1                        0x08000265   Thumb Code     0  rtexit2.o(.ARM.Collect$$rtexit$$00000002)
    __rt_exit_exit                           0x08000269   Thumb Code     0  rtexit2.o(.ARM.Collect$$rtexit$$00000004)
    SVC_Handler                              0x08000271   Thumb Code    28  port.o(.emb_text)
    __asm___6_port_c_39a90d8d__prvStartFirstTask 0x08000291   Thumb Code    36  port.o(.emb_text)
    __asm___6_port_c_39a90d8d__prvEnableVFP  0x080002b9   Thumb Code    16  port.o(.emb_text)
    PendSV_Handler                           0x080002cd   Thumb Code    88  port.o(.emb_text)
    vPortGetIPSR                             0x08000329   Thumb Code     6  port.o(.emb_text)
    Reset_Handler                            0x08000331   Thumb Code     8  startup_stm32f407xx.o(.text)
    _maybe_terminate_alloc                   0x08000331   Thumb Code     0  maybetermalloc1.o(.emb_text)
    ADC_IRQHandler                           0x0800034b   Thumb Code     0  startup_stm32f407xx.o(.text)
    CAN1_RX1_IRQHandler                      0x0800034b   Thumb Code     0  startup_stm32f407xx.o(.text)
    CAN1_SCE_IRQHandler                      0x0800034b   Thumb Code     0  startup_stm32f407xx.o(.text)
    CAN1_TX_IRQHandler                       0x0800034b   Thumb Code     0  startup_stm32f407xx.o(.text)
    CAN2_RX1_IRQHandler                      0x0800034b   Thumb Code     0  startup_stm32f407xx.o(.text)
    CAN2_SCE_IRQHandler                      0x0800034b   Thumb Code     0  startup_stm32f407xx.o(.text)
    CAN2_TX_IRQHandler                       0x0800034b   Thumb Code     0  startup_stm32f407xx.o(.text)
    DCMI_IRQHandler                          0x0800034b   Thumb Code     0  startup_stm32f407xx.o(.text)
    DMA1_Stream0_IRQHandler                  0x0800034b   Thumb Code     0  startup_stm32f407xx.o(.text)
    DMA1_Stream1_IRQHandler                  0x0800034b   Thumb Code     0  startup_stm32f407xx.o(.text)
    DMA1_Stream2_IRQHandler                  0x0800034b   Thumb Code     0  startup_stm32f407xx.o(.text)
    DMA1_Stream3_IRQHandler                  0x0800034b   Thumb Code     0  startup_stm32f407xx.o(.text)
    DMA1_Stream4_IRQHandler                  0x0800034b   Thumb Code     0  startup_stm32f407xx.o(.text)
    DMA1_Stream5_IRQHandler                  0x0800034b   Thumb Code     0  startup_stm32f407xx.o(.text)
    DMA1_Stream6_IRQHandler                  0x0800034b   Thumb Code     0  startup_stm32f407xx.o(.text)
    DMA1_Stream7_IRQHandler                  0x0800034b   Thumb Code     0  startup_stm32f407xx.o(.text)
    DMA2_Stream0_IRQHandler                  0x0800034b   Thumb Code     0  startup_stm32f407xx.o(.text)
    DMA2_Stream3_IRQHandler                  0x0800034b   Thumb Code     0  startup_stm32f407xx.o(.text)
    DMA2_Stream4_IRQHandler                  0x0800034b   Thumb Code     0  startup_stm32f407xx.o(.text)
    DMA2_Stream5_IRQHandler                  0x0800034b   Thumb Code     0  startup_stm32f407xx.o(.text)
    ETH_IRQHandler                           0x0800034b   Thumb Code     0  startup_stm32f407xx.o(.text)
    ETH_WKUP_IRQHandler                      0x0800034b   Thumb Code     0  startup_stm32f407xx.o(.text)
    EXTI0_IRQHandler                         0x0800034b   Thumb Code     0  startup_stm32f407xx.o(.text)
    EXTI15_10_IRQHandler                     0x0800034b   Thumb Code     0  startup_stm32f407xx.o(.text)
    EXTI1_IRQHandler                         0x0800034b   Thumb Code     0  startup_stm32f407xx.o(.text)
    EXTI2_IRQHandler                         0x0800034b   Thumb Code     0  startup_stm32f407xx.o(.text)
    EXTI3_IRQHandler                         0x0800034b   Thumb Code     0  startup_stm32f407xx.o(.text)
    EXTI4_IRQHandler                         0x0800034b   Thumb Code     0  startup_stm32f407xx.o(.text)
    EXTI9_5_IRQHandler                       0x0800034b   Thumb Code     0  startup_stm32f407xx.o(.text)
    FLASH_IRQHandler                         0x0800034b   Thumb Code     0  startup_stm32f407xx.o(.text)
    FMC_IRQHandler                           0x0800034b   Thumb Code     0  startup_stm32f407xx.o(.text)
    FPU_IRQHandler                           0x0800034b   Thumb Code     0  startup_stm32f407xx.o(.text)
    HASH_RNG_IRQHandler                      0x0800034b   Thumb Code     0  startup_stm32f407xx.o(.text)
    I2C1_ER_IRQHandler                       0x0800034b   Thumb Code     0  startup_stm32f407xx.o(.text)
    I2C1_EV_IRQHandler                       0x0800034b   Thumb Code     0  startup_stm32f407xx.o(.text)
    I2C2_ER_IRQHandler                       0x0800034b   Thumb Code     0  startup_stm32f407xx.o(.text)
    I2C2_EV_IRQHandler                       0x0800034b   Thumb Code     0  startup_stm32f407xx.o(.text)
    I2C3_ER_IRQHandler                       0x0800034b   Thumb Code     0  startup_stm32f407xx.o(.text)
    I2C3_EV_IRQHandler                       0x0800034b   Thumb Code     0  startup_stm32f407xx.o(.text)
    OTG_FS_IRQHandler                        0x0800034b   Thumb Code     0  startup_stm32f407xx.o(.text)
    OTG_FS_WKUP_IRQHandler                   0x0800034b   Thumb Code     0  startup_stm32f407xx.o(.text)
    OTG_HS_EP1_IN_IRQHandler                 0x0800034b   Thumb Code     0  startup_stm32f407xx.o(.text)
    OTG_HS_EP1_OUT_IRQHandler                0x0800034b   Thumb Code     0  startup_stm32f407xx.o(.text)
    OTG_HS_IRQHandler                        0x0800034b   Thumb Code     0  startup_stm32f407xx.o(.text)
    OTG_HS_WKUP_IRQHandler                   0x0800034b   Thumb Code     0  startup_stm32f407xx.o(.text)
    PVD_IRQHandler                           0x0800034b   Thumb Code     0  startup_stm32f407xx.o(.text)
    RCC_IRQHandler                           0x0800034b   Thumb Code     0  startup_stm32f407xx.o(.text)
    RTC_Alarm_IRQHandler                     0x0800034b   Thumb Code     0  startup_stm32f407xx.o(.text)
    RTC_WKUP_IRQHandler                      0x0800034b   Thumb Code     0  startup_stm32f407xx.o(.text)
    SDIO_IRQHandler                          0x0800034b   Thumb Code     0  startup_stm32f407xx.o(.text)
    SPI1_IRQHandler                          0x0800034b   Thumb Code     0  startup_stm32f407xx.o(.text)
    SPI2_IRQHandler                          0x0800034b   Thumb Code     0  startup_stm32f407xx.o(.text)
    SPI3_IRQHandler                          0x0800034b   Thumb Code     0  startup_stm32f407xx.o(.text)
    TAMP_STAMP_IRQHandler                    0x0800034b   Thumb Code     0  startup_stm32f407xx.o(.text)
    TIM1_BRK_TIM9_IRQHandler                 0x0800034b   Thumb Code     0  startup_stm32f407xx.o(.text)
    TIM1_CC_IRQHandler                       0x0800034b   Thumb Code     0  startup_stm32f407xx.o(.text)
    TIM1_TRG_COM_TIM11_IRQHandler            0x0800034b   Thumb Code     0  startup_stm32f407xx.o(.text)
    TIM1_UP_TIM10_IRQHandler                 0x0800034b   Thumb Code     0  startup_stm32f407xx.o(.text)
    TIM2_IRQHandler                          0x0800034b   Thumb Code     0  startup_stm32f407xx.o(.text)
    TIM3_IRQHandler                          0x0800034b   Thumb Code     0  startup_stm32f407xx.o(.text)
    TIM4_IRQHandler                          0x0800034b   Thumb Code     0  startup_stm32f407xx.o(.text)
    TIM5_IRQHandler                          0x0800034b   Thumb Code     0  startup_stm32f407xx.o(.text)
    TIM6_DAC_IRQHandler                      0x0800034b   Thumb Code     0  startup_stm32f407xx.o(.text)
    TIM7_IRQHandler                          0x0800034b   Thumb Code     0  startup_stm32f407xx.o(.text)
    TIM8_BRK_TIM12_IRQHandler                0x0800034b   Thumb Code     0  startup_stm32f407xx.o(.text)
    TIM8_CC_IRQHandler                       0x0800034b   Thumb Code     0  startup_stm32f407xx.o(.text)
    TIM8_TRG_COM_TIM14_IRQHandler            0x0800034b   Thumb Code     0  startup_stm32f407xx.o(.text)
    TIM8_UP_TIM13_IRQHandler                 0x0800034b   Thumb Code     0  startup_stm32f407xx.o(.text)
    UART4_IRQHandler                         0x0800034b   Thumb Code     0  startup_stm32f407xx.o(.text)
    UART5_IRQHandler                         0x0800034b   Thumb Code     0  startup_stm32f407xx.o(.text)
    USART1_IRQHandler                        0x0800034b   Thumb Code     0  startup_stm32f407xx.o(.text)
    USART2_IRQHandler                        0x0800034b   Thumb Code     0  startup_stm32f407xx.o(.text)
    USART3_IRQHandler                        0x0800034b   Thumb Code     0  startup_stm32f407xx.o(.text)
    USART6_IRQHandler                        0x0800034b   Thumb Code     0  startup_stm32f407xx.o(.text)
    WWDG_IRQHandler                          0x0800034b   Thumb Code     0  startup_stm32f407xx.o(.text)
    __user_initial_stackheap                 0x0800034d   Thumb Code     0  startup_stm32f407xx.o(.text)
    malloc                                   0x08000371   Thumb Code    94  h1_alloc.o(.text)
    __aeabi_uldivmod                         0x080003cf   Thumb Code     0  lludivv7m.o(.text)
    _ll_udiv                                 0x080003cf   Thumb Code   238  lludivv7m.o(.text)
    __aeabi_memcpy4                          0x080004bd   Thumb Code     0  rt_memcpy_w.o(.text)
    __aeabi_memcpy8                          0x080004bd   Thumb Code     0  rt_memcpy_w.o(.text)
    __rt_memcpy_w                            0x080004bd   Thumb Code   100  rt_memcpy_w.o(.text)
    _memcpy_lastbytes_aligned                0x08000505   Thumb Code     0  rt_memcpy_w.o(.text)
    __aeabi_memclr                           0x08000521   Thumb Code     0  rt_memclr.o(.text)
    __rt_memclr                              0x08000521   Thumb Code    68  rt_memclr.o(.text)
    _memset                                  0x08000525   Thumb Code     0  rt_memclr.o(.text)
    __aeabi_memclr4                          0x08000565   Thumb Code     0  rt_memclr_w.o(.text)
    __aeabi_memclr8                          0x08000565   Thumb Code     0  rt_memclr_w.o(.text)
    __rt_memclr_w                            0x08000565   Thumb Code    78  rt_memclr_w.o(.text)
    _memset_w                                0x08000569   Thumb Code     0  rt_memclr_w.o(.text)
    __use_two_region_memory                  0x080005b3   Thumb Code     2  heapauxi.o(.text)
    __rt_heap_escrow                         0x080005b5   Thumb Code     2  heapauxi.o(.text)
    __rt_heap_expand                         0x080005b7   Thumb Code     2  heapauxi.o(.text)
    __rt_heap_descriptor                     0x080005b9   Thumb Code     8  rt_heap_descriptor_intlibspace.o(.text)
    __use_no_heap                            0x080005c1   Thumb Code     2  hguard.o(.text)
    __heap$guard                             0x080005c3   Thumb Code     2  hguard.o(.text)
    _terminate_user_alloc                    0x080005c5   Thumb Code     2  init_alloc.o(.text)
    _init_user_alloc                         0x080005c7   Thumb Code     2  init_alloc.o(.text)
    __Heap_Full                              0x080005c9   Thumb Code    34  init_alloc.o(.text)
    __Heap_Broken                            0x080005eb   Thumb Code     6  init_alloc.o(.text)
    _init_alloc                              0x080005f1   Thumb Code    94  init_alloc.o(.text)
    __Heap_Initialize                        0x0800064f   Thumb Code    10  h1_init.o(.text)
    __Heap_DescSize                          0x08000659   Thumb Code     4  h1_init.o(.text)
    free                                     0x0800065d   Thumb Code    78  h1_free.o(.text)
    __read_errno                             0x080006ab   Thumb Code    10  _rserrno.o(.text)
    __set_errno                              0x080006b5   Thumb Code    12  _rserrno.o(.text)
    __user_libspace                          0x080006c1   Thumb Code     8  libspace.o(.text)
    __user_perproc_libspace                  0x080006c1   Thumb Code     0  libspace.o(.text)
    __user_perthread_libspace                0x080006c1   Thumb Code     0  libspace.o(.text)
    __aeabi_errno_addr                       0x080006c9   Thumb Code     8  rt_errno_addr_intlibspace.o(.text)
    __errno$intlibspace                      0x080006c9   Thumb Code     0  rt_errno_addr_intlibspace.o(.text)
    __rt_errno_addr$intlibspace              0x080006c9   Thumb Code     0  rt_errno_addr_intlibspace.o(.text)
    __Heap_ProvideMemory                     0x080006d1   Thumb Code    52  h1_extend.o(.text)
    _fp_trap                                 0x08000705   Thumb Code    44  _fptrap.o(.text)
    __rt_SIGRTMEM                            0x08000735   Thumb Code    14  defsig_rtmem_outer.o(.text)
    __I$use$semihosting                      0x08000743   Thumb Code     0  use_no_semi.o(.text)
    __use_no_semihosting_swi                 0x08000743   Thumb Code     2  use_no_semi.o(.text)
    __semihosting_library_function           0x08000745   Thumb Code     0  indicate_semi.o(.text)
    __user_setup_stackheap                   0x08000745   Thumb Code    74  sys_stackheap_outer.o(.text)
    exit                                     0x0800078f   Thumb Code    18  exit.o(.text)
    __sig_exit                               0x080007a1   Thumb Code    10  defsig_exit.o(.text)
    __rt_SIGFPE                              0x080007ab   Thumb Code    14  defsig_fpe_outer.o(.text)
    __rt_SIGRTMEM_inner                      0x080007b9   Thumb Code    22  defsig_rtmem_inner.o(.text)
    _sys_exit                                0x08000809   Thumb Code     8  sys_exit.o(.text)
    __default_signal_display                 0x08000815   Thumb Code    50  defsig_general.o(.text)
    __rt_SIGFPE_inner                        0x08000849   Thumb Code    62  defsig_fpe_inner.o(.text)
    _ttywrch                                 0x080008f5   Thumb Code    14  sys_wrch.o(.text)
    A_communicate_task                       0x08000905   Thumb Code    32  a_communicate_task.o(i.A_communicate_task)
    BusFault_Handler                         0x08000929   Thumb Code     4  stm32f4xx_it.o(i.BusFault_Handler)
    CAN1_RX0_IRQHandler                      0x0800092d   Thumb Code    10  stm32f4xx_it.o(i.CAN1_RX0_IRQHandler)
    CAN2_RX0_IRQHandler                      0x0800093d   Thumb Code    10  stm32f4xx_it.o(i.CAN2_RX0_IRQHandler)
    CAN_board_communicate_can2_0             0x0800094d   Thumb Code   206  can_receive.o(i.CAN_board_communicate_can2_0)
    CAN_board_communicate_can2_1             0x08000a39   Thumb Code   132  can_receive.o(i.CAN_board_communicate_can2_1)
    CAN_cmd_2006                             0x08000ad1   Thumb Code    64  can_receive.o(i.CAN_cmd_2006)
    CAN_cmd_3508                             0x08000b1d   Thumb Code    58  can_receive.o(i.CAN_cmd_3508)
    CAN_cmd_4310_1_disable                   0x08000b65   Thumb Code    54  can_receive.o(i.CAN_cmd_4310_1_disable)
    CAN_cmd_4310_1_enable                    0x08000ba9   Thumb Code    54  can_receive.o(i.CAN_cmd_4310_1_enable)
    CAN_cmd_4310_2_disable                   0x08000bed   Thumb Code    54  can_receive.o(i.CAN_cmd_4310_2_disable)
    CAN_cmd_4310_2_enable                    0x08000c31   Thumb Code    54  can_receive.o(i.CAN_cmd_4310_2_enable)
    CAN_cmd_4310_3_disable                   0x08000c75   Thumb Code    54  can_receive.o(i.CAN_cmd_4310_3_disable)
    CAN_cmd_4310_3_enable                    0x08000cb9   Thumb Code    54  can_receive.o(i.CAN_cmd_4310_3_enable)
    CAN_cmd_4310_mit_1                       0x08000cfd   Thumb Code   216  can_receive.o(i.CAN_cmd_4310_mit_1)
    CAN_cmd_4310_mit_2                       0x08000df1   Thumb Code   216  can_receive.o(i.CAN_cmd_4310_mit_2)
    CAN_cmd_4310_mit_3                       0x08000ee5   Thumb Code   216  can_receive.o(i.CAN_cmd_4310_mit_3)
    DMA2_Stream1_IRQHandler                  0x08000fd9   Thumb Code    10  stm32f4xx_it.o(i.DMA2_Stream1_IRQHandler)
    DMA2_Stream2_IRQHandler                  0x08000fe9   Thumb Code    10  stm32f4xx_it.o(i.DMA2_Stream2_IRQHandler)
    DMA2_Stream6_IRQHandler                  0x08000ff9   Thumb Code    10  stm32f4xx_it.o(i.DMA2_Stream6_IRQHandler)
    DMA2_Stream7_IRQHandler                  0x08001009   Thumb Code    10  stm32f4xx_it.o(i.DMA2_Stream7_IRQHandler)
    DWT_Delay                                0x08001129   Thumb Code    50  bsp_dwt.o(i.DWT_Delay)
    DWT_GetDeltaT                            0x08001165   Thumb Code    68  bsp_dwt.o(i.DWT_GetDeltaT)
    DWT_GetTimeline_ms                       0x080011b1   Thumb Code    72  bsp_dwt.o(i.DWT_GetTimeline_ms)
    DWT_Init                                 0x08001201   Thumb Code    74  bsp_dwt.o(i.DWT_Init)
    DWT_SysTimeUpdate                        0x08001269   Thumb Code   168  bsp_dwt.o(i.DWT_SysTimeUpdate)
    DebugMon_Handler                         0x08001339   Thumb Code     2  stm32f4xx_it.o(i.DebugMon_Handler)
    Error_Handler                            0x0800133b   Thumb Code     6  main.o(i.Error_Handler)
    HAL_CAN_ActivateNotification             0x08001341   Thumb Code    42  stm32f4xx_hal_can.o(i.HAL_CAN_ActivateNotification)
    HAL_CAN_AddTxMessage                     0x0800136b   Thumb Code   342  stm32f4xx_hal_can.o(i.HAL_CAN_AddTxMessage)
    HAL_CAN_ConfigFilter                     0x080014c1   Thumb Code   286  stm32f4xx_hal_can.o(i.HAL_CAN_ConfigFilter)
    HAL_CAN_ErrorCallback                    0x080015e5   Thumb Code     2  stm32f4xx_hal_can.o(i.HAL_CAN_ErrorCallback)
    HAL_CAN_GetRxMessage                     0x080015e7   Thumb Code   378  stm32f4xx_hal_can.o(i.HAL_CAN_GetRxMessage)
    HAL_CAN_IRQHandler                       0x08001761   Thumb Code   590  stm32f4xx_hal_can.o(i.HAL_CAN_IRQHandler)
    HAL_CAN_Init                             0x080019af   Thumb Code   372  stm32f4xx_hal_can.o(i.HAL_CAN_Init)
    HAL_CAN_MspInit                          0x08001b25   Thumb Code   328  can.o(i.HAL_CAN_MspInit)
    HAL_CAN_RxFifo0FullCallback              0x08001c85   Thumb Code     2  stm32f4xx_hal_can.o(i.HAL_CAN_RxFifo0FullCallback)
    HAL_CAN_RxFifo0MsgPendingCallback        0x08001c89   Thumb Code   924  can_receive.o(i.HAL_CAN_RxFifo0MsgPendingCallback)
    HAL_CAN_RxFifo1FullCallback              0x0800205d   Thumb Code     2  stm32f4xx_hal_can.o(i.HAL_CAN_RxFifo1FullCallback)
    HAL_CAN_RxFifo1MsgPendingCallback        0x0800205f   Thumb Code     2  stm32f4xx_hal_can.o(i.HAL_CAN_RxFifo1MsgPendingCallback)
    HAL_CAN_SleepCallback                    0x08002061   Thumb Code     2  stm32f4xx_hal_can.o(i.HAL_CAN_SleepCallback)
    HAL_CAN_Start                            0x08002063   Thumb Code    94  stm32f4xx_hal_can.o(i.HAL_CAN_Start)
    HAL_CAN_TxMailbox0AbortCallback          0x080020c1   Thumb Code     2  stm32f4xx_hal_can.o(i.HAL_CAN_TxMailbox0AbortCallback)
    HAL_CAN_TxMailbox0CompleteCallback       0x080020c3   Thumb Code     2  stm32f4xx_hal_can.o(i.HAL_CAN_TxMailbox0CompleteCallback)
    HAL_CAN_TxMailbox1AbortCallback          0x080020c5   Thumb Code     2  stm32f4xx_hal_can.o(i.HAL_CAN_TxMailbox1AbortCallback)
    HAL_CAN_TxMailbox1CompleteCallback       0x080020c7   Thumb Code     2  stm32f4xx_hal_can.o(i.HAL_CAN_TxMailbox1CompleteCallback)
    HAL_CAN_TxMailbox2AbortCallback          0x080020c9   Thumb Code     2  stm32f4xx_hal_can.o(i.HAL_CAN_TxMailbox2AbortCallback)
    HAL_CAN_TxMailbox2CompleteCallback       0x080020cb   Thumb Code     2  stm32f4xx_hal_can.o(i.HAL_CAN_TxMailbox2CompleteCallback)
    HAL_CAN_WakeUpFromRxMsgCallback          0x080020cd   Thumb Code     2  stm32f4xx_hal_can.o(i.HAL_CAN_WakeUpFromRxMsgCallback)
    HAL_DMA_IRQHandler                       0x080020d1   Thumb Code   570  stm32f4xx_hal_dma.o(i.HAL_DMA_IRQHandler)
    HAL_DMA_Init                             0x08002311   Thumb Code   232  stm32f4xx_hal_dma.o(i.HAL_DMA_Init)
    HAL_GPIO_Init                            0x080023fd   Thumb Code   454  stm32f4xx_hal_gpio.o(i.HAL_GPIO_Init)
    HAL_GPIO_ReadPin                         0x080025f1   Thumb Code    16  stm32f4xx_hal_gpio.o(i.HAL_GPIO_ReadPin)
    HAL_GetTick                              0x08002601   Thumb Code     6  stm32f4xx_hal.o(i.HAL_GetTick)
    HAL_IncTick                              0x0800260d   Thumb Code    16  stm32f4xx_hal.o(i.HAL_IncTick)
    HAL_Init                                 0x08002625   Thumb Code    54  stm32f4xx_hal.o(i.HAL_Init)
    HAL_InitTick                             0x08002661   Thumb Code    64  stm32f4xx_hal.o(i.HAL_InitTick)
    HAL_MspInit                              0x080026ad   Thumb Code    78  stm32f4xx_hal_msp.o(i.HAL_MspInit)
    HAL_NVIC_EnableIRQ                       0x08002701   Thumb Code    32  stm32f4xx_hal_cortex.o(i.HAL_NVIC_EnableIRQ)
    HAL_NVIC_SetPriority                     0x08002721   Thumb Code   124  stm32f4xx_hal_cortex.o(i.HAL_NVIC_SetPriority)
    HAL_NVIC_SetPriorityGrouping             0x0800279d   Thumb Code    32  stm32f4xx_hal_cortex.o(i.HAL_NVIC_SetPriorityGrouping)
    HAL_RCC_ClockConfig                      0x080027c5   Thumb Code   368  stm32f4xx_hal_rcc.o(i.HAL_RCC_ClockConfig)
    HAL_RCC_GetHCLKFreq                      0x08002949   Thumb Code     6  stm32f4xx_hal_rcc.o(i.HAL_RCC_GetHCLKFreq)
    HAL_RCC_GetPCLK1Freq                     0x08002955   Thumb Code    22  stm32f4xx_hal_rcc.o(i.HAL_RCC_GetPCLK1Freq)
    HAL_RCC_GetPCLK2Freq                     0x08002975   Thumb Code    22  stm32f4xx_hal_rcc.o(i.HAL_RCC_GetPCLK2Freq)
    HAL_RCC_GetSysClockFreq                  0x08002995   Thumb Code   162  stm32f4xx_hal_rcc.o(i.HAL_RCC_GetSysClockFreq)
    HAL_RCC_OscConfig                        0x08002a45   Thumb Code  1172  stm32f4xx_hal_rcc.o(i.HAL_RCC_OscConfig)
    HAL_SYSTICK_Config                       0x08002ee1   Thumb Code    52  stm32f4xx_hal_cortex.o(i.HAL_SYSTICK_Config)
    HAL_UART_Init                            0x08002f15   Thumb Code   114  stm32f4xx_hal_uart.o(i.HAL_UART_Init)
    HAL_UART_MspInit                         0x08002f89   Thumb Code   588  usart.o(i.HAL_UART_MspInit)
    HardFault_Handler                        0x08003201   Thumb Code     4  stm32f4xx_it.o(i.HardFault_Handler)
    MX_CAN1_Init                             0x08003205   Thumb Code    58  can.o(i.MX_CAN1_Init)
    MX_CAN2_Init                             0x08003249   Thumb Code    58  can.o(i.MX_CAN2_Init)
    MX_DMA_Init                              0x0800328d   Thumb Code   100  dma.o(i.MX_DMA_Init)
    MX_FREERTOS_Init                         0x080032f5   Thumb Code    54  freertos.o(i.MX_FREERTOS_Init)
    MX_GPIO_Init                             0x08003339   Thumb Code   222  gpio.o(i.MX_GPIO_Init)
    MX_USART1_UART_Init                      0x08003421   Thumb Code    44  usart.o(i.MX_USART1_UART_Init)
    MX_USART6_UART_Init                      0x08003459   Thumb Code    44  usart.o(i.MX_USART6_UART_Init)
    MemManage_Handler                        0x08003491   Thumb Code     4  stm32f4xx_it.o(i.MemManage_Handler)
    NMI_Handler                              0x08003495   Thumb Code     4  stm32f4xx_it.o(i.NMI_Handler)
    OLS_Derivative                           0x08003499   Thumb Code   578  user_lib.o(i.OLS_Derivative)
    OLS_Init                                 0x080036e5   Thumb Code    82  user_lib.o(i.OLS_Init)
    PID_Calculate                            0x0800373d   Thumb Code   720  controller.o(i.PID_Calculate)
    PID_Calculate_Angle                      0x08003a0d   Thumb Code   736  controller.o(i.PID_Calculate_Angle)
    PID_Init                                 0x08003cf5   Thumb Code   184  controller.o(i.PID_Init)
    Set_KP                                   0x08003db1   Thumb Code     8  controller.o(i.Set_KP)
    Sign                                     0x08003db9   Thumb Code    42  td.o(i.Sign)
    SysTick_Handler                          0x08003de9   Thumb Code    20  stm32f4xx_it.o(i.SysTick_Handler)
    SystemClock_Config                       0x08003dfd   Thumb Code   170  main.o(i.SystemClock_Config)
    SystemInit                               0x08003eb1   Thumb Code    14  system_stm32f4xx.o(i.SystemInit)
    TD_calc                                  0x08003ec5   Thumb Code   506  td.o(i.TD_calc)
    TD_init                                  0x080040cd   Thumb Code    34  td.o(i.TD_init)
    TD_set_r                                 0x080040f5   Thumb Code     6  td.o(i.TD_set_r)
    TD_set_x                                 0x080040fb   Thumb Code     6  td.o(i.TD_set_x)
    UsageFault_Handler                       0x08004389   Thumb Code     4  stm32f4xx_it.o(i.UsageFault_Handler)
    __hardfp_cosf                            0x080043c5   Thumb Code   280  cosf.o(i.__hardfp_cosf)
    __hardfp_fabs                            0x08004515   Thumb Code    20  fabs.o(i.__hardfp_fabs)
    __hardfp_sqrt                            0x08004529   Thumb Code   122  sqrt_full.o(i.__hardfp_sqrt)
    __mathlib_flt_infnan                     0x080045a3   Thumb Code     6  funder.o(i.__mathlib_flt_infnan)
    __mathlib_flt_invalid                    0x080045a9   Thumb Code    10  funder.o(i.__mathlib_flt_invalid)
    __mathlib_rredf2                         0x080045b9   Thumb Code   316  rredf.o(i.__mathlib_rredf2)
    arm_task                                 0x08005535   Thumb Code   348  arm_control_task.o(i.arm_task)
    can_filter_init                          0x080056b1   Thumb Code    84  bsp_can.o(i.can_filter_init)
    float_to_uint                            0x08005c4f   Thumb Code    50  can_receive.o(i.float_to_uint)
    fsg                                      0x08005c81   Thumb Code    52  td.o(i.fsg)
    int16_constrain                          0x08005f1d   Thumb Code    22  user_lib.o(i.int16_constrain)
    loop_fp32_constrain                      0x08005f33   Thumb Code    96  user_lib.o(i.loop_fp32_constrain)
    main                                     0x08005f93   Thumb Code    62  main.o(i.main)
    osDelay                                  0x08005fdf   Thumb Code    24  cmsis_os.o(i.osDelay)
    osKernelStart                            0x08005ff7   Thumb Code    10  cmsis_os.o(i.osKernelStart)
    osKernelSysTick                          0x08006001   Thumb Code    20  cmsis_os.o(i.osKernelSysTick)
    osThreadCreate                           0x08006015   Thumb Code    94  cmsis_os.o(i.osThreadCreate)
    pvPortMalloc                             0x080064f5   Thumb Code   306  heap_4.o(i.pvPortMalloc)
    pxPortInitialiseStack                    0x08006641   Thumb Code    38  port.o(i.pxPortInitialiseStack)
    return_2006_measure                      0x0800666d   Thumb Code    14  can_receive.o(i.return_2006_measure)
    return_3508_measure                      0x08006681   Thumb Code     4  can_receive.o(i.return_3508_measure)
    return_4310_measure                      0x08006689   Thumb Code    10  can_receive.o(i.return_4310_measure)
    uart1_init                               0x08006699   Thumb Code    46  bsp_usart.o(i.uart1_init)
    uart6_init                               0x080066cd   Thumb Code    46  bsp_usart.o(i.uart6_init)
    uint_to_float                            0x08006701   Thumb Code    52  can_receive.o(i.uint_to_float)
    uxListRemove                             0x08006735   Thumb Code    40  list.o(i.uxListRemove)
    vApplicationGetIdleTaskMemory            0x0800675d   Thumb Code    14  freertos.o(i.vApplicationGetIdleTaskMemory)
    vListInitialise                          0x08006775   Thumb Code    26  list.o(i.vListInitialise)
    vListInitialiseItem                      0x0800678f   Thumb Code     6  list.o(i.vListInitialiseItem)
    vListInsert                              0x08006795   Thumb Code    52  list.o(i.vListInsert)
    vListInsertEnd                           0x080067c9   Thumb Code    24  list.o(i.vListInsertEnd)
    vPortEnterCritical                       0x080067e1   Thumb Code    76  port.o(i.vPortEnterCritical)
    vPortExitCritical                        0x08006835   Thumb Code    56  port.o(i.vPortExitCritical)
    vPortFree                                0x08006871   Thumb Code   150  heap_4.o(i.vPortFree)
    vPortSetupTimerInterrupt                 0x08006915   Thumb Code    36  port.o(i.vPortSetupTimerInterrupt)
    vPortValidateInterruptPriority           0x0800693d   Thumb Code   106  port.o(i.vPortValidateInterruptPriority)
    vTaskDelay                               0x080069b5   Thumb Code    82  tasks.o(i.vTaskDelay)
    vTaskStartScheduler                      0x08006a11   Thumb Code   146  tasks.o(i.vTaskStartScheduler)
    vTaskSuspendAll                          0x08006ac1   Thumb Code    12  tasks.o(i.vTaskSuspendAll)
    vTaskSwitchContext                       0x08006ad1   Thumb Code   118  tasks.o(i.vTaskSwitchContext)
    xPortStartScheduler                      0x08006b5d   Thumb Code   330  port.o(i.xPortStartScheduler)
    xPortSysTickHandler                      0x08006cc5   Thumb Code    46  port.o(i.xPortSysTickHandler)
    xTaskCreate                              0x08006cf9   Thumb Code   100  tasks.o(i.xTaskCreate)
    xTaskCreateStatic                        0x08006d5d   Thumb Code   186  tasks.o(i.xTaskCreateStatic)
    xTaskGetSchedulerState                   0x08006e19   Thumb Code    24  tasks.o(i.xTaskGetSchedulerState)
    xTaskGetTickCount                        0x08006e39   Thumb Code     6  tasks.o(i.xTaskGetTickCount)
    xTaskGetTickCountFromISR                 0x08006e45   Thumb Code    16  tasks.o(i.xTaskGetTickCountFromISR)
    xTaskIncrementTick                       0x08006e59   Thumb Code   282  tasks.o(i.xTaskIncrementTick)
    xTaskResumeAll                           0x08006fa1   Thumb Code   224  tasks.o(i.xTaskResumeAll)
    __aeabi_d2f                              0x080070a5   Thumb Code     0  d2f_clz.o(x$fpl$d2f)
    _d2f                                     0x080070a5   Thumb Code   700  d2f_clz.o(x$fpl$d2f)
    __aeabi_dadd                             0x08007369   Thumb Code     0  daddsub_clz.o(x$fpl$dadd)
    _dadd                                    0x08007369   Thumb Code   580  daddsub_clz.o(x$fpl$dadd)
    __fpl_dcmp_Inf                           0x080075b5   Thumb Code    24  dcmpi.o(x$fpl$dcmpinf)
    __dflt_normalise                         0x080075cd   Thumb Code    26  dflt_clz.o(x$fpl$dfltn)
    __aeabi_cdcmple                          0x080075e9   Thumb Code     0  dleqf.o(x$fpl$dleqf)
    _dcmple                                  0x080075e9   Thumb Code   120  dleqf.o(x$fpl$dleqf)
    __fpl_dcmple_InfNaN                      0x08007641   Thumb Code     0  dleqf.o(x$fpl$dleqf)
    __aeabi_dmul                             0x08007661   Thumb Code     0  dmul_clz.o(x$fpl$dmul)
    _dmul                                    0x08007661   Thumb Code   440  dmul_clz.o(x$fpl$dmul)
    __fpl_dnaninf                            0x08007821   Thumb Code   258  dnaninf.o(x$fpl$dnaninf)
    __fpl_drenorm2                           0x08007923   Thumb Code   106  drenorm_clz.o(x$fpl$drenorm)
    __fpl_drenorm1                           0x0800798d   Thumb Code     6  drenorm_clz.o(x$fpl$drenorm)
    __fpl_dretinf                            0x08007993   Thumb Code    12  dretinf.o(x$fpl$dretinf)
    _dsqrt                                   0x080079a1   Thumb Code   520  dsqrt_umaalclz.o(x$fpl$dsqrt)
    __aeabi_dsub                             0x08007ba9   Thumb Code     0  daddsub_clz.o(x$fpl$dsub)
    _dsub                                    0x08007ba9   Thumb Code   664  daddsub_clz.o(x$fpl$dsub)
    __dunder                                 0x08007e45   Thumb Code   314  dunder_clz.o(x$fpl$dunder)
    __dunder_d                               0x08007f7f   Thumb Code    64  dunder_clz.o(x$fpl$dunder)
    __fpl_exception                          0x08007fc1   Thumb Code   454  except.o(x$fpl$exception)
    __aeabi_f2d                              0x080081ad   Thumb Code     0  f2d.o(x$fpl$f2d)
    _f2d                                     0x080081ad   Thumb Code   122  f2d.o(x$fpl$f2d)
    __fpl_fnaninf                            0x08008227   Thumb Code   242  fnaninf.o(x$fpl$fnaninf)
    _fp_init                                 0x08008319   Thumb Code    10  fpinit.o(x$fpl$fpinit)
    __fplib_config_fpu_vfp                   0x08008321   Thumb Code     0  fpinit.o(x$fpl$fpinit)
    __fplib_config_pureend_doubles           0x08008321   Thumb Code     0  fpinit.o(x$fpl$fpinit)
    __fpl_fretinf                            0x08008323   Thumb Code    10  fretinf.o(x$fpl$fretinf)
    __funder                                 0x0800832d   Thumb Code   254  funder_clz.o(x$fpl$funder)
    __funder_d                               0x0800842b   Thumb Code    62  funder_clz.o(x$fpl$funder)
    __fpl_return_NaN                         0x08008469   Thumb Code   178  retnan.o(x$fpl$retnan)
    _fp_trapveneer                           0x0800851b   Thumb Code    36  trapv.o(x$fpl$trapveneer)
    __fpl_cmpreturn                          0x0800853f   Thumb Code    90  trapv.o(x$fpl$trapveneer)
    __I$use$fp                               0x08008598   Number         0  usenofp.o(x$fpl$usenofp)
    AHBPrescTable                            0x080085d8   Data          16  system_stm32f4xx.o(.constdata)
    APBPrescTable                            0x080085e8   Data           8  system_stm32f4xx.o(.constdata)
    Region$$Table$$Base                      0x08008634   Number         0  anon$$obj.o(Region$$Table)
    Region$$Table$$Limit                     0x08008654   Number         0  anon$$obj.o(Region$$Table)
    A_communicateTaskHandle                  0x20000000   Data           4  freertos.o(.data)
    arm_controlTaskHandle                    0x20000004   Data           4  freertos.o(.data)
    defaultTaskHandle                        0x20000008   Data           4  freertos.o(.data)
    uwTick                                   0x20000010   Data           4  stm32f4xx_hal.o(.data)
    uwTickPrio                               0x20000014   Data           4  stm32f4xx_hal.o(.data)
    uwTickFreq                               0x20000018   Data           1  stm32f4xx_hal.o(.data)
    SystemCoreClock                          0x2000001c   Data           4  system_stm32f4xx.o(.data)
    pxCurrentTCB                             0x20000020   Data           4  tasks.o(.data)
    Motor_3508_Timeout_Count                 0x200000ac   Data           4  can_receive.o(.data)
    Motor_3508_Timeout_Flag                  0x200000b0   Data           1  can_receive.o(.data)
    reset_3508_switch                        0x200000b4   Data           1  arm_control_task.o(.data)
    reset_3508_count                         0x200000b8   Data           8  arm_control_task.o(.data)
    reset_2006_count                         0x200000c0   Data           8  arm_control_task.o(.data)
    g_2006                                   0x200000c8   Data           4  arm_control_task.o(.data)
    mode2_cnt                                0x200000cc   Data           4  arm_control_task.o(.data)
    SysTime                                  0x200000d0   Data           8  bsp_dwt.o(.data)
    CYCCNT64                                 0x200000f0   Data           8  bsp_dwt.o(.data)
    hcan1                                    0x200005b8   Data          40  can.o(.bss)
    hcan2                                    0x200005e0   Data          40  can.o(.bss)
    huart1                                   0x20000608   Data          68  usart.o(.bss)
    huart6                                   0x2000064c   Data          68  usart.o(.bss)
    hdma_usart1_tx                           0x20000690   Data          96  usart.o(.bss)
    hdma_usart1_rx                           0x200006f0   Data          96  usart.o(.bss)
    hdma_usart6_rx                           0x20000750   Data          96  usart.o(.bss)
    hdma_usart6_tx                           0x200007b0   Data          96  usart.o(.bss)
    tx_message_mp                            0x20004500   Data          24  a_communicate_task.o(.bss)
    rx_message_mp                            0x20004518   Data          28  a_communicate_task.o(.bss)
    motor_2006                               0x20004534   Data          20  can_receive.o(.bss)
    motor_3508                               0x20004548   Data          10  can_receive.o(.bss)
    DM_motor_4310                            0x20004554   Data          48  can_receive.o(.bss)
    board_message_temp                       0x20004584   Data          28  can_receive.o(.bss)
    board_message                            0x200045a0   Data          28  can_receive.o(.bss)
    arm                                      0x200045ec   Data        1364  arm_control_task.o(.bss)
    __libspace_start                         0x20004b40   Data          96  libspace.o(.bss)
    __temporary_stack_top$libspace           0x20004ba0   Data           0  libspace.o(.bss)



==============================================================================

Memory Map of the image

  Image Entry point : 0x08000189

  Load Region LR_IROM1 (Base: 0x08000000, Size: 0x000089b8, Max: 0x00100000, ABSOLUTE, COMPRESSED[0x000086c0])

    Execution Region ER_IROM1 (Exec base: 0x08000000, Load base: 0x08000000, Size: 0x00008654, Max: 0x00100000, ABSOLUTE)

    Exec Addr    Load Addr    Size         Type   Attr      Idx    E Section Name        Object

    0x08000000   0x08000000   0x00000188   Data   RO            3    RESET               startup_stm32f407xx.o
    0x08000188   0x08000188   0x00000008   Code   RO         5117  * !!!main             c_w.l(__main.o)
    0x08000190   0x08000190   0x00000034   Code   RO         5555    !!!scatter          c_w.l(__scatter.o)
    0x080001c4   0x080001c4   0x0000005a   Code   RO         5553    !!dczerorl2         c_w.l(__dczerorl2.o)
    0x0800021e   0x0800021e   0x00000002   PAD
    0x08000220   0x08000220   0x0000001c   Code   RO         5557    !!handler_zi        c_w.l(__scatter_zi.o)
    0x0800023c   0x0800023c   0x00000002   Code   RO         5492    .ARM.Collect$$libinit$$00000000  c_w.l(libinit.o)
    0x0800023e   0x0800023e   0x00000004   Code   RO         5289    .ARM.Collect$$libinit$$00000001  c_w.l(libinit2.o)
    0x08000242   0x08000242   0x00000000   Code   RO         5292    .ARM.Collect$$libinit$$00000004  c_w.l(libinit2.o)
    0x08000242   0x08000242   0x00000008   Code   RO         5293    .ARM.Collect$$libinit$$00000005  c_w.l(libinit2.o)
    0x0800024a   0x0800024a   0x00000000   Code   RO         5295    .ARM.Collect$$libinit$$0000000A  c_w.l(libinit2.o)
    0x0800024a   0x0800024a   0x00000000   Code   RO         5297    .ARM.Collect$$libinit$$0000000C  c_w.l(libinit2.o)
    0x0800024a   0x0800024a   0x00000000   Code   RO         5299    .ARM.Collect$$libinit$$0000000E  c_w.l(libinit2.o)
    0x0800024a   0x0800024a   0x00000000   Code   RO         5302    .ARM.Collect$$libinit$$00000011  c_w.l(libinit2.o)
    0x0800024a   0x0800024a   0x00000000   Code   RO         5304    .ARM.Collect$$libinit$$00000013  c_w.l(libinit2.o)
    0x0800024a   0x0800024a   0x00000000   Code   RO         5306    .ARM.Collect$$libinit$$00000015  c_w.l(libinit2.o)
    0x0800024a   0x0800024a   0x00000000   Code   RO         5308    .ARM.Collect$$libinit$$00000017  c_w.l(libinit2.o)
    0x0800024a   0x0800024a   0x00000000   Code   RO         5310    .ARM.Collect$$libinit$$00000019  c_w.l(libinit2.o)
    0x0800024a   0x0800024a   0x00000000   Code   RO         5312    .ARM.Collect$$libinit$$0000001B  c_w.l(libinit2.o)
    0x0800024a   0x0800024a   0x00000000   Code   RO         5314    .ARM.Collect$$libinit$$0000001D  c_w.l(libinit2.o)
    0x0800024a   0x0800024a   0x00000000   Code   RO         5316    .ARM.Collect$$libinit$$0000001F  c_w.l(libinit2.o)
    0x0800024a   0x0800024a   0x00000000   Code   RO         5318    .ARM.Collect$$libinit$$00000021  c_w.l(libinit2.o)
    0x0800024a   0x0800024a   0x00000000   Code   RO         5320    .ARM.Collect$$libinit$$00000023  c_w.l(libinit2.o)
    0x0800024a   0x0800024a   0x00000000   Code   RO         5322    .ARM.Collect$$libinit$$00000025  c_w.l(libinit2.o)
    0x0800024a   0x0800024a   0x00000000   Code   RO         5326    .ARM.Collect$$libinit$$0000002C  c_w.l(libinit2.o)
    0x0800024a   0x0800024a   0x00000000   Code   RO         5328    .ARM.Collect$$libinit$$0000002E  c_w.l(libinit2.o)
    0x0800024a   0x0800024a   0x00000000   Code   RO         5330    .ARM.Collect$$libinit$$00000030  c_w.l(libinit2.o)
    0x0800024a   0x0800024a   0x00000000   Code   RO         5332    .ARM.Collect$$libinit$$00000032  c_w.l(libinit2.o)
    0x0800024a   0x0800024a   0x00000002   Code   RO         5333    .ARM.Collect$$libinit$$00000033  c_w.l(libinit2.o)
    0x0800024c   0x0800024c   0x00000002   Code   RO         5550    .ARM.Collect$$libshutdown$$00000000  c_w.l(libshutdown.o)
    0x0800024e   0x0800024e   0x00000000   Code   RO         5508    .ARM.Collect$$libshutdown$$00000002  c_w.l(libshutdown2.o)
    0x0800024e   0x0800024e   0x00000000   Code   RO         5510    .ARM.Collect$$libshutdown$$00000004  c_w.l(libshutdown2.o)
    0x0800024e   0x0800024e   0x00000000   Code   RO         5513    .ARM.Collect$$libshutdown$$00000007  c_w.l(libshutdown2.o)
    0x0800024e   0x0800024e   0x00000000   Code   RO         5516    .ARM.Collect$$libshutdown$$0000000A  c_w.l(libshutdown2.o)
    0x0800024e   0x0800024e   0x00000000   Code   RO         5518    .ARM.Collect$$libshutdown$$0000000C  c_w.l(libshutdown2.o)
    0x0800024e   0x0800024e   0x00000000   Code   RO         5521    .ARM.Collect$$libshutdown$$0000000F  c_w.l(libshutdown2.o)
    0x0800024e   0x0800024e   0x00000002   Code   RO         5522    .ARM.Collect$$libshutdown$$00000010  c_w.l(libshutdown2.o)
    0x08000250   0x08000250   0x00000000   Code   RO         5249    .ARM.Collect$$rtentry$$00000000  c_w.l(__rtentry.o)
    0x08000250   0x08000250   0x00000000   Code   RO         5412    .ARM.Collect$$rtentry$$00000002  c_w.l(__rtentry2.o)
    0x08000250   0x08000250   0x00000006   Code   RO         5424    .ARM.Collect$$rtentry$$00000004  c_w.l(__rtentry4.o)
    0x08000256   0x08000256   0x00000000   Code   RO         5414    .ARM.Collect$$rtentry$$00000009  c_w.l(__rtentry2.o)
    0x08000256   0x08000256   0x00000004   Code   RO         5415    .ARM.Collect$$rtentry$$0000000A  c_w.l(__rtentry2.o)
    0x0800025a   0x0800025a   0x00000000   Code   RO         5417    .ARM.Collect$$rtentry$$0000000C  c_w.l(__rtentry2.o)
    0x0800025a   0x0800025a   0x00000008   Code   RO         5418    .ARM.Collect$$rtentry$$0000000D  c_w.l(__rtentry2.o)
    0x08000262   0x08000262   0x00000002   Code   RO         5495    .ARM.Collect$$rtexit$$00000000  c_w.l(rtexit.o)
    0x08000264   0x08000264   0x00000000   Code   RO         5526    .ARM.Collect$$rtexit$$00000002  c_w.l(rtexit2.o)
    0x08000264   0x08000264   0x00000004   Code   RO         5527    .ARM.Collect$$rtexit$$00000003  c_w.l(rtexit2.o)
    0x08000268   0x08000268   0x00000006   Code   RO         5528    .ARM.Collect$$rtexit$$00000004  c_w.l(rtexit2.o)
    0x0800026e   0x0800026e   0x00000002   PAD
    0x08000270   0x08000270   0x000000be   Code   RO         3656    .emb_text           port.o
    0x0800032e   0x0800032e   0x00000002   PAD
    0x08000330   0x08000330   0x00000000   Code   RO         5435    .emb_text           c_w.l(maybetermalloc1.o)
    0x08000330   0x08000330   0x00000040   Code   RO            4    .text               startup_stm32f407xx.o
    0x08000370   0x08000370   0x0000005e   Code   RO         5049    .text               c_w.l(h1_alloc.o)
    0x080003ce   0x080003ce   0x000000ee   Code   RO         5103    .text               c_w.l(lludivv7m.o)
    0x080004bc   0x080004bc   0x00000064   Code   RO         5107    .text               c_w.l(rt_memcpy_w.o)
    0x08000520   0x08000520   0x00000044   Code   RO         5111    .text               c_w.l(rt_memclr.o)
    0x08000564   0x08000564   0x0000004e   Code   RO         5113    .text               c_w.l(rt_memclr_w.o)
    0x080005b2   0x080005b2   0x00000006   Code   RO         5115    .text               c_w.l(heapauxi.o)
    0x080005b8   0x080005b8   0x00000008   Code   RO         5257    .text               c_w.l(rt_heap_descriptor_intlibspace.o)
    0x080005c0   0x080005c0   0x00000004   Code   RO         5259    .text               c_w.l(hguard.o)
    0x080005c4   0x080005c4   0x0000008a   Code   RO         5261    .text               c_w.l(init_alloc.o)
    0x0800064e   0x0800064e   0x0000000e   Code   RO         5267    .text               c_w.l(h1_init.o)
    0x0800065c   0x0800065c   0x0000004e   Code   RO         5269    .text               c_w.l(h1_free.o)
    0x080006aa   0x080006aa   0x00000016   Code   RO         5285    .text               c_w.l(_rserrno.o)
    0x080006c0   0x080006c0   0x00000008   Code   RO         5408    .text               c_w.l(libspace.o)
    0x080006c8   0x080006c8   0x00000008   Code   RO         5431    .text               c_w.l(rt_errno_addr_intlibspace.o)
    0x080006d0   0x080006d0   0x00000034   Code   RO         5437    .text               c_w.l(h1_extend.o)
    0x08000704   0x08000704   0x00000030   Code   RO         5441    .text               c_w.l(_fptrap.o)
    0x08000734   0x08000734   0x0000000e   Code   RO         5443    .text               c_w.l(defsig_rtmem_outer.o)
    0x08000742   0x08000742   0x00000002   Code   RO         5464    .text               c_w.l(use_no_semi.o)
    0x08000744   0x08000744   0x00000000   Code   RO         5466    .text               c_w.l(indicate_semi.o)
    0x08000744   0x08000744   0x0000004a   Code   RO         5467    .text               c_w.l(sys_stackheap_outer.o)
    0x0800078e   0x0800078e   0x00000012   Code   RO         5473    .text               c_w.l(exit.o)
    0x080007a0   0x080007a0   0x0000000a   Code   RO         5475    .text               c_w.l(defsig_exit.o)
    0x080007aa   0x080007aa   0x0000000e   Code   RO         5477    .text               c_w.l(defsig_fpe_outer.o)
    0x080007b8   0x080007b8   0x00000050   Code   RO         5481    .text               c_w.l(defsig_rtmem_inner.o)
    0x08000808   0x08000808   0x0000000c   Code   RO         5493    .text               c_w.l(sys_exit.o)
    0x08000814   0x08000814   0x00000032   Code   RO         5503    .text               c_w.l(defsig_general.o)
    0x08000846   0x08000846   0x00000002   PAD
    0x08000848   0x08000848   0x000000ac   Code   RO         5505    .text               c_w.l(defsig_fpe_inner.o)
    0x080008f4   0x080008f4   0x0000000e   Code   RO         5523    .text               c_w.l(sys_wrch.o)
    0x08000902   0x08000902   0x00000002   PAD
    0x08000904   0x08000904   0x00000024   Code   RO         4108    i.A_communicate_task  a_communicate_task.o
    0x08000928   0x08000928   0x00000004   Code   RO          438    i.BusFault_Handler  stm32f4xx_it.o
    0x0800092c   0x0800092c   0x00000010   Code   RO          439    i.CAN1_RX0_IRQHandler  stm32f4xx_it.o
    0x0800093c   0x0800093c   0x00000010   Code   RO          440    i.CAN2_RX0_IRQHandler  stm32f4xx_it.o
    0x0800094c   0x0800094c   0x000000ec   Code   RO         4255    i.CAN_board_communicate_can2_0  can_receive.o
    0x08000a38   0x08000a38   0x00000098   Code   RO         4256    i.CAN_board_communicate_can2_1  can_receive.o
    0x08000ad0   0x08000ad0   0x0000004c   Code   RO         4257    i.CAN_cmd_2006      can_receive.o
    0x08000b1c   0x08000b1c   0x00000048   Code   RO         4258    i.CAN_cmd_3508      can_receive.o
    0x08000b64   0x08000b64   0x00000044   Code   RO         4260    i.CAN_cmd_4310_1_disable  can_receive.o
    0x08000ba8   0x08000ba8   0x00000044   Code   RO         4261    i.CAN_cmd_4310_1_enable  can_receive.o
    0x08000bec   0x08000bec   0x00000044   Code   RO         4263    i.CAN_cmd_4310_2_disable  can_receive.o
    0x08000c30   0x08000c30   0x00000044   Code   RO         4264    i.CAN_cmd_4310_2_enable  can_receive.o
    0x08000c74   0x08000c74   0x00000044   Code   RO         4266    i.CAN_cmd_4310_3_disable  can_receive.o
    0x08000cb8   0x08000cb8   0x00000044   Code   RO         4267    i.CAN_cmd_4310_3_enable  can_receive.o
    0x08000cfc   0x08000cfc   0x000000f4   Code   RO         4268    i.CAN_cmd_4310_mit_1  can_receive.o
    0x08000df0   0x08000df0   0x000000f4   Code   RO         4269    i.CAN_cmd_4310_mit_2  can_receive.o
    0x08000ee4   0x08000ee4   0x000000f4   Code   RO         4270    i.CAN_cmd_4310_mit_3  can_receive.o
    0x08000fd8   0x08000fd8   0x00000010   Code   RO          441    i.DMA2_Stream1_IRQHandler  stm32f4xx_it.o
    0x08000fe8   0x08000fe8   0x00000010   Code   RO          442    i.DMA2_Stream2_IRQHandler  stm32f4xx_it.o
    0x08000ff8   0x08000ff8   0x00000010   Code   RO          443    i.DMA2_Stream6_IRQHandler  stm32f4xx_it.o
    0x08001008   0x08001008   0x00000010   Code   RO          444    i.DMA2_Stream7_IRQHandler  stm32f4xx_it.o
    0x08001018   0x08001018   0x00000034   Code   RO         1300    i.DMA_CalcBaseAndBitshift  stm32f4xx_hal_dma.o
    0x0800104c   0x0800104c   0x000000aa   Code   RO         1301    i.DMA_CheckFifoParam  stm32f4xx_hal_dma.o
    0x080010f6   0x080010f6   0x00000002   PAD
    0x080010f8   0x080010f8   0x00000030   Code   RO         4543    i.DWT_CNT_Update    bsp_dwt.o
    0x08001128   0x08001128   0x0000003c   Code   RO         4544    i.DWT_Delay         bsp_dwt.o
    0x08001164   0x08001164   0x0000004c   Code   RO         4545    i.DWT_GetDeltaT     bsp_dwt.o
    0x080011b0   0x080011b0   0x00000050   Code   RO         4547    i.DWT_GetTimeline_ms  bsp_dwt.o
    0x08001200   0x08001200   0x00000068   Code   RO         4550    i.DWT_Init          bsp_dwt.o
    0x08001268   0x08001268   0x000000d0   Code   RO         4551    i.DWT_SysTimeUpdate  bsp_dwt.o
    0x08001338   0x08001338   0x00000002   Code   RO          445    i.DebugMon_Handler  stm32f4xx_it.o
    0x0800133a   0x0800133a   0x00000006   Code   RO           13    i.Error_Handler     main.o
    0x08001340   0x08001340   0x0000002a   Code   RO          563    i.HAL_CAN_ActivateNotification  stm32f4xx_hal_can.o
    0x0800136a   0x0800136a   0x00000156   Code   RO          564    i.HAL_CAN_AddTxMessage  stm32f4xx_hal_can.o
    0x080014c0   0x080014c0   0x00000124   Code   RO          565    i.HAL_CAN_ConfigFilter  stm32f4xx_hal_can.o
    0x080015e4   0x080015e4   0x00000002   Code   RO          568    i.HAL_CAN_ErrorCallback  stm32f4xx_hal_can.o
    0x080015e6   0x080015e6   0x0000017a   Code   RO          571    i.HAL_CAN_GetRxMessage  stm32f4xx_hal_can.o
    0x08001760   0x08001760   0x0000024e   Code   RO          575    i.HAL_CAN_IRQHandler  stm32f4xx_hal_can.o
    0x080019ae   0x080019ae   0x00000174   Code   RO          576    i.HAL_CAN_Init      stm32f4xx_hal_can.o
    0x08001b22   0x08001b22   0x00000002   PAD
    0x08001b24   0x08001b24   0x00000160   Code   RO          318    i.HAL_CAN_MspInit   can.o
    0x08001c84   0x08001c84   0x00000002   Code   RO          583    i.HAL_CAN_RxFifo0FullCallback  stm32f4xx_hal_can.o
    0x08001c86   0x08001c86   0x00000002   PAD
    0x08001c88   0x08001c88   0x000003d4   Code   RO         4271    i.HAL_CAN_RxFifo0MsgPendingCallback  can_receive.o
    0x0800205c   0x0800205c   0x00000002   Code   RO          585    i.HAL_CAN_RxFifo1FullCallback  stm32f4xx_hal_can.o
    0x0800205e   0x0800205e   0x00000002   Code   RO          586    i.HAL_CAN_RxFifo1MsgPendingCallback  stm32f4xx_hal_can.o
    0x08002060   0x08002060   0x00000002   Code   RO          587    i.HAL_CAN_SleepCallback  stm32f4xx_hal_can.o
    0x08002062   0x08002062   0x0000005e   Code   RO          588    i.HAL_CAN_Start     stm32f4xx_hal_can.o
    0x080020c0   0x080020c0   0x00000002   Code   RO          590    i.HAL_CAN_TxMailbox0AbortCallback  stm32f4xx_hal_can.o
    0x080020c2   0x080020c2   0x00000002   Code   RO          591    i.HAL_CAN_TxMailbox0CompleteCallback  stm32f4xx_hal_can.o
    0x080020c4   0x080020c4   0x00000002   Code   RO          592    i.HAL_CAN_TxMailbox1AbortCallback  stm32f4xx_hal_can.o
    0x080020c6   0x080020c6   0x00000002   Code   RO          593    i.HAL_CAN_TxMailbox1CompleteCallback  stm32f4xx_hal_can.o
    0x080020c8   0x080020c8   0x00000002   Code   RO          594    i.HAL_CAN_TxMailbox2AbortCallback  stm32f4xx_hal_can.o
    0x080020ca   0x080020ca   0x00000002   Code   RO          595    i.HAL_CAN_TxMailbox2CompleteCallback  stm32f4xx_hal_can.o
    0x080020cc   0x080020cc   0x00000002   Code   RO          597    i.HAL_CAN_WakeUpFromRxMsgCallback  stm32f4xx_hal_can.o
    0x080020ce   0x080020ce   0x00000002   PAD
    0x080020d0   0x080020d0   0x00000240   Code   RO         1308    i.HAL_DMA_IRQHandler  stm32f4xx_hal_dma.o
    0x08002310   0x08002310   0x000000ec   Code   RO         1309    i.HAL_DMA_Init      stm32f4xx_hal_dma.o
    0x080023fc   0x080023fc   0x000001f4   Code   RO         1196    i.HAL_GPIO_Init     stm32f4xx_hal_gpio.o
    0x080025f0   0x080025f0   0x00000010   Code   RO         1198    i.HAL_GPIO_ReadPin  stm32f4xx_hal_gpio.o
    0x08002600   0x08002600   0x0000000c   Code   RO         1733    i.HAL_GetTick       stm32f4xx_hal.o
    0x0800260c   0x0800260c   0x00000018   Code   RO         1739    i.HAL_IncTick       stm32f4xx_hal.o
    0x08002624   0x08002624   0x0000003c   Code   RO         1740    i.HAL_Init          stm32f4xx_hal.o
    0x08002660   0x08002660   0x0000004c   Code   RO         1741    i.HAL_InitTick      stm32f4xx_hal.o
    0x080026ac   0x080026ac   0x00000054   Code   RO          538    i.HAL_MspInit       stm32f4xx_hal_msp.o
    0x08002700   0x08002700   0x00000020   Code   RO         1585    i.HAL_NVIC_EnableIRQ  stm32f4xx_hal_cortex.o
    0x08002720   0x08002720   0x0000007c   Code   RO         1591    i.HAL_NVIC_SetPriority  stm32f4xx_hal_cortex.o
    0x0800279c   0x0800279c   0x00000028   Code   RO         1592    i.HAL_NVIC_SetPriorityGrouping  stm32f4xx_hal_cortex.o
    0x080027c4   0x080027c4   0x00000184   Code   RO          797    i.HAL_RCC_ClockConfig  stm32f4xx_hal_rcc.o
    0x08002948   0x08002948   0x0000000c   Code   RO          802    i.HAL_RCC_GetHCLKFreq  stm32f4xx_hal_rcc.o
    0x08002954   0x08002954   0x00000020   Code   RO          804    i.HAL_RCC_GetPCLK1Freq  stm32f4xx_hal_rcc.o
    0x08002974   0x08002974   0x00000020   Code   RO          805    i.HAL_RCC_GetPCLK2Freq  stm32f4xx_hal_rcc.o
    0x08002994   0x08002994   0x000000b0   Code   RO          806    i.HAL_RCC_GetSysClockFreq  stm32f4xx_hal_rcc.o
    0x08002a44   0x08002a44   0x0000049c   Code   RO          809    i.HAL_RCC_OscConfig  stm32f4xx_hal_rcc.o
    0x08002ee0   0x08002ee0   0x00000034   Code   RO         1596    i.HAL_SYSTICK_Config  stm32f4xx_hal_cortex.o
    0x08002f14   0x08002f14   0x00000072   Code   RO         2043    i.HAL_UART_Init     stm32f4xx_hal_uart.o
    0x08002f86   0x08002f86   0x00000002   PAD
    0x08002f88   0x08002f88   0x00000278   Code   RO          391    i.HAL_UART_MspInit  usart.o
    0x08003200   0x08003200   0x00000004   Code   RO          446    i.HardFault_Handler  stm32f4xx_it.o
    0x08003204   0x08003204   0x00000044   Code   RO          319    i.MX_CAN1_Init      can.o
    0x08003248   0x08003248   0x00000044   Code   RO          320    i.MX_CAN2_Init      can.o
    0x0800328c   0x0800328c   0x00000068   Code   RO          366    i.MX_DMA_Init       dma.o
    0x080032f4   0x080032f4   0x00000044   Code   RO          233    i.MX_FREERTOS_Init  freertos.o
    0x08003338   0x08003338   0x000000e8   Code   RO          209    i.MX_GPIO_Init      gpio.o
    0x08003420   0x08003420   0x00000038   Code   RO          392    i.MX_USART1_UART_Init  usart.o
    0x08003458   0x08003458   0x00000038   Code   RO          393    i.MX_USART6_UART_Init  usart.o
    0x08003490   0x08003490   0x00000004   Code   RO          447    i.MemManage_Handler  stm32f4xx_it.o
    0x08003494   0x08003494   0x00000004   Code   RO          448    i.NMI_Handler       stm32f4xx_it.o
    0x08003498   0x08003498   0x0000024c   Code   RO         3876    i.OLS_Derivative    user_lib.o
    0x080036e4   0x080036e4   0x00000058   Code   RO         3877    i.OLS_Init          user_lib.o
    0x0800373c   0x0800373c   0x000002d0   Code   RO         4700    i.PID_Calculate     controller.o
    0x08003a0c   0x08003a0c   0x000002e8   Code   RO         4701    i.PID_Calculate_Angle  controller.o
    0x08003cf4   0x08003cf4   0x000000bc   Code   RO         4702    i.PID_Init          controller.o
    0x08003db0   0x08003db0   0x00000008   Code   RO         4703    i.Set_KP            controller.o
    0x08003db8   0x08003db8   0x00000030   Code   RO         4802    i.Sign              td.o
    0x08003de8   0x08003de8   0x00000014   Code   RO          449    i.SysTick_Handler   stm32f4xx_it.o
    0x08003dfc   0x08003dfc   0x000000b4   Code   RO           14    i.SystemClock_Config  main.o
    0x08003eb0   0x08003eb0   0x00000014   Code   RO         2382    i.SystemInit        system_stm32f4xx.o
    0x08003ec4   0x08003ec4   0x00000208   Code   RO         4803    i.TD_calc           td.o
    0x080040cc   0x080040cc   0x00000028   Code   RO         4805    i.TD_init           td.o
    0x080040f4   0x080040f4   0x00000006   Code   RO         4806    i.TD_set_r          td.o
    0x080040fa   0x080040fa   0x00000006   Code   RO         4807    i.TD_set_x          td.o
    0x08004100   0x08004100   0x0000005c   Code   RO         4109    i.TX_code           a_communicate_task.o
    0x0800415c   0x0800415c   0x0000022c   Code   RO         2070    i.UART_SetConfig    stm32f4xx_hal_uart.o
    0x08004388   0x08004388   0x00000004   Code   RO          450    i.UsageFault_Handler  stm32f4xx_it.o
    0x0800438c   0x0800438c   0x00000010   Code   RO         1598    i.__NVIC_GetPriorityGrouping  stm32f4xx_hal_cortex.o
    0x0800439c   0x0800439c   0x00000028   Code   RO         1599    i.__NVIC_SetPriority  stm32f4xx_hal_cortex.o
    0x080043c4   0x080043c4   0x00000150   Code   RO         5181    i.__hardfp_cosf     m_wm.l(cosf.o)
    0x08004514   0x08004514   0x00000014   Code   RO         5193    i.__hardfp_fabs     m_wm.l(fabs.o)
    0x08004528   0x08004528   0x0000007a   Code   RO         5223    i.__hardfp_sqrt     m_wm.l(sqrt_full.o)
    0x080045a2   0x080045a2   0x00000006   Code   RO         5379    i.__mathlib_flt_infnan  m_wm.l(funder.o)
    0x080045a8   0x080045a8   0x00000010   Code   RO         5381    i.__mathlib_flt_invalid  m_wm.l(funder.o)
    0x080045b8   0x080045b8   0x00000154   Code   RO         5397    i.__mathlib_rredf2  m_wm.l(rredf.o)
    0x0800470c   0x0800470c   0x00000334   Code   RO         4451    i.arm_control_init  arm_control_task.o
    0x08004a40   0x08004a40   0x000002d4   Code   RO         4452    i.arm_control_loop  arm_control_task.o
    0x08004d14   0x08004d14   0x00000254   Code   RO         4453    i.arm_feedback_update  arm_control_task.o
    0x08004f68   0x08004f68   0x00000250   Code   RO         4454    i.arm_set_control   arm_control_task.o
    0x080051b8   0x080051b8   0x0000037c   Code   RO         4455    i.arm_set_mode      arm_control_task.o
    0x08005534   0x08005534   0x0000017c   Code   RO         4456    i.arm_task          arm_control_task.o
    0x080056b0   0x080056b0   0x0000005c   Code   RO         4515    i.can_filter_init   bsp_can.o
    0x0800570c   0x0800570c   0x000000f0   Code   RO         4704    i.f_Changing_Integration_Rate  controller.o
    0x080057fc   0x080057fc   0x00000056   Code   RO         4705    i.f_Derivative_Filter  controller.o
    0x08005852   0x08005852   0x000000f4   Code   RO         4706    i.f_Derivative_On_Measurement  controller.o
    0x08005946   0x08005946   0x00000002   PAD
    0x08005948   0x08005948   0x000000f0   Code   RO         4707    i.f_Integral_Limit  controller.o
    0x08005a38   0x08005a38   0x00000056   Code   RO         4708    i.f_Output_Filter   controller.o
    0x08005a8e   0x08005a8e   0x00000046   Code   RO         4709    i.f_Output_Limit    controller.o
    0x08005ad4   0x08005ad4   0x000000b4   Code   RO         4710    i.f_PID_ErrorHandle  controller.o
    0x08005b88   0x08005b88   0x00000046   Code   RO         4711    i.f_Proportion_Limit  controller.o
    0x08005bce   0x08005bce   0x00000080   Code   RO         4712    i.f_Trapezoid_Intergral  controller.o
    0x08005c4e   0x08005c4e   0x00000032   Code   RO         4272    i.float_to_uint     can_receive.o
    0x08005c80   0x08005c80   0x00000034   Code   RO         4808    i.fsg               td.o
    0x08005cb4   0x08005cb4   0x000000c8   Code   RO         4273    i.get_DM_motor_1_measure  can_receive.o
    0x08005d7c   0x08005d7c   0x000000c8   Code   RO         4274    i.get_DM_motor_2_measure  can_receive.o
    0x08005e44   0x08005e44   0x000000c8   Code   RO         4275    i.get_DM_motor_3_measure  can_receive.o
    0x08005f0c   0x08005f0c   0x00000010   Code   RO         3220    i.inHandlerMode     cmsis_os.o
    0x08005f1c   0x08005f1c   0x00000016   Code   RO         3886    i.int16_constrain   user_lib.o
    0x08005f32   0x08005f32   0x00000060   Code   RO         3889    i.loop_fp32_constrain  user_lib.o
    0x08005f92   0x08005f92   0x0000003e   Code   RO           15    i.main              main.o
    0x08005fd0   0x08005fd0   0x0000000e   Code   RO         3222    i.makeFreeRtosPriority  cmsis_os.o
    0x08005fde   0x08005fde   0x00000018   Code   RO         3224    i.osDelay           cmsis_os.o
    0x08005ff6   0x08005ff6   0x0000000a   Code   RO         3227    i.osKernelStart     cmsis_os.o
    0x08006000   0x08006000   0x00000014   Code   RO         3228    i.osKernelSysTick   cmsis_os.o
    0x08006014   0x08006014   0x0000005e   Code   RO         3261    i.osThreadCreate    cmsis_os.o
    0x08006072   0x08006072   0x00000002   PAD
    0x08006074   0x08006074   0x00000098   Code   RO         2893    i.prvAddCurrentTaskToDelayedList  tasks.o
    0x0800610c   0x0800610c   0x000000b4   Code   RO         2894    i.prvAddNewTaskToReadyList  tasks.o
    0x080061c0   0x080061c0   0x00000048   Code   RO         2895    i.prvCheckTasksWaitingTermination  tasks.o
    0x08006208   0x08006208   0x00000050   Code   RO         2896    i.prvDeleteTCB      tasks.o
    0x08006258   0x08006258   0x0000007c   Code   RO         3589    i.prvHeapInit       heap_4.o
    0x080062d4   0x080062d4   0x00000028   Code   RO         2897    i.prvIdleTask       tasks.o
    0x080062fc   0x080062fc   0x000000b4   Code   RO         2898    i.prvInitialiseNewTask  tasks.o
    0x080063b0   0x080063b0   0x00000068   Code   RO         2899    i.prvInitialiseTaskLists  tasks.o
    0x08006418   0x08006418   0x00000068   Code   RO         3590    i.prvInsertBlockIntoFreeList  heap_4.o
    0x08006480   0x08006480   0x00000034   Code   RO         2900    i.prvResetNextTaskUnblockTime  tasks.o
    0x080064b4   0x080064b4   0x00000040   Code   RO         3657    i.prvTaskExitError  port.o
    0x080064f4   0x080064f4   0x0000014c   Code   RO         3591    i.pvPortMalloc      heap_4.o
    0x08006640   0x08006640   0x0000002c   Code   RO         3658    i.pxPortInitialiseStack  port.o
    0x0800666c   0x0800666c   0x00000014   Code   RO         4276    i.return_2006_measure  can_receive.o
    0x08006680   0x08006680   0x00000008   Code   RO         4277    i.return_3508_measure  can_receive.o
    0x08006688   0x08006688   0x00000010   Code   RO         4278    i.return_4310_measure  can_receive.o
    0x08006698   0x08006698   0x00000034   Code   RO         4620    i.uart1_init        bsp_usart.o
    0x080066cc   0x080066cc   0x00000034   Code   RO         4621    i.uart6_init        bsp_usart.o
    0x08006700   0x08006700   0x00000034   Code   RO         4279    i.uint_to_float     can_receive.o
    0x08006734   0x08006734   0x00000028   Code   RO         2519    i.uxListRemove      list.o
    0x0800675c   0x0800675c   0x00000018   Code   RO          234    i.vApplicationGetIdleTaskMemory  freertos.o
    0x08006774   0x08006774   0x0000001a   Code   RO         2520    i.vListInitialise   list.o
    0x0800678e   0x0800678e   0x00000006   Code   RO         2521    i.vListInitialiseItem  list.o
    0x08006794   0x08006794   0x00000034   Code   RO         2522    i.vListInsert       list.o
    0x080067c8   0x080067c8   0x00000018   Code   RO         2523    i.vListInsertEnd    list.o
    0x080067e0   0x080067e0   0x00000054   Code   RO         3660    i.vPortEnterCritical  port.o
    0x08006834   0x08006834   0x0000003c   Code   RO         3661    i.vPortExitCritical  port.o
    0x08006870   0x08006870   0x000000a4   Code   RO         3592    i.vPortFree         heap_4.o
    0x08006914   0x08006914   0x00000028   Code   RO         3662    i.vPortSetupTimerInterrupt  port.o
    0x0800693c   0x0800693c   0x00000078   Code   RO         3663    i.vPortValidateInterruptPriority  port.o
    0x080069b4   0x080069b4   0x0000005c   Code   RO         2909    i.vTaskDelay        tasks.o
    0x08006a10   0x08006a10   0x000000b0   Code   RO         2922    i.vTaskStartScheduler  tasks.o
    0x08006ac0   0x08006ac0   0x00000010   Code   RO         2924    i.vTaskSuspendAll   tasks.o
    0x08006ad0   0x08006ad0   0x0000008c   Code   RO         2925    i.vTaskSwitchContext  tasks.o
    0x08006b5c   0x08006b5c   0x00000168   Code   RO         3664    i.xPortStartScheduler  port.o
    0x08006cc4   0x08006cc4   0x00000034   Code   RO         3665    i.xPortSysTickHandler  port.o
    0x08006cf8   0x08006cf8   0x00000064   Code   RO         2928    i.xTaskCreate       tasks.o
    0x08006d5c   0x08006d5c   0x000000ba   Code   RO         2929    i.xTaskCreateStatic  tasks.o
    0x08006e16   0x08006e16   0x00000002   PAD
    0x08006e18   0x08006e18   0x00000020   Code   RO         2933    i.xTaskGetSchedulerState  tasks.o
    0x08006e38   0x08006e38   0x0000000c   Code   RO         2934    i.xTaskGetTickCount  tasks.o
    0x08006e44   0x08006e44   0x00000014   Code   RO         2935    i.xTaskGetTickCountFromISR  tasks.o
    0x08006e58   0x08006e58   0x00000148   Code   RO         2936    i.xTaskIncrementTick  tasks.o
    0x08006fa0   0x08006fa0   0x00000104   Code   RO         2942    i.xTaskResumeAll    tasks.o
    0x080070a4   0x080070a4   0x000002c4   Code   RO         5119    x$fpl$d2f           g_wm.l(d2f_clz.o)
    0x08007368   0x08007368   0x0000024c   Code   RO         5121    x$fpl$dadd          g_wm.l(daddsub_clz.o)
    0x080075b4   0x080075b4   0x00000018   Code   RO         5336    x$fpl$dcmpinf       g_wm.l(dcmpi.o)
    0x080075cc   0x080075cc   0x0000001a   Code   RO         5133    x$fpl$dfltn         g_wm.l(dflt_clz.o)
    0x080075e6   0x080075e6   0x00000002   PAD
    0x080075e8   0x080075e8   0x00000078   Code   RO         5137    x$fpl$dleqf         g_wm.l(dleqf.o)
    0x08007660   0x08007660   0x000001c0   Code   RO         5139    x$fpl$dmul          g_wm.l(dmul_clz.o)
    0x08007820   0x08007820   0x00000102   Code   RO         5338    x$fpl$dnaninf       g_wm.l(dnaninf.o)
    0x08007922   0x08007922   0x00000070   Code   RO         5340    x$fpl$drenorm       g_wm.l(drenorm_clz.o)
    0x08007992   0x08007992   0x0000000c   Code   RO         5342    x$fpl$dretinf       g_wm.l(dretinf.o)
    0x0800799e   0x0800799e   0x00000002   PAD
    0x080079a0   0x080079a0   0x00000208   Code   RO         5344    x$fpl$dsqrt         g_wm.l(dsqrt_umaalclz.o)
    0x08007ba8   0x08007ba8   0x0000029c   Code   RO         5123    x$fpl$dsub          g_wm.l(daddsub_clz.o)
    0x08007e44   0x08007e44   0x0000017a   Code   RO         5346    x$fpl$dunder        g_wm.l(dunder_clz.o)
    0x08007fbe   0x08007fbe   0x00000002   PAD
    0x08007fc0   0x08007fc0   0x000001ec   Code   RO         5348    x$fpl$exception     g_wm.l(except.o)
    0x080081ac   0x080081ac   0x0000007a   Code   RO         5143    x$fpl$f2d           g_wm.l(f2d.o)
    0x08008226   0x08008226   0x000000f2   Code   RO         5350    x$fpl$fnaninf       g_wm.l(fnaninf.o)
    0x08008318   0x08008318   0x0000000a   Code   RO         5456    x$fpl$fpinit        g_wm.l(fpinit.o)
    0x08008322   0x08008322   0x0000000a   Code   RO         5352    x$fpl$fretinf       g_wm.l(fretinf.o)
    0x0800832c   0x0800832c   0x0000013c   Code   RO         5354    x$fpl$funder        g_wm.l(funder_clz.o)
    0x08008468   0x08008468   0x000000b2   Code   RO         5458    x$fpl$retnan        g_wm.l(retnan.o)
    0x0800851a   0x0800851a   0x0000007e   Code   RO         5356    x$fpl$trapveneer    g_wm.l(trapv.o)
    0x08008598   0x08008598   0x00000000   Code   RO         5358    x$fpl$usenofp       g_wm.l(usenofp.o)
    0x08008598   0x08008598   0x00000038   Data   RO          236    .constdata          freertos.o
    0x080085d0   0x080085d0   0x00000008   Data   RO         1315    .constdata          stm32f4xx_hal_dma.o
    0x080085d8   0x080085d8   0x00000018   Data   RO         2383    .constdata          system_stm32f4xx.o
    0x080085f0   0x080085f0   0x00000020   Data   RO         5398    .constdata          m_wm.l(rredf.o)
    0x08008610   0x08008610   0x00000024   Data   RO          237    .conststring        freertos.o
    0x08008634   0x08008634   0x00000020   Data   RO         5551    Region$$Table       anon$$obj.o


    Execution Region RW_IRAM1 (Exec base: 0x20000000, Load base: 0x08008654, Size: 0x000051a0, Max: 0x0001c000, ABSOLUTE, COMPRESSED[0x0000006c])

    Exec Addr    Load Addr    Size         Type   Attr      Idx    E Section Name        Object

    0x20000000   COMPRESSED   0x0000000c   Data   RW          238    .data               freertos.o
    0x2000000c   COMPRESSED   0x00000004   Data   RW          322    .data               can.o
    0x20000010   COMPRESSED   0x00000009   Data   RW         1747    .data               stm32f4xx_hal.o
    0x20000019   COMPRESSED   0x00000003   PAD
    0x2000001c   COMPRESSED   0x00000004   Data   RW         2384    .data               system_stm32f4xx.o
    0x20000020   COMPRESSED   0x0000003c   Data   RW         2945    .data               tasks.o
    0x2000005c   COMPRESSED   0x00000020   Data   RW         3598    .data               heap_4.o
    0x2000007c   COMPRESSED   0x0000000c   Data   RW         3666    .data               port.o
    0x20000088   COMPRESSED   0x0000000c   Data   RW         3894    .data               user_lib.o
    0x20000094   COMPRESSED   0x0000001d   Data   RW         4281    .data               can_receive.o
    0x200000b1   COMPRESSED   0x00000003   PAD
    0x200000b4   COMPRESSED   0x0000001c   Data   RW         4458    .data               arm_control_task.o
    0x200000d0   COMPRESSED   0x00000040   Data   RW         4552    .data               bsp_dwt.o
    0x20000110   COMPRESSED   0x00000254   Data   RW         4713    .data               controller.o
    0x20000364        -       0x00000254   Zero   RW          235    .bss                freertos.o
    0x200005b8        -       0x00000050   Zero   RW          321    .bss                can.o
    0x20000608        -       0x00000208   Zero   RW          394    .bss                usart.o
    0x20000810        -       0x000000f0   Zero   RW         2944    .bss                tasks.o
    0x20000900        -       0x00003c00   Zero   RW         3597    .bss                heap_4.o
    0x20004500        -       0x00000034   Zero   RW         4110    .bss                a_communicate_task.o
    0x20004534        -       0x000000b8   Zero   RW         4280    .bss                can_receive.o
    0x200045ec        -       0x00000554   Zero   RW         4457    .bss                arm_control_task.o
    0x20004b40        -       0x00000060   Zero   RW         5409    .bss                c_w.l(libspace.o)
    0x20004ba0        -       0x00000200   Zero   RW            2    HEAP                startup_stm32f407xx.o
    0x20004da0        -       0x00000400   Zero   RW            1    STACK               startup_stm32f407xx.o


    Execution Region RW_IRAM2 (Exec base: 0x2001c000, Load base: 0x080086c0, Size: 0x00000000, Max: 0x00004000, ABSOLUTE)

    **** No section assigned to this execution region ****


==============================================================================

Image component sizes


      Code (inc. data)   RO Data    RW Data    ZI Data      Debug   Object Name

       128         16          0          0         52      20475   a_communicate_task.o
      4004        260          0         28       1364       8966   arm_control_task.o
        92          8          0          0          0        606   bsp_can.o
       576        108          0         64          0       4715   bsp_dwt.o
       104         12          0          0          0       1402   bsp_usart.o
       488         44          0          4         80       2598   can.o
      3402        358          0         29        184      19082   can_receive.o
       178          0          0          0          0      29741   cmsis_os.o
      3004         46          0        596          0      11298   controller.o
       104          4          0          0          0        850   dma.o
         0          0          0          0          0      17060   event_groups.o
        92         24         92         12        596       3841   freertos.o
       232         10          0          0          0       1119   gpio.o
       724         74          0         32      15360       7647   heap_4.o
       148          0          0          0          0       3766   list.o
       248         10          0          0          0     702756   main.o
      1014         92          0         12          0      12425   port.o
        64         26        392          0       1536        876   startup_stm32f407xx.o
       172         32          0          9          0       8977   stm32f4xx_hal.o
      2134          6          0          0          0      14939   stm32f4xx_hal_can.o
       304         22          0          0          0      34687   stm32f4xx_hal_cortex.o
      1034         16          8          0          0       4048   stm32f4xx_hal_dma.o
       516         46          0          0          0       2223   stm32f4xx_hal_gpio.o
        84          6          0          0          0        922   stm32f4xx_hal_msp.o
      1820         84          0          0          0       5844   stm32f4xx_hal_rcc.o
       670         10          0          0          0       1956   stm32f4xx_hal_uart.o
       138         36          0          0          0       6747   stm32f4xx_it.o
         0          0          0          0          0        416   stream_buffer.o
        20          6         24          4          0       1223   system_stm32f4xx.o
      2222        288          0         60        240      22929   tasks.o
       672         26          0          0          0       4679   td.o
       744         68          0          0        520       2983   usart.o
       794         16          0         12          0     577010   user_lib.o

    ----------------------------------------------------------------------
     25944       1754        548        868      19932    1538806   Object Totals
         0          0         32          0          0          0   (incl. Generated)
        18          0          0          6          0          0   (incl. Padding)

    ----------------------------------------------------------------------

      Code (inc. data)   RO Data    RW Data    ZI Data      Debug   Library Member Name

        90          0          0          0          0          0   __dczerorl2.o
         8          0          0          0          0         68   __main.o
         0          0          0          0          0          0   __rtentry.o
        12          0          0          0          0          0   __rtentry2.o
         6          0          0          0          0          0   __rtentry4.o
        52          8          0          0          0          0   __scatter.o
        28          0          0          0          0          0   __scatter_zi.o
        48          4          0          0          0         84   _fptrap.o
        22          0          0          0          0        100   _rserrno.o
        10          0          0          0          0         68   defsig_exit.o
       172        110          0          0          0         76   defsig_fpe_inner.o
        14          0          0          0          0         80   defsig_fpe_outer.o
        50          0          0          0          0         88   defsig_general.o
        80         58          0          0          0         76   defsig_rtmem_inner.o
        14          0          0          0          0         80   defsig_rtmem_outer.o
        18          0          0          0          0         80   exit.o
        94          0          0          0          0         80   h1_alloc.o
        52          0          0          0          0         68   h1_extend.o
        78          0          0          0          0         80   h1_free.o
        14          0          0          0          0         84   h1_init.o
         6          0          0          0          0        152   heapauxi.o
         4          0          0          0          0        136   hguard.o
         0          0          0          0          0          0   indicate_semi.o
       138          0          0          0          0        168   init_alloc.o
         2          0          0          0          0          0   libinit.o
        14          0          0          0          0          0   libinit2.o
         2          0          0          0          0          0   libshutdown.o
         2          0          0          0          0          0   libshutdown2.o
         8          4          0          0         96         68   libspace.o
       238          0          0          0          0        100   lludivv7m.o
         0          0          0          0          0          0   maybetermalloc1.o
         8          4          0          0          0         68   rt_errno_addr_intlibspace.o
         8          4          0          0          0         68   rt_heap_descriptor_intlibspace.o
        68          0          0          0          0         68   rt_memclr.o
        78          0          0          0          0         80   rt_memclr_w.o
       100          0          0          0          0         80   rt_memcpy_w.o
         2          0          0          0          0          0   rtexit.o
        10          0          0          0          0          0   rtexit2.o
        12          4          0          0          0         68   sys_exit.o
        74          0          0          0          0         80   sys_stackheap_outer.o
        14          0          0          0          0         76   sys_wrch.o
         2          0          0          0          0         68   use_no_semi.o
       708         16          0          0          0        140   d2f_clz.o
      1256         28          0          0          0        408   daddsub_clz.o
        24          0          0          0          0        116   dcmpi.o
        26          0          0          0          0        116   dflt_clz.o
       120          8          0          0          0        140   dleqf.o
       448         16          0          0          0        164   dmul_clz.o
       258          4          0          0          0        156   dnaninf.o
       112          0          0          0          0        160   drenorm_clz.o
        12          0          0          0          0        116   dretinf.o
       520         56          0          0          0        180   dsqrt_umaalclz.o
       378          0          0          0          0        168   dunder_clz.o
       492         36          0          0          0        148   except.o
       122          8          0          0          0        132   f2d.o
       242          4          0          0          0        144   fnaninf.o
        10          0          0          0          0        116   fpinit.o
        10          0          0          0          0        116   fretinf.o
       316          0          0          0          0        132   funder_clz.o
       178          0          0          0          0        116   retnan.o
       126          0          0          0          0        148   trapv.o
         0          0          0          0          0          0   usenofp.o
       336         56          0          0          0        136   cosf.o
        20          0          0          0          0        124   fabs.o
        22          6          0          0          0        232   funder.o
       340         24         32          0          0        160   rredf.o
       122          0          0          0          0        148   sqrt_full.o

    ----------------------------------------------------------------------
      7864        458         32          0         96       6108   Library Totals
        14          0          0          0          0          0   (incl. Padding)

    ----------------------------------------------------------------------

      Code (inc. data)   RO Data    RW Data    ZI Data      Debug   Library Name

      1652        196          0          0         96       2392   c_w.l
      5358        176          0          0          0       2916   g_wm.l
       840         86         32          0          0        800   m_wm.l

    ----------------------------------------------------------------------
      7864        458         32          0         96       6108   Library Totals

    ----------------------------------------------------------------------

==============================================================================


      Code (inc. data)   RO Data    RW Data    ZI Data      Debug   

     33808       2212        580        868      20028    1525014   Grand Totals
     33808       2212        580        108      20028    1525014   ELF Image Totals (compressed)
     33808       2212        580        108          0          0   ROM Totals

==============================================================================

    Total RO  Size (Code + RO Data)                34388 (  33.58kB)
    Total RW  Size (RW Data + ZI Data)             20896 (  20.41kB)
    Total ROM Size (Code + RO Data + RW Data)      34496 (  33.69kB)

==============================================================================

