<html>
<body>
<pre>
<h1>µVision Build Log</h1>
<h2>Tool Versions:</h2>
IDE-Version: ¦ÌVision V5.31.0.0
Copyright (C) 2020 ARM Ltd and ARM Germany GmbH. All rights reserved.
License Information:  ,  , LIC=MPPLD-8STCB-FWU2N-Y7ZNI-7FG8G-2FI77
 
Tool Versions:
Toolchain:       MDK-ARM Plus  Version: 5.31.0.0
Toolchain Path:  G:\keil\KeilMDK\Keil_v5\ARM\ARMCC\Bin
C Compiler:      Armcc.exe V5.06 update 6 (build 750)
Assembler:       Armasm.exe V5.06 update 6 (build 750)
Linker/Locator:  ArmLink.exe V5.06 update 6 (build 750)
Library Manager: ArmAr.exe V5.06 update 6 (build 750)
Hex Converter:   FromElf.exe V5.06 update 6 (build 750)
CPU DLL:         SARMCM3.DLL V5.31.0.0
Dialog DLL:      DCM.DLL V1.17.3.0
Target DLL:      CMSIS_AGDI.dll V1.32.6.0
Dialog DLL:      TCM.DLL V1.46.0.0
 
<h2>Project:</h2>
C:\Users\qiyehwzi\Desktop\engineer_2025_little_cute\engineer2024_arm\MDK-ARM\engineer2024_arm_2.uvprojx
Project File Date:  01/16/2025

<h2>Output:</h2>
*** Using Compiler 'V5.06 update 6 (build 750)', folder: 'G:\keil\KeilMDK\Keil_v5\ARM\ARMCC\Bin'
Rebuild target 'engineer2024_arm_2'
assembling startup_stm32f407xx.s...
compiling gpio.c...
compiling usart.c...
compiling stm32f4xx_hal_msp.c...
compiling dma.c...
compiling can.c...
compiling stm32f4xx_hal_rcc_ex.c...
compiling stm32f4xx_hal_flash.c...
compiling stm32f4xx_hal_can.c...
compiling stm32f4xx_it.c...
compiling stm32f4xx_hal_rcc.c...
compiling main.c...
compiling freertos.c...
compiling stm32f4xx_hal_flash_ramfunc.c...
compiling stm32f4xx_hal_tim.c...
compiling stm32f4xx_hal_pwr_ex.c...
compiling stm32f4xx_hal_tim_ex.c...
compiling stm32f4xx_hal_dma.c...
compiling stm32f4xx_hal_pwr.c...
compiling stm32f4xx_hal_exti.c...
compiling croutine.c...
compiling stm32f4xx_hal_flash_ex.c...
compiling stm32f4xx_hal.c...
compiling event_groups.c...
compiling stm32f4xx_hal_gpio.c...
compiling stm32f4xx_hal_cortex.c...
compiling stm32f4xx_hal_dma_ex.c...
compiling list.c...
compiling timers.c...
compiling heap_4.c...
compiling queue.c...
compiling stream_buffer.c...
compiling sin.c...
compiling tasks.c...
compiling port.c...
compiling cmsis_os.c...
compiling system_stm32f4xx.c...
compiling bsp_usart.c...
compiling bsp_dwt.c...
compiling Butterworth_Filter.c...
compiling bsp_can.c...
compiling CAN_receive.c...
compiling TD.c...
compiling pid.c...
compiling controller.c...
compiling AHRS_middleware.c...
compiling user_lib.c...
compiling stm32f4xx_hal_uart.c...
compiling A_communicate_task.c...
compiling arm_control_task.c...
linking...
Program Size: Code=33808 RO-data=580 RW-data=868 ZI-data=20028  
FromELF: creating hex file...
".\engineer2024_arm_2\engineer2024_arm_2.elf" - 0 Error(s), 0 Warning(s).

<h2>Software Packages used:</h2>

Package Vendor: ARM
                http://www.keil.com/pack/ARM.CMSIS.5.7.0.pack
                ARM.CMSIS.5.7.0
                CMSIS (Cortex Microcontroller Software Interface Standard)
   * Component: CORE Version: 5.4.0

Package Vendor: Keil
                http://www.keil.com/pack/Keil.STM32F4xx_DFP.2.16.0.pack
                Keil.STM32F4xx_DFP.2.16.0
                STMicroelectronics STM32F4 Series Device Support, Drivers and Examples

<h2>Collection of Component include folders:</h2>
  .\RTE\_engineer2024_arm_2
  G:\keil\KeilMDK\packs\ARM\CMSIS\5.7.0\CMSIS\Core\Include
  G:\keil\KeilMDK\packs\Keil\STM32F4xx_DFP\2.16.0\Drivers\CMSIS\Device\ST\STM32F4xx\Include

<h2>Collection of Component Files used:</h2>

   * Component: ARM::CMSIS:CORE:5.4.0
      Include file:  CMSIS\Core\Include\tz_context.h
Build Time Elapsed:  00:00:19
</pre>
</body>
</html>
